Archive member included to satisfy reference by file (symbol)

app/libapp.a(main.c.obj)      (--whole-archive)
app/libapp.a(adc.c.obj)       (--whole-archive)
zephyr/libzephyr.a(heap.c.obj)
                              (--whole-archive)
zephyr/libzephyr.a(cbprintf_packaged.c.obj)
                              (--whole-archive)
zephyr/libzephyr.a(printk.c.obj)
                              (--whole-archive)
zephyr/libzephyr.a(sem.c.obj)
                              (--whole-archive)
zephyr/libzephyr.a(thread_entry.c.obj)
                              (--whole-archive)
zephyr/libzephyr.a(cbprintf_complete.c.obj)
                              (--whole-archive)
zephyr/libzephyr.a(assert.c.obj)
                              (--whole-archive)
zephyr/libzephyr.a(mpsc_pbuf.c.obj)
                              (--whole-archive)
zephyr/libzephyr.a(dec.c.obj)
                              (--whole-archive)
zephyr/libzephyr.a(hex.c.obj)
                              (--whole-archive)
zephyr/libzephyr.a(rb.c.obj)  (--whole-archive)
zephyr/libzephyr.a(timeutil.c.obj)
                              (--whole-archive)
zephyr/libzephyr.a(bitarray.c.obj)
                              (--whole-archive)
zephyr/libzephyr.a(onoff.c.obj)
                              (--whole-archive)
zephyr/libzephyr.a(notify.c.obj)
                              (--whole-archive)
zephyr/libzephyr.a(configs.c.obj)
                              (--whole-archive)
zephyr/libzephyr.a(log_core.c.obj)
                              (--whole-archive)
zephyr/libzephyr.a(log_mgmt.c.obj)
                              (--whole-archive)
zephyr/libzephyr.a(log_cache.c.obj)
                              (--whole-archive)
zephyr/libzephyr.a(log_msg.c.obj)
                              (--whole-archive)
zephyr/libzephyr.a(log_output.c.obj)
                              (--whole-archive)
zephyr/libzephyr.a(log_backend_uart.c.obj)
                              (--whole-archive)
zephyr/libzephyr.a(mem_attr.c.obj)
                              (--whole-archive)
zephyr/libzephyr.a(tracing_none.c.obj)
                              (--whole-archive)
zephyr/libzephyr.a(banner.c.obj)
                              (--whole-archive)
zephyr/libzephyr.a(nrf_cc3xx_platform_abort_zephyr.c.obj)
                              (--whole-archive)
zephyr/libzephyr.a(nrf_cc3xx_platform_mutex_zephyr.c.obj)
                              (--whole-archive)
zephyr/arch/common/libarch__common.a(sw_isr_common.c.obj)
                              (--whole-archive)
zephyr/arch/arch/arm/core/libarch__arm__core.a(fatal.c.obj)
                              (--whole-archive)
zephyr/arch/arch/arm/core/libarch__arm__core.a(nmi.c.obj)
                              (--whole-archive)
zephyr/arch/arch/arm/core/libarch__arm__core.a(nmi_on_reset.S.obj)
                              (--whole-archive)
zephyr/arch/arch/arm/core/libarch__arm__core.a(tls.c.obj)
                              (--whole-archive)
zephyr/arch/arch/arm/core/cortex_m/libarch__arm__core__cortex_m.a(exc_exit.c.obj)
                              (--whole-archive)
zephyr/arch/arch/arm/core/cortex_m/libarch__arm__core__cortex_m.a(fault.c.obj)
                              (--whole-archive)
zephyr/arch/arch/arm/core/cortex_m/libarch__arm__core__cortex_m.a(fault_s.S.obj)
                              (--whole-archive)
zephyr/arch/arch/arm/core/cortex_m/libarch__arm__core__cortex_m.a(fpu.c.obj)
                              (--whole-archive)
zephyr/arch/arch/arm/core/cortex_m/libarch__arm__core__cortex_m.a(reset.S.obj)
                              (--whole-archive)
zephyr/arch/arch/arm/core/cortex_m/libarch__arm__core__cortex_m.a(scb.c.obj)
                              (--whole-archive)
zephyr/arch/arch/arm/core/cortex_m/libarch__arm__core__cortex_m.a(thread_abort.c.obj)
                              (--whole-archive)
zephyr/arch/arch/arm/core/cortex_m/libarch__arm__core__cortex_m.a(vector_table.S.obj)
                              (--whole-archive)
zephyr/arch/arch/arm/core/cortex_m/libarch__arm__core__cortex_m.a(swap.c.obj)
                              (--whole-archive)
zephyr/arch/arch/arm/core/cortex_m/libarch__arm__core__cortex_m.a(swap_helper.S.obj)
                              (--whole-archive)
zephyr/arch/arch/arm/core/cortex_m/libarch__arm__core__cortex_m.a(irq_manage.c.obj)
                              (--whole-archive)
zephyr/arch/arch/arm/core/cortex_m/libarch__arm__core__cortex_m.a(prep_c.c.obj)
                              (--whole-archive)
zephyr/arch/arch/arm/core/cortex_m/libarch__arm__core__cortex_m.a(thread.c.obj)
                              (--whole-archive)
zephyr/arch/arch/arm/core/cortex_m/libarch__arm__core__cortex_m.a(cpu_idle.c.obj)
                              (--whole-archive)
zephyr/arch/arch/arm/core/cortex_m/libarch__arm__core__cortex_m.a(irq_init.c.obj)
                              (--whole-archive)
zephyr/arch/arch/arm/core/cortex_m/libarch__arm__core__cortex_m.a(isr_wrapper.c.obj)
[...]
Memory Configuration

Name             Origin             Length             Attributes
FLASH            0x0000000000000000 0x0000000000100000 xr
RAM              0x0000000020000000 0x0000000000070000 xw
IDT_LIST         0x00000000ffff7fff 0x0000000000008000 xw
*default*        0x0000000000000000 0xffffffffffffffff

Linker script and memory map

                0x0000000000006dec                vfprintf = __l_vfprintf
                0x0000000000000000                vfscanf = __l_vfscanf
LOAD zephyr/CMakeFiles/zephyr_final.dir/misc/empty_file.c.obj
LOAD zephyr/CMakeFiles/zephyr_final.dir/isr_tables.c.obj
LOAD zephyr/CMakeFiles/offsets.dir/./arch/arm/core/offsets/offsets.c.obj
LOAD app/libapp.a
LOAD zephyr/libzephyr.a
LOAD zephyr/arch/common/libarch__common.a
LOAD zephyr/arch/arch/arm/core/libarch__arm__core.a
LOAD zephyr/arch/arch/arm/core/cortex_m/libarch__arm__core__cortex_m.a
LOAD zephyr/arch/arch/arm/core/cortex_m/cmse/libarch__arm__core__cortex_m__cmse.a
LOAD zephyr/arch/arch/arm/core/mpu/libarch__arm__core__mpu.a
LOAD zephyr/lib/libc/picolibc/liblib__libc__picolibc.a
LOAD zephyr/lib/libc/common/liblib__libc__common.a
LOAD zephyr/soc/soc/nrf5340/libsoc__nordic.a
LOAD zephyr/drivers/adc/libdrivers__adc.a
LOAD zephyr/drivers/clock_control/libdrivers__clock_control.a
LOAD zephyr/drivers/console/libdrivers__console.a
LOAD zephyr/drivers/gpio/libdrivers__gpio.a
LOAD zephyr/drivers/mbox/libdrivers__mbox.a
LOAD zephyr/drivers/pinctrl/libdrivers__pinctrl.a
LOAD zephyr/drivers/serial/libdrivers__serial.a
LOAD zephyr/drivers/timer/libdrivers__timer.a
LOAD modules/nrf/lib/dk_buttons_and_leds/lib..__nrf__lib__dk_buttons_and_leds.a
LOAD modules/nrf/drivers/hw_cc3xx/lib..__nrf__drivers__hw_cc3xx.a
LOAD modules/hal_nordic/nrfx/libmodules__hal_nordic__nrfx.a
LOAD zephyr/kernel/libkernel.a
LOAD c:/ncs/toolchains/ce3b5ff664/opt/zephyr-sdk/arm-zephyr-eabi/bin/../lib/gcc/arm-zephyr-eabi/12.2.0/thumb/v8-m.main/nofp\libgcc.a
LOAD zephyr/arch/common/libisr_tables.a
LOAD C:/ncs/v2.7.0/nrfxlib/crypto/nrf_cc312_platform/lib/cortex-m33/soft-float/no-interrupts/libnrf_cc312_platform_0.9.19.a
LOAD c:\ncs\toolchains\ce3b5ff664\opt\zephyr-sdk\arm-zephyr-eabi\bin\../lib/gcc/../../picolibc/arm-zephyr-eabi/lib/thumb/v8-m.main/nofp\libc.a
LOAD c:/ncs/toolchains/ce3b5ff664/opt/zephyr-sdk/arm-zephyr-eabi/bin/../lib/gcc/arm-zephyr-eabi/12.2.0/thumb/v8-m.main/nofp\libgcc.a
                0x0000000000000020                _region_min_align = 0x20

.rel.plt        0x0000000000000000        0x0
 *(SORT_BY_ALIGNMENT(.rel.plt))
                [!provide]                        PROVIDE (__rel_iplt_start = .)
 *(SORT_BY_ALIGNMENT(.rel.iplt))
 .rel.iplt      0x0000000000000000        0x0 zephyr/CMakeFiles/zephyr_final.dir/isr_tables.c.obj
                [!provide]                        PROVIDE (__rel_iplt_end = .)

.rela.plt       0x0000000000000000        0x0
 *(SORT_BY_ALIGNMENT(.rela.plt))
                [!provide]                        PROVIDE (__rela_iplt_start = .)
 *(SORT_BY_ALIGNMENT(.rela.iplt))
                [!provide]                        PROVIDE (__rela_iplt_end = .)

.rel.dyn
 *(SORT_BY_ALIGNMENT(.rel.*))

.rela.dyn
 *(SORT_BY_ALIGNMENT(.rela.*))

/DISCARD/
 *(SORT_BY_ALIGNMENT(.plt))

/DISCARD/
 *(SORT_BY_ALIGNMENT(.iplt))
                0x0000000000000000                __rom_region_start = 0x0

rom_start       0x0000000000000000      0x154
                0x0000000000000000                __rom_start_address = .
 FILL mask 0x00
                0x0000000000000000                . = (. + (0x0 - (. - __rom_start_address)))
                0x0000000000000000                . = ALIGN (0x4)
                0x0000000000000000                . = ALIGN (0x80)
                0x0000000000000000                . = ALIGN (0x200)
                0x0000000000000000                _vector_start = .
 *(SORT_BY_ALIGNMENT(.exc_vector_table))
 *(SORT_BY_ALIGNMENT(.exc_vector_table.*))
 .exc_vector_table._vector_table_section
                0x0000000000000000       0x40 zephyr/arch/arch/arm/core/cortex_m/libarch__arm__core__cortex_m.a(vector_table.S.obj)
                0x0000000000000000                _vector_table
 *(SORT_BY_ALIGNMENT(.vectors))
                0x0000000000000154                _vector_end = .
                0x0000000000000040                . = ALIGN (0x4)
 *(SORT_BY_ALIGNMENT(.gnu.linkonce.irq_vector_table*))
 .gnu.linkonce.irq_vector_table
                0x0000000000000040      0x114 zephyr/CMakeFiles/zephyr_final.dir/isr_tables.c.obj
                0x0000000000000040                _irq_vector_table
                0x0000000000000154                _vector_end = .

text            0x0000000000000154     0x89c4
                0x0000000000000154                __text_region_start = .
 *(SORT_BY_ALIGNMENT(.text))
 .text          0x0000000000000154       0x30 c:/ncs/toolchains/ce3b5ff664/opt/zephyr-sdk/arm-zephyr-eabi/bin/../lib/gcc/arm-zephyr-eabi/12.2.0/thumb/v8-m.main/nofp\libgcc.a(_aeabi_uldivmod.o)
                0x0000000000000154                __aeabi_uldivmod
 .text          0x0000000000000184        0x4 c:/ncs/toolchains/ce3b5ff664/opt/zephyr-sdk/arm-zephyr-eabi/bin/../lib/gcc/arm-zephyr-eabi/12.2.0/thumb/v8-m.main/nofp\libgcc.a(_dvmd_tls.o)
                0x0000000000000184                __aeabi_idiv0
                0x0000000000000184                __aeabi_ldiv0
 .text          0x0000000000000188      0x29c c:/ncs/toolchains/ce3b5ff664/opt/zephyr-sdk/arm-zephyr-eabi/bin/../lib/gcc/arm-zephyr-eabi/12.2.0/thumb/v8-m.main/nofp\libgcc.a(_udivmoddi4.o)
                0x0000000000000188                __udivmoddi4
 .text          0x0000000000000424       0x10 c:\ncs\toolchains\ce3b5ff664\opt\zephyr-sdk\arm-zephyr-eabi\bin\../lib/gcc/../../picolibc/arm-zephyr-eabi/lib/thumb/v8-m.main/nofp\libc.a(strlen.S.o)
                0x0000000000000424                strlen
 *(SORT_BY_ALIGNMENT(.text.*))
 .text.button_changed
                0x0000000000000434       0x54 app/libapp.a(main.c.obj)
 .text.main     0x0000000000000488       0xbc app/libapp.a(main.c.obj)
                0x0000000000000488                main
 .text.initializeADC
                0x0000000000000544       0x5c app/libapp.a(adc.c.obj)
                0x0000000000000544                initializeADC
 .text.readADCValue
                0x00000000000005a0      0x10c app/libapp.a(adc.c.obj)
                0x00000000000005a0                readADCValue
 .text.cbvprintf_package
                0x00000000000006ac      0x3a4 zephyr/libzephyr.a(cbprintf_packaged.c.obj)
                0x00000000000006ac                cbvprintf_package
 .text.cbprintf_package_convert
                0x0000000000000a50      0x3c0 zephyr/libzephyr.a(cbprintf_packaged.c.obj)
                0x0000000000000a50                cbprintf_package_convert
 .text.__printk_hook_install
                0x0000000000000e10        0xc zephyr/libzephyr.a(printk.c.obj)
                0x0000000000000e10                __printk_hook_install
 .text.z_thread_entry
                0x0000000000000e1c       0x34 zephyr/libzephyr.a(thread_entry.c.obj)
                0x0000000000000e1c                z_thread_entry
 .text.process_event
                0x0000000000000e50      0x21c zephyr/libzephyr.a(onoff.c.obj)
 .text.activate_foreach_backend
                0x000000000000106c       0x64 zephyr/libzephyr.a(log_core.c.obj)
 .text.enable_logger
                0x00000000000010d0       0x5c zephyr/libzephyr.a(log_core.c.obj)
 .text.log_process_thread_timer_expiry_fn
                0x000000000000112c        0xc zephyr/libzephyr.a(log_core.c.obj)
 .text.z_log_init
                0x0000000000001138       0x90 zephyr/libzephyr.a(log_core.c.obj)
 .text.log_format_func_t_get
                0x00000000000011c8        0xc zephyr/libzephyr.a(log_core.c.obj)
                0x00000000000011c8                log_format_func_t_get
 .text.log_set_timestamp_func
                0x00000000000011d4       0x20 zephyr/libzephyr.a(log_core.c.obj)
                0x00000000000011d4                log_set_timestamp_func
 .text.z_log_notify_backend_enabled
                0x00000000000011f4       0x1c zephyr/libzephyr.a(log_core.c.obj)
                0x00000000000011f4                z_log_notify_backend_enabled
 .text.z_log_dropped
                0x0000000000001210       0x28 zephyr/libzephyr.a(log_core.c.obj)
                0x0000000000001210                z_log_dropped
 .text.z_log_dropped_read_and_clear
                0x0000000000001238       0x18 zephyr/libzephyr.a(log_core.c.obj)
                0x0000000000001238                z_log_dropped_read_and_clear
 .text.dropped_notify
                0x0000000000001250       0x30 zephyr/libzephyr.a(log_core.c.obj)
                0x0000000000001250                dropped_notify
 .text.z_log_msg_init
                0x0000000000001280       0x20 zephyr/libzephyr.a(log_core.c.obj)
                0x0000000000001280                z_log_msg_init
 .text.log_core_init
                0x00000000000012a0       0x34 zephyr/libzephyr.a(log_core.c.obj)
                0x00000000000012a0                log_core_init
 .text.z_log_msg_alloc
                0x00000000000012d4       0x10 zephyr/libzephyr.a(log_core.c.obj)
                0x00000000000012d4                z_log_msg_alloc
 .text.z_log_msg_local_claim
                0x00000000000012e4        0xc zephyr/libzephyr.a(log_core.c.obj)
                0x00000000000012e4                z_log_msg_local_claim
 .text.z_log_msg_free
                0x00000000000012f0       0x10 zephyr/libzephyr.a(log_core.c.obj)
                0x00000000000012f0                z_log_msg_free
 .text.z_log_msg_pending
                0x0000000000001300        0xc zephyr/libzephyr.a(log_core.c.obj)
                0x0000000000001300                z_log_msg_pending
 .text.z_impl_log_process
                0x000000000000130c       0xb4 zephyr/libzephyr.a(log_core.c.obj)
                0x000000000000130c                z_impl_log_process
 .text.z_impl_log_panic
                0x00000000000013c0       0x44 zephyr/libzephyr.a(log_core.c.obj)
                0x00000000000013c0                z_impl_log_panic
 .text.log_process_thread_func
                0x0000000000001404       0xa4 zephyr/libzephyr.a(log_core.c.obj)
 .text.z_log_msg_post_finalize
                0x00000000000014a8       0x78 zephyr/libzephyr.a(log_core.c.obj)
 .text.z_log_msg_commit
                0x0000000000001520       0x24 zephyr/libzephyr.a(log_core.c.obj)
                0x0000000000001520                z_log_msg_commit
 .text.log_source_name_get
                0x0000000000001544       0x1c zephyr/libzephyr.a(log_mgmt.c.obj)
                0x0000000000001544                log_source_name_get
 .text.log_backend_enable
                0x0000000000001560       0x28 zephyr/libzephyr.a(log_mgmt.c.obj)
                0x0000000000001560                log_backend_enable
 .text.z_impl_z_log_msg_static_create
                0x0000000000001588      0x108 zephyr/libzephyr.a(log_msg.c.obj)
                0x0000000000001588                z_impl_z_log_msg_static_create
 .text.z_log_msg_runtime_vcreate
                0x0000000000001690       0x8c zephyr/libzephyr.a(log_msg.c.obj)
                0x0000000000001690                z_log_msg_runtime_vcreate
 .text.log_msg_get_source_id
                0x000000000000171c       0x18 zephyr/libzephyr.a(log_msg.c.obj)
                0x000000000000171c                log_msg_get_source_id
 .text.print_formatted
                0x0000000000001734       0x24 zephyr/libzephyr.a(log_output.c.obj)
 .text.newline_print
                0x0000000000001758       0x1c zephyr/libzephyr.a(log_output.c.obj)
 .text.log_output_process
                0x0000000000001774      0x2d4 zephyr/libzephyr.a(log_output.c.obj)
                0x0000000000001774                log_output_process
 .text.log_output_dropped_process
                0x0000000000001a48       0x58 zephyr/libzephyr.a(log_output.c.obj)
                0x0000000000001a48                log_output_dropped_process
 .text.log_output_timestamp_freq_set
                0x0000000000001aa0       0x2c zephyr/libzephyr.a(log_output.c.obj)
                0x0000000000001aa0                log_output_timestamp_freq_set
 .text.char_out
                0x0000000000001acc       0x24 zephyr/libzephyr.a(log_backend_uart.c.obj)
 .text.mem_attr_get_regions
                0x0000000000001af0        0xc zephyr/libzephyr.a(mem_attr.c.obj)
                0x0000000000001af0                mem_attr_get_regions
 .text.boot_banner
                0x0000000000001afc       0x1c zephyr/libzephyr.a(banner.c.obj)
                0x0000000000001afc                boot_banner
 .text.nrf_cc3xx_platform_abort_init
                0x0000000000001b18        0xc zephyr/libzephyr.a(nrf_cc3xx_platform_abort_zephyr.c.obj)
                0x0000000000001b18                nrf_cc3xx_platform_abort_init
 .text.mutex_free_platform
                0x0000000000001b24       0x54 zephyr/libzephyr.a(nrf_cc3xx_platform_mutex_zephyr.c.obj)
 .text.mutex_lock_platform
                0x0000000000001b78       0x74 zephyr/libzephyr.a(nrf_cc3xx_platform_mutex_zephyr.c.obj)
 .text.mutex_unlock_platform
                0x0000000000001bec       0x68 zephyr/libzephyr.a(nrf_cc3xx_platform_mutex_zephyr.c.obj)
 .text.mutex_init_platform
                0x0000000000001c54       0x94 zephyr/libzephyr.a(nrf_cc3xx_platform_mutex_zephyr.c.obj)
 .text.nrf_cc3xx_platform_mutex_init
                0x0000000000001ce8       0x2c zephyr/libzephyr.a(nrf_cc3xx_platform_mutex_zephyr.c.obj)
                0x0000000000001ce8                nrf_cc3xx_platform_mutex_init
 .text.z_arm_fatal_error
                0x0000000000001d14       0xb8 zephyr/arch/arch/arm/core/libarch__arm__core.a(fatal.c.obj)
                0x0000000000001d14                z_arm_fatal_error
 .text.z_SysNmiOnReset
                0x0000000000001dcc        0x8 zephyr/arch/arch/arm/core/libarch__arm__core.a(nmi_on_reset.S.obj)
                0x0000000000001dcc                z_SysNmiOnReset
 .text.arch_tls_stack_setup
                0x0000000000001dd4       0x40 zephyr/arch/arch/arm/core/libarch__arm__core.a(tls.c.obj)
                0x0000000000001dd4                arch_tls_stack_setup
 .text._HandlerModeExit
                0x0000000000001e14       0x28 zephyr/arch/arch/arm/core/cortex_m/libarch__arm__core__cortex_m.a(exc_exit.c.obj)
                0x0000000000001e14                z_arm_int_exit
                0x0000000000001e14                z_arm_exc_exit
 .text.mem_manage_fault.constprop.0
                0x0000000000001e3c       0xd0 zephyr/arch/arch/arm/core/cortex_m/libarch__arm__core__cortex_m.a(fault.c.obj)
 .text.usage_fault.constprop.0
                0x0000000000001f0c       0xbc zephyr/arch/arch/arm/core/cortex_m/libarch__arm__core__cortex_m.a(fault.c.obj)
 .text.bus_fault.constprop.0
                0x0000000000001fc8       0xd0 zephyr/arch/arch/arm/core/cortex_m/libarch__arm__core__cortex_m.a(fault.c.obj)
 .text.z_arm_fault
                0x0000000000002098      0x1d0 zephyr/arch/arch/arm/core/cortex_m/libarch__arm__core__cortex_m.a(fault.c.obj)
                0x0000000000002098                z_arm_fault
 .text.z_arm_fault_init
                0x0000000000002268       0x18 zephyr/arch/arch/arm/core/cortex_m/libarch__arm__core__cortex_m.a(fault.c.obj)
                0x0000000000002268                z_arm_fault_init
 .text.__fault  0x0000000000002280       0x14 zephyr/arch/arch/arm/core/cortex_m/libarch__arm__core__cortex_m.a(fault_s.S.obj)
                0x0000000000002280                z_arm_usage_fault
                0x0000000000002280                z_arm_mpu_fault
                0x0000000000002280                z_arm_exc_spurious
                0x0000000000002280                z_arm_debug_monitor
                0x0000000000002280                z_arm_hard_fault
                0x0000000000002280                z_arm_bus_fault
 .text._reset_section
                0x0000000000002294       0x60 zephyr/arch/arch/arm/core/cortex_m/libarch__arm__core__cortex_m.a(reset.S.obj)
                0x0000000000002294                __start
                0x0000000000002294                z_arm_reset
 .text.z_arm_clear_arm_mpu_config
                0x00000000000022f4       0x24 zephyr/arch/arch/arm/core/cortex_m/libarch__arm__core__cortex_m.a(scb.c.obj)
                0x00000000000022f4                z_arm_clear_arm_mpu_config
 .text.z_arm_init_arch_hw_at_boot
                0x0000000000002318       0x4c zephyr/arch/arch/arm/core/cortex_m/libarch__arm__core__cortex_m.a(scb.c.obj)
                0x0000000000002318                z_arm_init_arch_hw_at_boot
 .text.z_impl_k_thread_abort
                0x0000000000002364       0x2c zephyr/arch/arch/arm/core/cortex_m/libarch__arm__core__cortex_m.a(thread_abort.c.obj)
                0x0000000000002364                z_impl_k_thread_abort
 .text.arch_swap
                0x0000000000002390       0x30 zephyr/arch/arch/arm/core/cortex_m/libarch__arm__core__cortex_m.a(swap.c.obj)
                0x0000000000002390                arch_swap
 .text.z_arm_pendsv_c
                0x00000000000023c0       0x40 zephyr/arch/arch/arm/core/cortex_m/libarch__arm__core__cortex_m.a(swap.c.obj)
                0x00000000000023c0                z_arm_pendsv_c
 .text.z_arm_pendsv
                0x0000000000002400       0x40 zephyr/arch/arch/arm/core/cortex_m/libarch__arm__core__cortex_m.a(swap_helper.S.obj)
                0x0000000000002400                z_arm_pendsv
 .text.z_arm_svc
                0x0000000000002440       0x20 zephyr/arch/arch/arm/core/cortex_m/libarch__arm__core__cortex_m.a(swap_helper.S.obj)
                0x0000000000002440                z_arm_svc
 .text.arch_irq_enable
                0x0000000000002460       0x1c zephyr/arch/arch/arm/core/cortex_m/libarch__arm__core__cortex_m.a(irq_manage.c.obj)
                0x0000000000002460                arch_irq_enable
 .text.arch_irq_disable
                0x000000000000247c       0x28 zephyr/arch/arch/arm/core/cortex_m/libarch__arm__core__cortex_m.a(irq_manage.c.obj)
                0x000000000000247c                arch_irq_disable
 .text.arch_irq_is_enabled
                0x00000000000024a4       0x1c zephyr/arch/arch/arm/core/cortex_m/libarch__arm__core__cortex_m.a(irq_manage.c.obj)
                0x00000000000024a4                arch_irq_is_enabled
 .text.z_arm_irq_priority_set
                0x00000000000024c0       0x2c zephyr/arch/arch/arm/core/cortex_m/libarch__arm__core__cortex_m.a(irq_manage.c.obj)
                0x00000000000024c0                z_arm_irq_priority_set
 .text.z_prep_c
                0x00000000000024ec       0x38 zephyr/arch/arch/arm/core/cortex_m/libarch__arm__core__cortex_m.a(prep_c.c.obj)
                0x00000000000024ec                z_prep_c
 .text.arch_new_thread
                0x0000000000002524       0x38 zephyr/arch/arch/arm/core/cortex_m/libarch__arm__core__cortex_m.a(thread.c.obj)
                0x0000000000002524                arch_new_thread
 .text.arch_switch_to_main_thread
                0x000000000000255c       0x44 zephyr/arch/arch/arm/core/cortex_m/libarch__arm__core__cortex_m.a(thread.c.obj)
                0x000000000000255c                arch_switch_to_main_thread
 .text.z_arm_cpu_idle_init
                0x00000000000025a0        0xc zephyr/arch/arch/arm/core/cortex_m/libarch__arm__core__cortex_m.a(cpu_idle.c.obj)
                0x00000000000025a0                z_arm_cpu_idle_init
 .text.z_arm_interrupt_init
                0x00000000000025ac       0x18 zephyr/arch/arch/arm/core/cortex_m/libarch__arm__core__cortex_m.a(irq_init.c.obj)
                0x00000000000025ac                z_arm_interrupt_init
 .text._isr_wrapper
                0x00000000000025c4       0x24 zephyr/arch/arch/arm/core/cortex_m/libarch__arm__core__cortex_m.a(isr_wrapper.c.obj)
                0x00000000000025c4                _isr_wrapper
 .text.z_arm_configure_static_mpu_regions
                0x00000000000025e8       0x38 zephyr/arch/arch/arm/core/mpu/libarch__arm__core__mpu.a(arm_core_mpu.c.obj)
                0x00000000000025e8                z_arm_configure_static_mpu_regions
 .text.region_init
                0x0000000000002620       0x34 zephyr/arch/arch/arm/core/mpu/libarch__arm__core__mpu.a(arm_mpu.c.obj)
 .text.region_allocate_and_init
                0x0000000000002654       0x38 zephyr/arch/arch/arm/core/mpu/libarch__arm__core__mpu.a(arm_mpu.c.obj)
 .text.mpu_configure_regions_and_partition.constprop.0
                0x000000000000268c      0x164 zephyr/arch/arch/arm/core/mpu/libarch__arm__core__mpu.a(arm_mpu.c.obj)
 .text.arm_core_mpu_enable
                0x00000000000027f0       0x18 zephyr/arch/arch/arm/core/mpu/libarch__arm__core__mpu.a(arm_mpu.c.obj)
                0x00000000000027f0                arm_core_mpu_enable
 .text.arm_core_mpu_disable
                0x0000000000002808       0x14 zephyr/arch/arch/arm/core/mpu/libarch__arm__core__mpu.a(arm_mpu.c.obj)
                0x0000000000002808                arm_core_mpu_disable
 .text.arm_core_mpu_configure_static_mpu_regions
                0x000000000000281c       0x14 zephyr/arch/arch/arm/core/mpu/libarch__arm__core__mpu.a(arm_mpu.c.obj)
                0x000000000000281c                arm_core_mpu_configure_static_mpu_regions
 .text.arm_core_mpu_mark_areas_for_dynamic_regions
                0x0000000000002830       0xb8 zephyr/arch/arch/arm/core/mpu/libarch__arm__core__mpu.a(arm_mpu.c.obj)
                0x0000000000002830                arm_core_mpu_mark_areas_for_dynamic_regions
 .text.z_arm_mpu_init
                0x00000000000028e8      0x11c zephyr/arch/arch/arm/core/mpu/libarch__arm__core__mpu.a(arm_mpu.c.obj)
                0x00000000000028e8                z_arm_mpu_init
 .text.z_impl_zephyr_fputc
                0x0000000000002a04       0x10 zephyr/lib/libc/picolibc/liblib__libc__picolibc.a(libc-hooks.c.obj)
                0x0000000000002a04                z_impl_zephyr_fputc
 .text.__stdout_hook_install
                0x0000000000002a14       0x18 zephyr/lib/libc/picolibc/liblib__libc__picolibc.a(libc-hooks.c.obj)
                0x0000000000002a14                __stdout_hook_install
 .text.cbvprintf
                0x0000000000002a2c       0x38 zephyr/lib/libc/picolibc/liblib__libc__picolibc.a(libc-hooks.c.obj)
                0x0000000000002a2c                cbvprintf
 .text.malloc_prepare
                0x0000000000002a64       0x24 zephyr/lib/libc/common/liblib__libc__common.a(malloc.c.obj)
 .text.rtc_pretick_init
                0x0000000000002a88       0x60 zephyr/soc/soc/nrf5340/libsoc__nordic.a(soc.c.obj)
 .text.nrf_gpio_pin_control_select.constprop.0
                0x0000000000002ae8       0x1c zephyr/soc/soc/nrf5340/libsoc__nordic.a(soc.c.obj)
 .text.nordicsemi_nrf53_init
                0x0000000000002b04       0x38 zephyr/soc/soc/nrf5340/libsoc__nordic.a(soc.c.obj)
 .text.z_arm_on_enter_cpu_idle
                0x0000000000002b3c       0x64 zephyr/soc/soc/nrf5340/libsoc__nordic.a(soc.c.obj)
                0x0000000000002b3c                z_arm_on_enter_cpu_idle
 .text.arch_busy_wait
                0x0000000000002ba0       0x24 zephyr/soc/soc/nrf5340/libsoc__nordic.a(soc.c.obj)
                0x0000000000002ba0                arch_busy_wait
 .text.nrf53_cpunet_mgmt_init
                0x0000000000002bc4       0x10 zephyr/soc/soc/nrf5340/libsoc__nordic.a(nrf53_cpunet_mgmt.c.obj)
 .text.onoff_start
                0x0000000000002bd4       0x6c zephyr/soc/soc/nrf5340/libsoc__nordic.a(nrf53_cpunet_mgmt.c.obj)
 .text.rtc_cb   0x0000000000002c40       0x40 zephyr/soc/soc/nrf5340/libsoc__nordic.a(sync_rtc.c.obj)
 .text.sync_rtc_setup
                0x0000000000002c80       0xbc zephyr/soc/soc/nrf5340/libsoc__nordic.a(sync_rtc.c.obj)
 .text.mbox_callback
                0x0000000000002d3c       0x80 zephyr/soc/soc/nrf5340/libsoc__nordic.a(sync_rtc.c.obj)
 .text.adc_gain_invert
                0x0000000000002dbc       0x2c zephyr/drivers/adc/libdrivers__adc.a(adc_common.c.obj)
                0x0000000000002dbc                adc_gain_invert
 .text.adc_context_start_sampling
                0x0000000000002de8       0x1c zephyr/drivers/adc/libdrivers__adc.a(adc_nrfx_saadc.c.obj)
 .text.adc_nrfx_channel_setup
                0x0000000000002e04       0xf0 zephyr/drivers/adc/libdrivers__adc.a(adc_nrfx_saadc.c.obj)
 .text.adc_nrfx_read
                0x0000000000002ef4      0x1c8 zephyr/drivers/adc/libdrivers__adc.a(adc_nrfx_saadc.c.obj)
 .text.init_saadc
                0x00000000000030bc       0x44 zephyr/drivers/adc/libdrivers__adc.a(adc_nrfx_saadc.c.obj)
 .text.saadc_irq_handler
                0x0000000000003100       0xc4 zephyr/drivers/adc/libdrivers__adc.a(adc_nrfx_saadc.c.obj)
 .text.onoff_stop
                0x00000000000031c4       0x30 zephyr/drivers/clock_control/libdrivers__clock_control.a(clock_control_nrf.c.obj)
 .text.onoff_start
                0x00000000000031f4       0x44 zephyr/drivers/clock_control/libdrivers__clock_control.a(clock_control_nrf.c.obj)
 .text.generic_hfclk_stop
                0x0000000000003238       0x34 zephyr/drivers/clock_control/libdrivers__clock_control.a(clock_control_nrf.c.obj)
 .text.clk_init
                0x000000000000326c       0x64 zephyr/drivers/clock_control/libdrivers__clock_control.a(clock_control_nrf.c.obj)
 .text.api_blocking_start
                0x00000000000032d0       0x34 zephyr/drivers/clock_control/libdrivers__clock_control.a(clock_control_nrf.c.obj)
 .text.clkstarted_handle.constprop.0
                0x0000000000003304       0x4c zephyr/drivers/clock_control/libdrivers__clock_control.a(clock_control_nrf.c.obj)
 .text.generic_hfclk_start
                0x0000000000003350       0x78 zephyr/drivers/clock_control/libdrivers__clock_control.a(clock_control_nrf.c.obj)
 .text.clock_event_handler
                0x00000000000033c8       0x30 zephyr/drivers/clock_control/libdrivers__clock_control.a(clock_control_nrf.c.obj)
 .text.z_nrf_clock_control_lf_on
                0x00000000000033f8       0xf8 zephyr/drivers/clock_control/libdrivers__clock_control.a(clock_control_nrf.c.obj)
                0x00000000000033f8                z_nrf_clock_control_lf_on
 .text.uart_console_init
                0x00000000000034f0       0x28 zephyr/drivers/console/libdrivers__console.a(uart_console.c.obj)
 .text.console_out
                0x0000000000003518       0x28 zephyr/drivers/console/libdrivers__console.a(uart_console.c.obj)
 .text.gpio_nrfx_pin_interrupt_configure
                0x0000000000003540      0x100 zephyr/drivers/gpio/libdrivers__gpio.a(gpio_nrfx.c.obj)
 .text.gpio_nrfx_init
                0x0000000000003640       0x48 zephyr/drivers/gpio/libdrivers__gpio.a(gpio_nrfx.c.obj)
 .text.nrfx_gpio_handler
                0x0000000000003688       0x4c zephyr/drivers/gpio/libdrivers__gpio.a(gpio_nrfx.c.obj)
 .text.gpio_nrfx_pin_configure
                0x00000000000036d4      0x18c zephyr/drivers/gpio/libdrivers__gpio.a(gpio_nrfx.c.obj)
 .text.mbox_nrf_init
                0x0000000000003860       0x9c zephyr/drivers/mbox/libdrivers__mbox.a(mbox_nrfx_ipc.c.obj)
 .text.mbox_nrf_set_enabled
                0x00000000000038fc       0x94 zephyr/drivers/mbox/libdrivers__mbox.a(mbox_nrfx_ipc.c.obj)
 .text.mbox_nrf_send
                0x0000000000003990       0x44 zephyr/drivers/mbox/libdrivers__mbox.a(mbox_nrfx_ipc.c.obj)
 .text.mbox_dispatcher
                0x00000000000039d4       0x60 zephyr/drivers/mbox/libdrivers__mbox.a(mbox_nrfx_ipc.c.obj)
 .text.nrf_gpio_pin_port_decode
                0x0000000000003a34       0x24 zephyr/drivers/pinctrl/libdrivers__pinctrl.a(pinctrl_nrf.c.obj)
 .text.pinctrl_configure_pins
                0x0000000000003a58      0x1a0 zephyr/drivers/pinctrl/libdrivers__pinctrl.a(pinctrl_nrf.c.obj)
                0x0000000000003a58                pinctrl_configure_pins
 .text.uarte_0_init
                0x0000000000003bf8      0x27c zephyr/drivers/serial/libdrivers__serial.a(uart_nrfx_uarte.c.obj)
 .text.uarte_nrfx_poll_out
                0x0000000000003e74       0xcc zephyr/drivers/serial/libdrivers__serial.a(uart_nrfx_uarte.c.obj)
 .text.compare_int_lock
                0x0000000000003f40       0x40 zephyr/drivers/timer/libdrivers__timer.a(nrf_rtc_timer.c.obj)
 .text.sys_clock_timeout_handler
                0x0000000000003f80       0x48 zephyr/drivers/timer/libdrivers__timer.a(nrf_rtc_timer.c.obj)
 .text.compare_int_unlock
                0x0000000000003fc8       0x4c zephyr/drivers/timer/libdrivers__timer.a(nrf_rtc_timer.c.obj)
 .text.z_nrf_rtc_timer_compare_evt_address_get
                0x0000000000004014       0x10 zephyr/drivers/timer/libdrivers__timer.a(nrf_rtc_timer.c.obj)
                0x0000000000004014                z_nrf_rtc_timer_compare_evt_address_get
 .text.z_nrf_rtc_timer_compare_read
                0x0000000000004024       0x10 zephyr/drivers/timer/libdrivers__timer.a(nrf_rtc_timer.c.obj)
                0x0000000000004024                z_nrf_rtc_timer_compare_read
 .text.z_nrf_rtc_timer_read
                0x0000000000004034       0x44 zephyr/drivers/timer/libdrivers__timer.a(nrf_rtc_timer.c.obj)
                0x0000000000004034                z_nrf_rtc_timer_read
 .text.compare_set
                0x0000000000004078      0x124 zephyr/drivers/timer/libdrivers__timer.a(nrf_rtc_timer.c.obj)
 .text.sys_clock_driver_init
                0x000000000000419c       0xa4 zephyr/drivers/timer/libdrivers__timer.a(nrf_rtc_timer.c.obj)
 .text.rtc_nrf_isr
                0x0000000000004240      0x100 zephyr/drivers/timer/libdrivers__timer.a(nrf_rtc_timer.c.obj)
                0x0000000000004240                rtc_nrf_isr
 .text.z_nrf_rtc_timer_chan_alloc
                0x0000000000004340       0x3c zephyr/drivers/timer/libdrivers__timer.a(nrf_rtc_timer.c.obj)
                0x0000000000004340                z_nrf_rtc_timer_chan_alloc
 .text.z_nrf_rtc_timer_chan_free
                0x000000000000437c       0x1c zephyr/drivers/timer/libdrivers__timer.a(nrf_rtc_timer.c.obj)
                0x000000000000437c                z_nrf_rtc_timer_chan_free
 .text.sys_clock_set_timeout
                0x0000000000004398       0x5c zephyr/drivers/timer/libdrivers__timer.a(nrf_rtc_timer.c.obj)
                0x0000000000004398                sys_clock_set_timeout
 .text.sys_clock_elapsed
                0x00000000000043f4       0x14 zephyr/drivers/timer/libdrivers__timer.a(nrf_rtc_timer.c.obj)
                0x00000000000043f4                sys_clock_elapsed
 .text.dk_set_led.part.0
                0x0000000000004408       0x18 modules/nrf/lib/dk_buttons_and_leds/lib..__nrf__lib__dk_buttons_and_leds.a(dk_buttons_and_leds.c.obj)
 .text.get_buttons.part.0
                0x0000000000004420       0x18 modules/nrf/lib/dk_buttons_and_leds/lib..__nrf__lib__dk_buttons_and_leds.a(dk_buttons_and_leds.c.obj)
 .text.get_buttons
                0x0000000000004438       0x5c modules/nrf/lib/dk_buttons_and_leds/lib..__nrf__lib__dk_buttons_and_leds.a(dk_buttons_and_leds.c.obj)
 .text.dk_set_leds_state.part.0
                0x0000000000004494       0x58 modules/nrf/lib/dk_buttons_and_leds/lib..__nrf__lib__dk_buttons_and_leds.a(dk_buttons_and_leds.c.obj)
 .text.callback_ctrl
                0x00000000000044ec       0xa0 modules/nrf/lib/dk_buttons_and_leds/lib..__nrf__lib__dk_buttons_and_leds.a(dk_buttons_and_leds.c.obj)
 .text.button_pressed
                0x000000000000458c       0x6c modules/nrf/lib/dk_buttons_and_leds/lib..__nrf__lib__dk_buttons_and_leds.a(dk_buttons_and_leds.c.obj)
 .text.buttons_scan_fn
                0x00000000000045f8      0x104 modules/nrf/lib/dk_buttons_and_leds/lib..__nrf__lib__dk_buttons_and_leds.a(dk_buttons_and_leds.c.obj)
 .text.dk_leds_init
                0x00000000000046fc       0x40 modules/nrf/lib/dk_buttons_and_leds/lib..__nrf__lib__dk_buttons_and_leds.a(dk_buttons_and_leds.c.obj)
                0x00000000000046fc                dk_leds_init
 .text.dk_read_buttons
                0x000000000000473c       0x20 modules/nrf/lib/dk_buttons_and_leds/lib..__nrf__lib__dk_buttons_and_leds.a(dk_buttons_and_leds.c.obj)
                0x000000000000473c                dk_read_buttons
 .text.dk_buttons_init
                0x000000000000475c      0x11c modules/nrf/lib/dk_buttons_and_leds/lib..__nrf__lib__dk_buttons_and_leds.a(dk_buttons_and_leds.c.obj)
                0x000000000000475c                dk_buttons_init
 .text.dk_set_led
                0x0000000000004878       0x3c modules/nrf/lib/dk_buttons_and_leds/lib..__nrf__lib__dk_buttons_and_leds.a(dk_buttons_and_leds.c.obj)
                0x0000000000004878                dk_set_led
 .text.nrf53_errata_42
                0x00000000000048b4       0x24 modules/hal_nordic/nrfx/libmodules__hal_nordic__nrfx.a(system_nrf5340_application.c.obj)
 .text.SystemInit
                0x00000000000048d8      0x1c4 modules/hal_nordic/nrfx/libmodules__hal_nordic__nrfx.a(system_nrf5340_application.c.obj)
                0x00000000000048d8                SystemInit
 .text.nrfx_flag32_alloc
                0x0000000000004a9c       0x40 modules/hal_nordic/nrfx/libmodules__hal_nordic__nrfx.a(nrfx_flag32_allocator.c.obj)
                0x0000000000004a9c                nrfx_flag32_alloc
 .text.nrfx_flag32_free
                0x0000000000004adc       0x38 modules/hal_nordic/nrfx/libmodules__hal_nordic__nrfx.a(nrfx_flag32_allocator.c.obj)
                0x0000000000004adc                nrfx_flag32_free
 .text.nrfx_gppi_channels_enable
                0x0000000000004b14        0xc modules/hal_nordic/nrfx/libmodules__hal_nordic__nrfx.a(nrfx_gppi_dppi.c.obj)
                0x0000000000004b14                nrfx_gppi_channels_enable
 .text.nrfx_gppi_channels_disable
                0x0000000000004b20        0xc modules/hal_nordic/nrfx/libmodules__hal_nordic__nrfx.a(nrfx_gppi_dppi.c.obj)
                0x0000000000004b20                nrfx_gppi_channels_disable
 .text.nrfx_clock_init
                0x0000000000004b2c       0x20 modules/hal_nordic/nrfx/libmodules__hal_nordic__nrfx.a(nrfx_clock.c.obj)
                0x0000000000004b2c                nrfx_clock_init
 .text.nrfx_clock_enable
                0x0000000000004b4c       0x30 modules/hal_nordic/nrfx/libmodules__hal_nordic__nrfx.a(nrfx_clock.c.obj)
                0x0000000000004b4c                nrfx_clock_enable
 .text.nrfx_clock_start
                0x0000000000004b7c       0xd0 modules/hal_nordic/nrfx/libmodules__hal_nordic__nrfx.a(nrfx_clock.c.obj)
                0x0000000000004b7c                nrfx_clock_start
 .text.nrfx_power_clock_irq_handler
                0x0000000000004c4c       0xb0 modules/hal_nordic/nrfx/libmodules__hal_nordic__nrfx.a(nrfx_clock.c.obj)
                0x0000000000004c4c                nrfx_power_clock_irq_handler
 .text.nrfx_dppi_channel_alloc
                0x0000000000004cfc        0xc modules/hal_nordic/nrfx/libmodules__hal_nordic__nrfx.a(nrfx_dppi.c.obj)
                0x0000000000004cfc                nrfx_dppi_channel_alloc
 .text.nrfx_dppi_channel_free
                0x0000000000004d08       0x1c modules/hal_nordic/nrfx/libmodules__hal_nordic__nrfx.a(nrfx_dppi.c.obj)
                0x0000000000004d08                nrfx_dppi_channel_free
 .text.nrf_gpio_pin_port_decode
                0x0000000000004d24       0x24 modules/hal_nordic/nrfx/libmodules__hal_nordic__nrfx.a(nrfx_gpiote.c.obj)
 .text.get_pin_idx
                0x0000000000004d48       0x14 modules/hal_nordic/nrfx/libmodules__hal_nordic__nrfx.a(nrfx_gpiote.c.obj)
 .text.call_handler.constprop.0
                0x0000000000004d5c       0x40 modules/hal_nordic/nrfx/libmodules__hal_nordic__nrfx.a(nrfx_gpiote.c.obj)
 .text.pin_te_get.constprop.0
                0x0000000000004d9c       0x18 modules/hal_nordic/nrfx/libmodules__hal_nordic__nrfx.a(nrfx_gpiote.c.obj)
 .text.pin_is_output.constprop.0
                0x0000000000004db4       0x18 modules/hal_nordic/nrfx/libmodules__hal_nordic__nrfx.a(nrfx_gpiote.c.obj)
 .text.pin_in_use_by_te.constprop.0
                0x0000000000004dcc       0x18 modules/hal_nordic/nrfx/libmodules__hal_nordic__nrfx.a(nrfx_gpiote.c.obj)
 .text.latch_pending_read_and_check
                0x0000000000004de4       0x3c modules/hal_nordic/nrfx/libmodules__hal_nordic__nrfx.a(nrfx_gpiote.c.obj)
 .text.release_handler.isra.0
                0x0000000000004e20       0x58 modules/hal_nordic/nrfx/libmodules__hal_nordic__nrfx.a(nrfx_gpiote.c.obj)
 .text.__nrfy_internal_gpiote_events_process.constprop.0
                0x0000000000004e78       0x5c modules/hal_nordic/nrfx/libmodules__hal_nordic__nrfx.a(nrfx_gpiote.c.obj)
 .text.pin_uninit
                0x0000000000004ed4       0x84 modules/hal_nordic/nrfx/libmodules__hal_nordic__nrfx.a(nrfx_gpiote.c.obj)
 .text.nrfx_gpiote_input_configure
                0x0000000000004f58      0x178 modules/hal_nordic/nrfx/libmodules__hal_nordic__nrfx.a(nrfx_gpiote.c.obj)
                0x0000000000004f58                nrfx_gpiote_input_configure
 .text.nrfx_gpiote_output_configure
                0x00000000000050d0      0x104 modules/hal_nordic/nrfx/libmodules__hal_nordic__nrfx.a(nrfx_gpiote.c.obj)
                0x00000000000050d0                nrfx_gpiote_output_configure
 .text.nrfx_gpiote_global_callback_set
                0x00000000000051d4        0xc modules/hal_nordic/nrfx/libmodules__hal_nordic__nrfx.a(nrfx_gpiote.c.obj)
                0x00000000000051d4                nrfx_gpiote_global_callback_set
 .text.nrfx_gpiote_channel_get
                0x00000000000051e0       0x34 modules/hal_nordic/nrfx/libmodules__hal_nordic__nrfx.a(nrfx_gpiote.c.obj)
                0x00000000000051e0                nrfx_gpiote_channel_get
 .text.nrfx_gpiote_init
                0x0000000000005214       0x64 modules/hal_nordic/nrfx/libmodules__hal_nordic__nrfx.a(nrfx_gpiote.c.obj)
                0x0000000000005214                nrfx_gpiote_init
 .text.nrfx_gpiote_init_check
                0x0000000000005278       0x14 modules/hal_nordic/nrfx/libmodules__hal_nordic__nrfx.a(nrfx_gpiote.c.obj)
                0x0000000000005278                nrfx_gpiote_init_check
 .text.nrfx_gpiote_channel_free
                0x000000000000528c        0xc modules/hal_nordic/nrfx/libmodules__hal_nordic__nrfx.a(nrfx_gpiote.c.obj)
                0x000000000000528c                nrfx_gpiote_channel_free
 .text.nrfx_gpiote_channel_alloc
                0x0000000000005298        0xc modules/hal_nordic/nrfx/libmodules__hal_nordic__nrfx.a(nrfx_gpiote.c.obj)
                0x0000000000005298                nrfx_gpiote_channel_alloc
 .text.nrfx_gpiote_trigger_enable
                0x00000000000052a4       0xac modules/hal_nordic/nrfx/libmodules__hal_nordic__nrfx.a(nrfx_gpiote.c.obj)
                0x00000000000052a4                nrfx_gpiote_trigger_enable
 .text.nrfx_gpiote_0_irq_handler
                0x0000000000005350      0x1b8 modules/hal_nordic/nrfx/libmodules__hal_nordic__nrfx.a(nrfx_gpiote.c.obj)
                0x0000000000005350                nrfx_gpiote_0_irq_handler
 .text.nrfx_ipc_init
                0x0000000000005508       0x30 modules/hal_nordic/nrfx/libmodules__hal_nordic__nrfx.a(nrfx_ipc.c.obj)
                0x0000000000005508                nrfx_ipc_init
 .text.nrfx_ipc_config_load
                0x0000000000005538       0x40 modules/hal_nordic/nrfx/libmodules__hal_nordic__nrfx.a(nrfx_ipc.c.obj)
                0x0000000000005538                nrfx_ipc_config_load
 .text.nrfx_ipc_receive_event_enable
                0x0000000000005578       0x10 modules/hal_nordic/nrfx/libmodules__hal_nordic__nrfx.a(nrfx_ipc.c.obj)
                0x0000000000005578                nrfx_ipc_receive_event_enable
 .text.nrfx_ipc_receive_event_disable
                0x0000000000005588       0x10 modules/hal_nordic/nrfx/libmodules__hal_nordic__nrfx.a(nrfx_ipc.c.obj)
                0x0000000000005588                nrfx_ipc_receive_event_disable
 .text.nrfx_ipc_irq_handler
                0x0000000000005598       0x40 modules/hal_nordic/nrfx/libmodules__hal_nordic__nrfx.a(nrfx_ipc.c.obj)
                0x0000000000005598                nrfx_ipc_irq_handler
 .text.k_sys_fatal_error_handler
                0x00000000000055d8       0x20 zephyr/kernel/libkernel.a(fatal.c.obj)
                0x00000000000055d8                k_sys_fatal_error_handler
 .text.z_fatal_error
                0x00000000000055f8       0xe8 zephyr/kernel/libkernel.a(fatal.c.obj)
                0x00000000000055f8                z_fatal_error
 .text.z_sys_init_run_level
                0x00000000000056e0       0x2c zephyr/kernel/libkernel.a(init.c.obj)
 .text.bg_thread_main
                0x000000000000570c       0xc0 zephyr/kernel/libkernel.a(init.c.obj)
 .text.z_bss_zero
                0x00000000000057cc       0x18 zephyr/kernel/libkernel.a(init.c.obj)
                0x00000000000057cc                z_bss_zero
 .text.z_init_cpu
                0x00000000000057e4       0x68 zephyr/kernel/libkernel.a(init.c.obj)
                0x00000000000057e4                z_init_cpu
 .text.z_cstart
                0x000000000000584c       0xe0 zephyr/kernel/libkernel.a(init.c.obj)
                0x000000000000584c                z_cstart
 .text.init_mem_slab_obj_core_list
                0x000000000000592c       0x24 zephyr/kernel/libkernel.a(mem_slab.c.obj)
 .text.k_mem_slab_alloc
                0x0000000000005950       0x5c zephyr/kernel/libkernel.a(mem_slab.c.obj)
                0x0000000000005950                k_mem_slab_alloc
 .text.z_impl_k_mutex_lock
                0x00000000000059ac       0xf0 zephyr/kernel/libkernel.a(mutex.c.obj)
                0x00000000000059ac                z_impl_k_mutex_lock
 .text.z_impl_k_mutex_unlock
                0x0000000000005a9c       0x78 zephyr/kernel/libkernel.a(mutex.c.obj)
                0x0000000000005a9c                z_impl_k_mutex_unlock
 .text.z_impl_k_sem_give
                0x0000000000005b14       0x48 zephyr/kernel/libkernel.a(sem.c.obj)
                0x0000000000005b14                z_impl_k_sem_give
 .text.z_impl_k_sem_take
                0x0000000000005b5c       0x4c zephyr/kernel/libkernel.a(sem.c.obj)
                0x0000000000005b5c                z_impl_k_sem_take
 .text.work_queue_main
                0x0000000000005ba8      0x144 zephyr/kernel/libkernel.a(work.c.obj)
 .text.submit_to_queue_locked
                0x0000000000005cec       0xb4 zephyr/kernel/libkernel.a(work.c.obj)
 .text.k_work_queue_start
                0x0000000000005da0       0x7c zephyr/kernel/libkernel.a(work.c.obj)
                0x0000000000005da0                k_work_queue_start
 .text.k_work_schedule_for_queue
                0x0000000000005e1c       0x54 zephyr/kernel/libkernel.a(work.c.obj)
                0x0000000000005e1c                k_work_schedule_for_queue
 .text.k_work_schedule
                0x0000000000005e70        0xc zephyr/kernel/libkernel.a(work.c.obj)
                0x0000000000005e70                k_work_schedule
 .text.k_work_reschedule_for_queue
                0x0000000000005e7c       0x5c zephyr/kernel/libkernel.a(work.c.obj)
                0x0000000000005e7c                k_work_reschedule_for_queue
 .text.k_work_reschedule
                0x0000000000005ed8        0xc zephyr/kernel/libkernel.a(work.c.obj)
                0x0000000000005ed8                k_work_reschedule
 .text.z_setup_new_thread
                0x0000000000005ee4       0x7c zephyr/kernel/libkernel.a(thread.c.obj)
                0x0000000000005ee4                z_setup_new_thread
 .text.z_impl_k_thread_create
                0x0000000000005f60       0x58 zephyr/kernel/libkernel.a(thread.c.obj)
                0x0000000000005f60                z_impl_k_thread_create
 .text.update_cache
                0x0000000000005fb8       0x3c zephyr/kernel/libkernel.a(sched.c.obj)
 .text.unready_thread
                0x0000000000005ff4       0x30 zephyr/kernel/libkernel.a(sched.c.obj)
 .text.ready_thread
                0x0000000000006024       0x68 zephyr/kernel/libkernel.a(sched.c.obj)
 .text.z_thread_halt
                0x000000000000608c       0xd8 zephyr/kernel/libkernel.a(sched.c.obj)
 .text.move_thread_to_end_of_prio_q
                0x0000000000006164       0x74 zephyr/kernel/libkernel.a(sched.c.obj)
                0x0000000000006164                move_thread_to_end_of_prio_q
 .text.z_pend_curr
                0x00000000000061d8       0x58 zephyr/kernel/libkernel.a(sched.c.obj)
                0x00000000000061d8                z_pend_curr
 .text.z_thread_prio_set
                0x0000000000006230       0x88 zephyr/kernel/libkernel.a(sched.c.obj)
                0x0000000000006230                z_thread_prio_set
 .text.z_reschedule
                0x00000000000062b8       0x24 zephyr/kernel/libkernel.a(sched.c.obj)
                0x00000000000062b8                z_reschedule
 .text.z_sched_start
                0x00000000000062dc       0x3c zephyr/kernel/libkernel.a(sched.c.obj)
                0x00000000000062dc                z_sched_start
 .text.z_reschedule_irqlock
                0x0000000000006318       0x28 zephyr/kernel/libkernel.a(sched.c.obj)
                0x0000000000006318                z_reschedule_irqlock
 .text.k_sched_lock
                0x0000000000006340       0x28 zephyr/kernel/libkernel.a(sched.c.obj)
                0x0000000000006340                k_sched_lock
 .text.k_sched_unlock
                0x0000000000006368       0x40 zephyr/kernel/libkernel.a(sched.c.obj)
                0x0000000000006368                k_sched_unlock
 .text.z_sched_init
                0x00000000000063a8       0x10 zephyr/kernel/libkernel.a(sched.c.obj)
                0x00000000000063a8                z_sched_init
 .text.z_impl_k_yield
                0x00000000000063b8       0x7c zephyr/kernel/libkernel.a(sched.c.obj)
                0x00000000000063b8                z_impl_k_yield
 .text.z_tick_sleep
                0x0000000000006434       0x88 zephyr/kernel/libkernel.a(sched.c.obj)
 .text.z_impl_k_sleep
                0x00000000000064bc       0x3c zephyr/kernel/libkernel.a(sched.c.obj)
                0x00000000000064bc                z_impl_k_sleep
 .text.z_impl_k_sched_current_thread_query
                0x00000000000064f8        0xc zephyr/kernel/libkernel.a(sched.c.obj)
                0x00000000000064f8                z_impl_k_sched_current_thread_query
 .text.z_sched_wait
                0x0000000000006504       0x24 zephyr/kernel/libkernel.a(sched.c.obj)
                0x0000000000006504                z_sched_wait
 .text.slice_timeout
                0x0000000000006528       0x20 zephyr/kernel/libkernel.a(timeslicing.c.obj)
 .text.thread_is_sliceable
                0x0000000000006548       0x3c zephyr/kernel/libkernel.a(timeslicing.c.obj)
                0x0000000000006548                thread_is_sliceable
 .text.z_reset_time_slice
                0x0000000000006584       0x50 zephyr/kernel/libkernel.a(timeslicing.c.obj)
                0x0000000000006584                z_reset_time_slice
 .text.z_time_slice
                0x00000000000065d4       0x60 zephyr/kernel/libkernel.a(timeslicing.c.obj)
                0x00000000000065d4                z_time_slice
 .text.z_data_copy
                0x0000000000006634       0x34 zephyr/kernel/libkernel.a(xip.c.obj)
                0x0000000000006634                z_data_copy
 .text.elapsed  0x0000000000006668       0x14 zephyr/kernel/libkernel.a(timeout.c.obj)
 .text.remove_timeout
                0x000000000000667c       0x38 zephyr/kernel/libkernel.a(timeout.c.obj)
 .text.next_timeout
                0x00000000000066b4       0x40 zephyr/kernel/libkernel.a(timeout.c.obj)
 .text.z_add_timeout
                0x00000000000066f4       0xf4 zephyr/kernel/libkernel.a(timeout.c.obj)
                0x00000000000066f4                z_add_timeout
 .text.sys_clock_announce
                0x00000000000067e8       0xd0 zephyr/kernel/libkernel.a(timeout.c.obj)
                0x00000000000067e8                sys_clock_announce
 .text.sys_clock_tick_get
                0x00000000000068b8       0x30 zephyr/kernel/libkernel.a(timeout.c.obj)
                0x00000000000068b8                sys_clock_tick_get
 .text.z_timer_expiration_handler
                0x00000000000068e8       0xe0 zephyr/kernel/libkernel.a(timer.c.obj)
                0x00000000000068e8                z_timer_expiration_handler
 .text.z_impl_k_timer_start
                0x00000000000069c8       0x74 zephyr/kernel/libkernel.a(timer.c.obj)
                0x00000000000069c8                z_impl_k_timer_start
 .text.k_sys_work_q_init
                0x0000000000006a3c       0x34 zephyr/kernel/libkernel.a(system_work_q.c.obj)
 .text.nrf_cc3xx_platform_init_no_rng
                0x0000000000006a70       0x38 C:/ncs/v2.7.0/nrfxlib/crypto/nrf_cc312_platform/lib/cortex-m33/soft-float/no-interrupts/libnrf_cc312_platform_0.9.19.a(nrf_cc3xx_platform.c.obj)
                0x0000000000006a70                nrf_cc3xx_platform_init_no_rng
 .text.nrf_cc3xx_platform_abort
                0x0000000000006aa8       0x24 C:/ncs/v2.7.0/nrfxlib/crypto/nrf_cc312_platform/lib/cortex-m33/soft-float/no-interrupts/libnrf_cc312_platform_0.9.19.a(nrf_cc3xx_platform_abort.c.obj)
 .text.CC_PalAbort
                0x0000000000006acc       0x44 C:/ncs/v2.7.0/nrfxlib/crypto/nrf_cc312_platform/lib/cortex-m33/soft-float/no-interrupts/libnrf_cc312_platform_0.9.19.a(nrf_cc3xx_platform_abort.c.obj)
                0x0000000000006acc                CC_PalAbort
 .text.nrf_cc3xx_platform_set_abort
                0x0000000000006b10       0x10 C:/ncs/v2.7.0/nrfxlib/crypto/nrf_cc312_platform/lib/cortex-m33/soft-float/no-interrupts/libnrf_cc312_platform_0.9.19.a(nrf_cc3xx_platform_abort.c.obj)
                0x0000000000006b10                nrf_cc3xx_platform_set_abort
 .text.mutex_free
                0x0000000000006b20       0x34 C:/ncs/v2.7.0/nrfxlib/crypto/nrf_cc312_platform/lib/cortex-m33/soft-float/no-interrupts/libnrf_cc312_platform_0.9.19.a(nrf_cc3xx_platform_mutex.c.obj)
 .text.mutex_lock
                0x0000000000006b54       0x48 C:/ncs/v2.7.0/nrfxlib/crypto/nrf_cc312_platform/lib/cortex-m33/soft-float/no-interrupts/libnrf_cc312_platform_0.9.19.a(nrf_cc3xx_platform_mutex.c.obj)
 .text.mutex_unlock
                0x0000000000006b9c       0x38 C:/ncs/v2.7.0/nrfxlib/crypto/nrf_cc312_platform/lib/cortex-m33/soft-float/no-interrupts/libnrf_cc312_platform_0.9.19.a(nrf_cc3xx_platform_mutex.c.obj)
 .text.mutex_init
                0x0000000000006bd4       0x20 C:/ncs/v2.7.0/nrfxlib/crypto/nrf_cc312_platform/lib/cortex-m33/soft-float/no-interrupts/libnrf_cc312_platform_0.9.19.a(nrf_cc3xx_platform_mutex.c.obj)
 .text.nrf_cc3xx_platform_set_mutexes
                0x0000000000006bf4       0x78 C:/ncs/v2.7.0/nrfxlib/crypto/nrf_cc312_platform/lib/cortex-m33/soft-float/no-interrupts/libnrf_cc312_platform_0.9.19.a(nrf_cc3xx_platform_mutex.c.obj)
                0x0000000000006bf4                nrf_cc3xx_platform_set_mutexes
 .text.CC_LibInitNoRng
                0x0000000000006c6c       0x28 C:/ncs/v2.7.0/nrfxlib/crypto/nrf_cc312_platform/lib/cortex-m33/soft-float/no-interrupts/libnrf_cc312_platform_0.9.19.a(cc_lib.c.obj)
                0x0000000000006c6c                CC_LibInitNoRng
 .text.CC_HalInit
                0x0000000000006c94        0x4 C:/ncs/v2.7.0/nrfxlib/crypto/nrf_cc312_platform/lib/cortex-m33/soft-float/no-interrupts/libnrf_cc312_platform_0.9.19.a(cc_hal.c.obj)
                0x0000000000006c94                CC_HalInit
 .text.CC_PalInit
                0x0000000000006c98       0x5c C:/ncs/v2.7.0/nrfxlib/crypto/nrf_cc312_platform/lib/cortex-m33/soft-float/no-interrupts/libnrf_cc312_platform_0.9.19.a(cc_pal.c.obj)
                0x0000000000006c98                CC_PalInit
 .text.CC_PalTerminate
                0x0000000000006cf4       0x34 C:/ncs/v2.7.0/nrfxlib/crypto/nrf_cc312_platform/lib/cortex-m33/soft-float/no-interrupts/libnrf_cc312_platform_0.9.19.a(cc_pal.c.obj)
                0x0000000000006cf4                CC_PalTerminate
 .text.CC_PalDmaInit
                0x0000000000006d28        0x4 C:/ncs/v2.7.0/nrfxlib/crypto/nrf_cc312_platform/lib/cortex-m33/soft-float/no-interrupts/libnrf_cc312_platform_0.9.19.a(cc_pal_dma.c.obj)
                0x0000000000006d28                CC_PalDmaInit
 .text.CC_PalDmaTerminate
                0x0000000000006d2c        0x4 C:/ncs/v2.7.0/nrfxlib/crypto/nrf_cc312_platform/lib/cortex-m33/soft-float/no-interrupts/libnrf_cc312_platform_0.9.19.a(cc_pal_dma.c.obj)
                0x0000000000006d2c                CC_PalDmaTerminate
 .text.CC_PalMutexCreate
                0x0000000000006d30       0x14 C:/ncs/v2.7.0/nrfxlib/crypto/nrf_cc312_platform/lib/cortex-m33/soft-float/no-interrupts/libnrf_cc312_platform_0.9.19.a(cc_pal_mutex.c.obj)
                0x0000000000006d30                CC_PalMutexCreate
 .text.CC_PalMutexDestroy
                0x0000000000006d44       0x14 C:/ncs/v2.7.0/nrfxlib/crypto/nrf_cc312_platform/lib/cortex-m33/soft-float/no-interrupts/libnrf_cc312_platform_0.9.19.a(cc_pal_mutex.c.obj)
                0x0000000000006d44                CC_PalMutexDestroy
 .text.CC_PalPowerSaveModeInit
                0x0000000000006d58       0x3c C:/ncs/v2.7.0/nrfxlib/crypto/nrf_cc312_platform/lib/cortex-m33/soft-float/no-interrupts/libnrf_cc312_platform_0.9.19.a(cc_pal_pm.c.obj)
                0x0000000000006d58                CC_PalPowerSaveModeInit
 .text.snprintf
                0x0000000000006d94       0x58 c:\ncs\toolchains\ce3b5ff664\opt\zephyr-sdk\arm-zephyr-eabi\bin\../lib/gcc/../../picolibc/arm-zephyr-eabi/lib/thumb/v8-m.main/nofp\libc.a(libc_tinystdio_snprintf.c.o)
                0x0000000000006d94                snprintf
 .text.__l_vfprintf
                0x0000000000006dec      0x4b4 c:\ncs\toolchains\ce3b5ff664\opt\zephyr-sdk\arm-zephyr-eabi\bin\../lib/gcc/../../picolibc/arm-zephyr-eabi/lib/thumb/v8-m.main/nofp\libc.a(libc_tinystdio_vflprintf.c.o)
                0x0000000000006dec                __l_vfprintf
 .text._OffsetAbsSyms
                0x00000000000072a0        0x2 zephyr/CMakeFiles/offsets.dir/./arch/arm/core/offsets/offsets.c.obj
                0x00000000000072a0                _OffsetAbsSyms
 .text.chunk_field
                0x00000000000072a2       0x16 zephyr/libzephyr.a(heap.c.obj)
 .text.chunk_set
                0x00000000000072b8       0x16 zephyr/libzephyr.a(heap.c.obj)
 .text.chunk_size
                0x00000000000072ce        0xc zephyr/libzephyr.a(heap.c.obj)
 .text.set_chunk_used
                0x00000000000072da       0x30 zephyr/libzephyr.a(heap.c.obj)
 .text.set_chunk_size
                0x000000000000730a        0x8 zephyr/libzephyr.a(heap.c.obj)
 .text.bucket_idx.isra.0
                0x0000000000007312       0x1c zephyr/libzephyr.a(heap.c.obj)
 .text.free_list_add
                0x000000000000732e       0x84 zephyr/libzephyr.a(heap.c.obj)
 .text.sys_heap_init
                0x00000000000073b2       0xb0 zephyr/libzephyr.a(heap.c.obj)
                0x00000000000073b2                sys_heap_init
 .text.cbpprintf_external
                0x0000000000007462       0x62 zephyr/libzephyr.a(cbprintf_packaged.c.obj)
                0x0000000000007462                cbpprintf_external
 .text.is_ptr   0x00000000000074c4       0x4a zephyr/libzephyr.a(cbprintf_packaged.c.obj)
                0x00000000000074c4                is_ptr
 .text.arch_printk_char_out
                0x000000000000750e        0x4 zephyr/libzephyr.a(printk.c.obj)
                0x000000000000750e                arch_printk_char_out
 .text.printk   0x0000000000007512       0x1a zephyr/libzephyr.a(printk.c.obj)
                0x0000000000007512                printk
 .text.free_space
                0x000000000000752c       0x26 zephyr/libzephyr.a(mpsc_pbuf.c.obj)
 .text.get_usage
                0x0000000000007552       0x22 zephyr/libzephyr.a(mpsc_pbuf.c.obj)
 .text.idx_inc  0x0000000000007574       0x1c zephyr/libzephyr.a(mpsc_pbuf.c.obj)
 .text.rd_idx_inc
                0x0000000000007590       0x18 zephyr/libzephyr.a(mpsc_pbuf.c.obj)
 .text.add_skip_item
                0x00000000000075a8       0x3e zephyr/libzephyr.a(mpsc_pbuf.c.obj)
 .text.drop_item_locked
                0x00000000000075e6       0xee zephyr/libzephyr.a(mpsc_pbuf.c.obj)
 .text.post_drop_action
                0x00000000000076d4       0x36 zephyr/libzephyr.a(mpsc_pbuf.c.obj)
 .text.max_utilization_update
                0x000000000000770a       0x1a zephyr/libzephyr.a(mpsc_pbuf.c.obj)
 .text.mpsc_pbuf_init
                0x0000000000007724       0x42 zephyr/libzephyr.a(mpsc_pbuf.c.obj)
                0x0000000000007724                mpsc_pbuf_init
 .text.mpsc_pbuf_alloc
                0x0000000000007766       0xf8 zephyr/libzephyr.a(mpsc_pbuf.c.obj)
                0x0000000000007766                mpsc_pbuf_alloc
 .text.mpsc_pbuf_commit
                0x000000000000785e       0x3e zephyr/libzephyr.a(mpsc_pbuf.c.obj)
                0x000000000000785e                mpsc_pbuf_commit
 .text.mpsc_pbuf_claim
                0x000000000000789c       0xa8 zephyr/libzephyr.a(mpsc_pbuf.c.obj)
                0x000000000000789c                mpsc_pbuf_claim
 .text.mpsc_pbuf_free
                0x0000000000007944       0x76 zephyr/libzephyr.a(mpsc_pbuf.c.obj)
                0x0000000000007944                mpsc_pbuf_free
 .text.mpsc_pbuf_is_pending
                0x00000000000079ba       0x1a zephyr/libzephyr.a(mpsc_pbuf.c.obj)
                0x00000000000079ba                mpsc_pbuf_is_pending
 .text.process_recheck
                0x00000000000079d4       0x38 zephyr/libzephyr.a(onoff.c.obj)
 .text.validate_args
                0x0000000000007a0c       0x20 zephyr/libzephyr.a(onoff.c.obj)
 .text.notify_one
                0x0000000000007a2c       0x2c zephyr/libzephyr.a(onoff.c.obj)
 .text.transition_complete
                0x0000000000007a58       0x1a zephyr/libzephyr.a(onoff.c.obj)
 .text.onoff_manager_init
                0x0000000000007a72       0x26 zephyr/libzephyr.a(onoff.c.obj)
                0x0000000000007a72                onoff_manager_init
 .text.onoff_request
                0x0000000000007a98       0xae zephyr/libzephyr.a(onoff.c.obj)
                0x0000000000007a98                onoff_request
 .text.sys_notify_validate
                0x0000000000007b46       0x22 zephyr/libzephyr.a(notify.c.obj)
                0x0000000000007b46                sys_notify_validate
 .text.sys_notify_finalize
                0x0000000000007b68       0x1a zephyr/libzephyr.a(notify.c.obj)
                0x0000000000007b68                sys_notify_finalize
 .text._ConfigAbsSyms
                0x0000000000007b82        0x2 zephyr/libzephyr.a(configs.c.obj)
                0x0000000000007b82                _ConfigAbsSyms
 .text.log_msg_generic_get_wlen
                0x0000000000007b84       0x20 zephyr/libzephyr.a(log_core.c.obj)
 .text.dummy_timestamp
                0x0000000000007ba4        0x4 zephyr/libzephyr.a(log_core.c.obj)
 .text.default_get_timestamp
                0x0000000000007ba8        0x4 zephyr/libzephyr.a(log_core.c.obj)
 .text.atomic_inc
                0x0000000000007bac       0x12 zephyr/libzephyr.a(log_core.c.obj)
 .text.z_log_vprintk
                0x0000000000007bbe       0x1c zephyr/libzephyr.a(log_core.c.obj)
                0x0000000000007bbe                z_log_vprintk
 .text.z_log_notify_drop
                0x0000000000007bda        0x6 zephyr/libzephyr.a(log_core.c.obj)
 .text.z_log_get_tag
                0x0000000000007be0        0x4 zephyr/libzephyr.a(log_core.c.obj)
                0x0000000000007be0                z_log_get_tag
 .text.z_cbprintf_cpy
                0x0000000000007be4       0x2c zephyr/libzephyr.a(log_msg.c.obj)
 .text.z_log_msg_finalize
                0x0000000000007c10       0x32 zephyr/libzephyr.a(log_msg.c.obj)
                0x0000000000007c10                z_log_msg_finalize
 .text.z_log_msg_simple_create
                0x0000000000007c42       0x6e zephyr/libzephyr.a(log_msg.c.obj)
 .text.z_impl_z_log_msg_simple_create_0
                0x0000000000007cb0       0x12 zephyr/libzephyr.a(log_msg.c.obj)
                0x0000000000007cb0                z_impl_z_log_msg_simple_create_0
 .text.z_impl_z_log_msg_simple_create_1
                0x0000000000007cc2       0x14 zephyr/libzephyr.a(log_msg.c.obj)
                0x0000000000007cc2                z_impl_z_log_msg_simple_create_1
 .text.z_impl_z_log_msg_simple_create_2
                0x0000000000007cd6       0x18 zephyr/libzephyr.a(log_msg.c.obj)
                0x0000000000007cd6                z_impl_z_log_msg_simple_create_2
 .text.buffer_write
                0x0000000000007cee       0x1c zephyr/libzephyr.a(log_output.c.obj)
 .text.log_output_flush
                0x0000000000007d0a       0x1a zephyr/libzephyr.a(log_output.c.obj)
                0x0000000000007d0a                log_output_flush
 .text.out_func
                0x0000000000007d24       0x2e zephyr/libzephyr.a(log_output.c.obj)
 .text.cr_out_func
                0x0000000000007d52       0x1c zephyr/libzephyr.a(log_output.c.obj)
 .text.log_output_msg_process
                0x0000000000007d6e       0x6a zephyr/libzephyr.a(log_output.c.obj)
                0x0000000000007d6e                log_output_msg_process
 .text.format_set
                0x0000000000007dd8        0xc zephyr/libzephyr.a(log_backend_uart.c.obj)
 .text.log_backend_uart_init
                0x0000000000007de4        0xc zephyr/libzephyr.a(log_backend_uart.c.obj)
 .text.panic    0x0000000000007df0       0x10 zephyr/libzephyr.a(log_backend_uart.c.obj)
 .text.dropped  0x0000000000007e00        0xa zephyr/libzephyr.a(log_backend_uart.c.obj)
 .text.process  0x0000000000007e0a       0x1e zephyr/libzephyr.a(log_backend_uart.c.obj)
 .text.abort_function
                0x0000000000007e28        0x2 zephyr/libzephyr.a(nrf_cc3xx_platform_abort_zephyr.c.obj)
 .text.z_do_kernel_oops
                0x0000000000007e2a        0x8 zephyr/arch/arch/arm/core/libarch__arm__core.a(fatal.c.obj)
                0x0000000000007e2a                z_do_kernel_oops
 .text.z_arm_nmi
                0x0000000000007e32        0xe zephyr/arch/arch/arm/core/libarch__arm__core.a(nmi.c.obj)
                0x0000000000007e32                z_arm_nmi
 .text.z_log_msg_simple_create_0.constprop.0
                0x0000000000007e40        0x8 zephyr/arch/arch/arm/core/cortex_m/libarch__arm__core__cortex_m.a(fault.c.obj)
 .text.z_irq_spurious
                0x0000000000007e48        0x8 zephyr/arch/arch/arm/core/cortex_m/libarch__arm__core__cortex_m.a(irq_manage.c.obj)
                0x0000000000007e48                z_irq_spurious
 .text.configure_builtin_stack_guard
                0x0000000000007e50        0x8 zephyr/arch/arch/arm/core/cortex_m/libarch__arm__core__cortex_m.a(thread.c.obj)
                0x0000000000007e50                configure_builtin_stack_guard
 .text.arch_irq_unlock_outlined
                0x0000000000007e58        0xe zephyr/arch/arch/arm/core/cortex_m/libarch__arm__core__cortex_m.a(thread.c.obj)
                0x0000000000007e58                arch_irq_unlock_outlined
 .text.arch_cpu_idle
                0x0000000000007e66       0x32 zephyr/arch/arch/arm/core/cortex_m/libarch__arm__core__cortex_m.a(cpu_idle.c.obj)
                0x0000000000007e66                arch_cpu_idle
 .text.arch_cpu_atomic_idle
                0x0000000000007e98       0x38 zephyr/arch/arch/arm/core/cortex_m/libarch__arm__core__cortex_m.a(cpu_idle.c.obj)
                0x0000000000007e98                arch_cpu_atomic_idle
 .text.arm_cmse_mpu_region_get
                0x0000000000007ed0       0x12 zephyr/arch/arch/arm/core/cortex_m/cmse/libarch__arm__core__cortex_m__cmse.a(arm_core_cmse.c.obj)
                0x0000000000007ed0                arm_cmse_mpu_region_get
 .text.mpu_configure_region
                0x0000000000007ee2       0x32 zephyr/arch/arch/arm/core/mpu/libarch__arm__core__mpu.a(arm_mpu.c.obj)
 .text.cbputc   0x0000000000007f14        0xc zephyr/lib/libc/picolibc/liblib__libc__picolibc.a(libc-hooks.c.obj)
 .text.picolibc_put
                0x0000000000007f20        0xa zephyr/lib/libc/picolibc/liblib__libc__picolibc.a(libc-hooks.c.obj)
 .text.onoff_stop
                0x0000000000007f2a       0x10 zephyr/soc/soc/nrf5340/libsoc__nordic.a(nrf53_cpunet_mgmt.c.obj)
 .text.adc_context_on_timer_expired
                0x0000000000007f3a       0x26 zephyr/drivers/adc/libdrivers__adc.a(adc_nrfx_saadc.c.obj)
 .text.get_status
                0x0000000000007f60       0x12 zephyr/drivers/clock_control/libdrivers__clock_control.a(clock_control_nrf.c.obj)
 .text.stop     0x0000000000007f72       0x50 zephyr/drivers/clock_control/libdrivers__clock_control.a(clock_control_nrf.c.obj)
 .text.api_stop
                0x0000000000007fc2        0x6 zephyr/drivers/clock_control/libdrivers__clock_control.a(clock_control_nrf.c.obj)
 .text.async_start
                0x0000000000007fc8       0x5a zephyr/drivers/clock_control/libdrivers__clock_control.a(clock_control_nrf.c.obj)
 .text.api_start
                0x0000000000008022        0xe zephyr/drivers/clock_control/libdrivers__clock_control.a(clock_control_nrf.c.obj)
 .text.onoff_started_callback
                0x0000000000008030       0x12 zephyr/drivers/clock_control/libdrivers__clock_control.a(clock_control_nrf.c.obj)
 .text.hfclkaudio_start
                0x0000000000008042        0x6 zephyr/drivers/clock_control/libdrivers__clock_control.a(clock_control_nrf.c.obj)
 .text.hfclk192m_start
                0x0000000000008048        0x6 zephyr/drivers/clock_control/libdrivers__clock_control.a(clock_control_nrf.c.obj)
 .text.lfclk_start
                0x000000000000804e        0x6 zephyr/drivers/clock_control/libdrivers__clock_control.a(clock_control_nrf.c.obj)
 .text.hfclkaudio_stop
                0x0000000000008054        0x6 zephyr/drivers/clock_control/libdrivers__clock_control.a(clock_control_nrf.c.obj)
 .text.hfclk192m_stop
                0x000000000000805a        0x6 zephyr/drivers/clock_control/libdrivers__clock_control.a(clock_control_nrf.c.obj)
 .text.lfclk_stop
                0x0000000000008060        0x6 zephyr/drivers/clock_control/libdrivers__clock_control.a(clock_control_nrf.c.obj)
 .text.blocking_start_callback
                0x0000000000008066        0x6 zephyr/drivers/clock_control/libdrivers__clock_control.a(clock_control_nrf.c.obj)
 .text.gpio_nrfx_port_get_raw
                0x000000000000806c        0xc zephyr/drivers/gpio/libdrivers__gpio.a(gpio_nrfx.c.obj)
 .text.gpio_nrfx_port_set_masked_raw
                0x0000000000008078       0x14 zephyr/drivers/gpio/libdrivers__gpio.a(gpio_nrfx.c.obj)
 .text.gpio_nrfx_port_set_bits_raw
                0x000000000000808c        0xa zephyr/drivers/gpio/libdrivers__gpio.a(gpio_nrfx.c.obj)
 .text.gpio_nrfx_port_clear_bits_raw
                0x0000000000008096        0xa zephyr/drivers/gpio/libdrivers__gpio.a(gpio_nrfx.c.obj)
 .text.gpio_nrfx_port_toggle_bits
                0x00000000000080a0       0x14 zephyr/drivers/gpio/libdrivers__gpio.a(gpio_nrfx.c.obj)
 .text.gpio_nrfx_manage_callback
                0x00000000000080b4       0x52 zephyr/drivers/gpio/libdrivers__gpio.a(gpio_nrfx.c.obj)
 .text.mbox_nrf_register_callback
                0x0000000000008106       0x1c zephyr/drivers/mbox/libdrivers__mbox.a(mbox_nrfx_ipc.c.obj)
 .text.mbox_nrf_mtu_get
                0x0000000000008122        0x4 zephyr/drivers/mbox/libdrivers__mbox.a(mbox_nrfx_ipc.c.obj)
 .text.mbox_nrf_max_channels_get
                0x0000000000008126        0x4 zephyr/drivers/mbox/libdrivers__mbox.a(mbox_nrfx_ipc.c.obj)
 .text.pinctrl_lookup_state
                0x000000000000812a       0x26 zephyr/drivers/pinctrl/libdrivers__pinctrl.a(common.c.obj)
                0x000000000000812a                pinctrl_lookup_state
 .text.uarte_nrfx_err_check
                0x0000000000008150        0xe zephyr/drivers/serial/libdrivers__serial.a(uart_nrfx_uarte.c.obj)
 .text.uarte_nrfx_poll_in
                0x000000000000815e       0x28 zephyr/drivers/serial/libdrivers__serial.a(uart_nrfx_uarte.c.obj)
 .text.is_tx_ready.isra.0
                0x0000000000008186       0x20 zephyr/drivers/serial/libdrivers__serial.a(uart_nrfx_uarte.c.obj)
 .text.uarte_nrfx_isr_int
                0x00000000000081a6       0x6e zephyr/drivers/serial/libdrivers__serial.a(uart_nrfx_uarte.c.obj)
 .text.event_clear
                0x0000000000008214       0x18 zephyr/drivers/timer/libdrivers__timer.a(nrf_rtc_timer.c.obj)
 .text.z_nrf_rtc_timer_capture_task_address_get
                0x000000000000822c       0x14 zephyr/drivers/timer/libdrivers__timer.a(nrf_rtc_timer.c.obj)
                0x000000000000822c                z_nrf_rtc_timer_capture_task_address_get
 .text.z_nrf_rtc_timer_set
                0x0000000000008240       0x18 zephyr/drivers/timer/libdrivers__timer.a(nrf_rtc_timer.c.obj)
                0x0000000000008240                z_nrf_rtc_timer_set
 .text.sys_clock_cycle_get_32
                0x0000000000008258        0x8 zephyr/drivers/timer/libdrivers__timer.a(nrf_rtc_timer.c.obj)
                0x0000000000008258                sys_clock_cycle_get_32
 .text.gpio_pin_configure_dt
                0x0000000000008260       0x2a modules/nrf/lib/dk_buttons_and_leds/lib..__nrf__lib__dk_buttons_and_leds.a(dk_buttons_and_leds.c.obj)
 .text.gpio_pin_set
                0x000000000000828a       0x20 modules/nrf/lib/dk_buttons_and_leds/lib..__nrf__lib__dk_buttons_and_leds.a(dk_buttons_and_leds.c.obj)
 .text.z_log_msg_simple_create_0.constprop.0
                0x00000000000082aa        0x8 modules/nrf/lib/dk_buttons_and_leds/lib..__nrf__lib__dk_buttons_and_leds.a(dk_buttons_and_leds.c.obj)
 .text.dk_set_led_on
                0x00000000000082b2        0x6 modules/nrf/lib/dk_buttons_and_leds/lib..__nrf__lib__dk_buttons_and_leds.a(dk_buttons_and_leds.c.obj)
                0x00000000000082b2                dk_set_led_on
 .text.dk_set_led_off
                0x00000000000082b8        0x6 modules/nrf/lib/dk_buttons_and_leds/lib..__nrf__lib__dk_buttons_and_leds.a(dk_buttons_and_leds.c.obj)
                0x00000000000082b8                dk_set_led_off
 .text.hw_cc3xx_init_internal
                0x00000000000082be        0x4 modules/nrf/drivers/hw_cc3xx/lib..__nrf__drivers__hw_cc3xx.a(hw_cc3xx.c.obj)
 .text.hw_cc3xx_init
                0x00000000000082c2       0x12 modules/nrf/drivers/hw_cc3xx/lib..__nrf__drivers__hw_cc3xx.a(hw_cc3xx.c.obj)
 .text.nrfx_isr
                0x00000000000082d4        0x2 modules/hal_nordic/nrfx/libmodules__hal_nordic__nrfx.a(nrfx_glue.c.obj)
                0x00000000000082d4                nrfx_isr
 .text.nrfx_busy_wait
                0x00000000000082d6        0x4 modules/hal_nordic/nrfx/libmodules__hal_nordic__nrfx.a(nrfx_glue.c.obj)
                0x00000000000082d6                nrfx_busy_wait
 .text.nrfx_gppi_event_endpoint_setup
                0x00000000000082da        0xa modules/hal_nordic/nrfx/libmodules__hal_nordic__nrfx.a(nrfx_gppi_dppi.c.obj)
                0x00000000000082da                nrfx_gppi_event_endpoint_setup
 .text.nrfx_gppi_task_endpoint_setup
                0x00000000000082e4        0xa modules/hal_nordic/nrfx/libmodules__hal_nordic__nrfx.a(nrfx_gppi_dppi.c.obj)
                0x00000000000082e4                nrfx_gppi_task_endpoint_setup
 .text.nrfx_gppi_channel_endpoints_setup
                0x00000000000082ee        0xe modules/hal_nordic/nrfx/libmodules__hal_nordic__nrfx.a(nrfx_gppi_dppi.c.obj)
                0x00000000000082ee                nrfx_gppi_channel_endpoints_setup
 .text.nrfx_gppi_event_endpoint_clear
                0x00000000000082fc        0x8 modules/hal_nordic/nrfx/libmodules__hal_nordic__nrfx.a(nrfx_gppi_dppi.c.obj)
                0x00000000000082fc                nrfx_gppi_event_endpoint_clear
 .text.nrfx_gppi_task_endpoint_clear
                0x0000000000008304        0x8 modules/hal_nordic/nrfx/libmodules__hal_nordic__nrfx.a(nrfx_gppi_dppi.c.obj)
                0x0000000000008304                nrfx_gppi_task_endpoint_clear
 .text.nrfx_gppi_channel_alloc
                0x000000000000830c        0x4 modules/hal_nordic/nrfx/libmodules__hal_nordic__nrfx.a(nrfx_gppi_dppi.c.obj)
                0x000000000000830c                nrfx_gppi_channel_alloc
 .text.clock_stop
                0x0000000000008310      0x162 modules/hal_nordic/nrfx/libmodules__hal_nordic__nrfx.a(nrfx_clock.c.obj)
 .text.nrfx_clock_stop
                0x0000000000008472        0x4 modules/hal_nordic/nrfx/libmodules__hal_nordic__nrfx.a(nrfx_clock.c.obj)
                0x0000000000008472                nrfx_clock_stop
 .text.nrf_gpio_reconfigure
                0x0000000000008476       0x92 modules/hal_nordic/nrfx/libmodules__hal_nordic__nrfx.a(nrfx_gpiote.c.obj)
 .text.nrf_gpio_cfg_sense_set
                0x0000000000008508       0x1e modules/hal_nordic/nrfx/libmodules__hal_nordic__nrfx.a(nrfx_gpiote.c.obj)
 .text.pin_trigger_disable
                0x0000000000008526       0x48 modules/hal_nordic/nrfx/libmodules__hal_nordic__nrfx.a(nrfx_gpiote.c.obj)
 .text.nrfx_gpiote_pin_uninit
                0x000000000000856e        0x4 modules/hal_nordic/nrfx/libmodules__hal_nordic__nrfx.a(nrfx_gpiote.c.obj)
                0x000000000000856e                nrfx_gpiote_pin_uninit
 .text.nrfx_gpiote_trigger_disable
                0x0000000000008572        0x4 modules/hal_nordic/nrfx/libmodules__hal_nordic__nrfx.a(nrfx_gpiote.c.obj)
                0x0000000000008572                nrfx_gpiote_trigger_disable
 .text.z_impl_k_busy_wait
                0x0000000000008576        0x8 zephyr/kernel/libkernel.a(busy_wait.c.obj)
                0x0000000000008576                z_impl_k_busy_wait
 .text.z_device_state_init
                0x000000000000857e        0x2 zephyr/kernel/libkernel.a(device.c.obj)
                0x000000000000857e                z_device_state_init
 .text.z_device_is_ready
                0x0000000000008580       0x16 zephyr/kernel/libkernel.a(device.c.obj)
                0x0000000000008580                z_device_is_ready
 .text.arch_system_halt
                0x0000000000008596       0x10 zephyr/kernel/libkernel.a(fatal.c.obj)
                0x0000000000008596                arch_system_halt
 .text.do_device_init
                0x00000000000085a6       0x30 zephyr/kernel/libkernel.a(init.c.obj)
 .text.z_early_memset
                0x00000000000085d6        0x4 zephyr/kernel/libkernel.a(init.c.obj)
                0x00000000000085d6                z_early_memset
 .text.z_early_memcpy
                0x00000000000085da        0x4 zephyr/kernel/libkernel.a(init.c.obj)
                0x00000000000085da                z_early_memcpy
 .text.create_free_list
                0x00000000000085de       0x2c zephyr/kernel/libkernel.a(mem_slab.c.obj)
 .text.k_mem_slab_init
                0x000000000000860a       0x1c zephyr/kernel/libkernel.a(mem_slab.c.obj)
                0x000000000000860a                k_mem_slab_init
 .text.k_mem_slab_free
                0x0000000000008626       0x4a zephyr/kernel/libkernel.a(mem_slab.c.obj)
                0x0000000000008626                k_mem_slab_free
 .text.idle     0x0000000000008670       0x16 zephyr/kernel/libkernel.a(idle.c.obj)
                0x0000000000008670                idle
 .text.adjust_owner_prio.isra.0
                0x0000000000008686       0x10 zephyr/kernel/libkernel.a(mutex.c.obj)
 .text.z_impl_k_mutex_init
                0x0000000000008696        0xe zephyr/kernel/libkernel.a(mutex.c.obj)
                0x0000000000008696                z_impl_k_mutex_init
 .text.z_impl_k_sem_init
                0x00000000000086a4       0x18 zephyr/kernel/libkernel.a(sem.c.obj)
                0x00000000000086a4                z_impl_k_sem_init
 .text.flag_test_and_clear
                0x00000000000086bc       0x16 zephyr/kernel/libkernel.a(work.c.obj)
 .text.unschedule_locked
                0x00000000000086d2       0x1e zephyr/kernel/libkernel.a(work.c.obj)
 .text.notify_queue_locked.isra.0
                0x00000000000086f0        0xe zephyr/kernel/libkernel.a(work.c.obj)
 .text.work_timeout
                0x00000000000086fe       0x3c zephyr/kernel/libkernel.a(work.c.obj)
 .text.k_work_init_delayable
                0x000000000000873a       0x18 zephyr/kernel/libkernel.a(work.c.obj)
                0x000000000000873a                k_work_init_delayable
 .text.k_is_in_isr
                0x0000000000008752        0xc zephyr/kernel/libkernel.a(thread.c.obj)
                0x0000000000008752                k_is_in_isr
 .text.z_impl_k_thread_name_set
                0x000000000000875e        0x6 zephyr/kernel/libkernel.a(thread.c.obj)
                0x000000000000875e                z_impl_k_thread_name_set
 .text.k_thread_name_get
                0x0000000000008764        0x4 zephyr/kernel/libkernel.a(thread.c.obj)
                0x0000000000008764                k_thread_name_get
 .text.z_impl_k_thread_start
                0x0000000000008768        0x4 zephyr/kernel/libkernel.a(thread.c.obj)
                0x0000000000008768                z_impl_k_thread_start
 .text.sys_dlist_remove
                0x000000000000876c       0x10 zephyr/kernel/libkernel.a(sched.c.obj)
 .text.unpend_thread_no_timeout
                0x000000000000877c       0x14 zephyr/kernel/libkernel.a(sched.c.obj)
 .text.add_to_waitq_locked
                0x0000000000008790       0x50 zephyr/kernel/libkernel.a(sched.c.obj)
 .text.z_ready_thread
                0x00000000000087e0       0x1e zephyr/kernel/libkernel.a(sched.c.obj)
                0x00000000000087e0                z_ready_thread
 .text.z_impl_k_thread_suspend
                0x00000000000087fe       0x34 zephyr/kernel/libkernel.a(sched.c.obj)
                0x00000000000087fe                z_impl_k_thread_suspend
 .text.z_unpend_thread_no_timeout
                0x0000000000008832       0x22 zephyr/kernel/libkernel.a(sched.c.obj)
                0x0000000000008832                z_unpend_thread_no_timeout
 .text.z_sched_wake_thread
                0x0000000000008854       0x42 zephyr/kernel/libkernel.a(sched.c.obj)
                0x0000000000008854                z_sched_wake_thread
 .text.z_thread_timeout
                0x0000000000008896        0x8 zephyr/kernel/libkernel.a(sched.c.obj)
                0x0000000000008896                z_thread_timeout
 .text.z_unpend1_no_timeout
                0x000000000000889e       0x2c zephyr/kernel/libkernel.a(sched.c.obj)
                0x000000000000889e                z_unpend1_no_timeout
 .text.z_unpend_first_thread
                0x00000000000088ca       0x36 zephyr/kernel/libkernel.a(sched.c.obj)
                0x00000000000088ca                z_unpend_first_thread
 .text.z_thread_abort
                0x0000000000008900       0x44 zephyr/kernel/libkernel.a(sched.c.obj)
                0x0000000000008900                z_thread_abort
 .text.z_sched_wake
                0x0000000000008944       0x44 zephyr/kernel/libkernel.a(sched.c.obj)
                0x0000000000008944                z_sched_wake
 .text.z_abort_timeout
                0x0000000000008988       0x2a zephyr/kernel/libkernel.a(timeout.c.obj)
                0x0000000000008988                z_abort_timeout
 .text.sys_clock_tick_get_32
                0x00000000000089b2        0x8 zephyr/kernel/libkernel.a(timeout.c.obj)
                0x00000000000089b2                sys_clock_tick_get_32
 .text.z_impl_k_uptime_ticks
                0x00000000000089ba        0x4 zephyr/kernel/libkernel.a(timeout.c.obj)
                0x00000000000089ba                z_impl_k_uptime_ticks
 .text.k_timer_init
                0x00000000000089be       0x18 zephyr/kernel/libkernel.a(timer.c.obj)
                0x00000000000089be                k_timer_init
 .text.z_impl_k_timer_stop
                0x00000000000089d6       0x38 zephyr/kernel/libkernel.a(timer.c.obj)
                0x00000000000089d6                z_impl_k_timer_stop
 .text.strnlen  0x0000000000008a0e       0x18 c:\ncs\toolchains\ce3b5ff664\opt\zephyr-sdk\arm-zephyr-eabi\bin\../lib/gcc/../../picolibc/arm-zephyr-eabi/lib/thumb/v8-m.main/nofp\libc.a(libc_string_strnlen.c.o)
                0x0000000000008a0e                strnlen
 .text.__ultoa_invert
                0x0000000000008a26       0xac c:\ncs\toolchains\ce3b5ff664\opt\zephyr-sdk\arm-zephyr-eabi\bin\../lib/gcc/../../picolibc/arm-zephyr-eabi/lib/thumb/v8-m.main/nofp\libc.a(libc_tinystdio_vflprintf.c.o)
 .text.memcpy   0x0000000000008ad2       0x1a c:\ncs\toolchains\ce3b5ff664\opt\zephyr-sdk\arm-zephyr-eabi\bin\../lib/gcc/../../picolibc/arm-zephyr-eabi/lib/thumb/v8-m.main/nofp\libc.a(memcpy.c.o)
                0x0000000000008ad2                __aeabi_memcpy
                0x0000000000008ad2                __aeabi_memcpy4
                0x0000000000008ad2                __aeabi_memcpy8
                0x0000000000008ad2                memcpy
 .text.memset   0x0000000000008aec       0x10 c:\ncs\toolchains\ce3b5ff664\opt\zephyr-sdk\arm-zephyr-eabi\bin\../lib/gcc/../../picolibc/arm-zephyr-eabi/lib/thumb/v8-m.main/nofp\libc.a(memset.c.o)
                0x0000000000008aec                memset
 .text.__file_str_put
                0x0000000000008afc       0x10 c:\ncs\toolchains\ce3b5ff664\opt\zephyr-sdk\arm-zephyr-eabi\bin\../lib/gcc/../../picolibc/arm-zephyr-eabi/lib/thumb/v8-m.main/nofp\libc.a(libc_tinystdio_filestrput.c.o)
                0x0000000000008afc                __file_str_put
 *(SORT_BY_ALIGNMENT(.TEXT.*))
 .TEXT.__aeabi_read_tp
                0x0000000000008b0c        0xc zephyr/arch/arch/arm/core/cortex_m/libarch__arm__core__cortex_m.a(__aeabi_read_tp.S.obj)
                0x0000000000008b0c                __aeabi_read_tp
 *(SORT_BY_ALIGNMENT(.gnu.linkonce.t.*))
 *(SORT_BY_ALIGNMENT(.glue_7t))
 .glue_7t       0x0000000000008b18        0x0 linker stubs
 *(SORT_BY_ALIGNMENT(.glue_7))
 .glue_7        0x0000000000008b18        0x0 linker stubs
 *(SORT_BY_ALIGNMENT(.vfp11_veneer))
 .vfp11_veneer  0x0000000000008b18        0x0 linker stubs
 *(SORT_BY_ALIGNMENT(.v4_bx))
 .v4_bx         0x0000000000008b18        0x0 linker stubs
                0x0000000000008b18                . = ALIGN (0x4)
                0x0000000000008b18                __text_region_end = .

.ARM.exidx      0x0000000000008b18        0x8
                0x0000000000008b18                __exidx_start = .
 *(SORT_BY_ALIGNMENT(.ARM.exidx*) SORT_BY_ALIGNMENT(gnu.linkonce.armexidx.*))
 .ARM.exidx     0x0000000000008b18        0x8 c:/ncs/toolchains/ce3b5ff664/opt/zephyr-sdk/arm-zephyr-eabi/bin/../lib/gcc/arm-zephyr-eabi/12.2.0/thumb/v8-m.main/nofp\libgcc.a(_udivmoddi4.o)
 .ARM.exidx     0x0000000000008b20        0x0 c:\ncs\toolchains\ce3b5ff664\opt\zephyr-sdk\arm-zephyr-eabi\bin\../lib/gcc/../../picolibc/arm-zephyr-eabi/lib/thumb/v8-m.main/nofp\libc.a(strlen.S.o)
                                          0x8 (size before relaxing)
                0x0000000000008b20                __exidx_end = .
                0x0000000000008b20                __rodata_region_start = .

initlevel       0x0000000000008b20       0x90
                0x0000000000008b20                __init_start = .
                0x0000000000008b20                __init_EARLY_start = .
 *(SORT_BY_NAME(SORT_BY_ALIGNMENT(.z_init_EARLY?_*)))
 *(SORT_BY_NAME(SORT_BY_ALIGNMENT(.z_init_EARLY??_*)))
                0x0000000000008b20                __init_PRE_KERNEL_1_start = .
 *(SORT_BY_NAME(SORT_BY_ALIGNMENT(.z_init_PRE_KERNEL_1?_*)))
 .z_init_PRE_KERNEL_10_0_
                0x0000000000008b20        0x8 zephyr/soc/soc/nrf5340/libsoc__nordic.a(soc.c.obj)
 .z_init_PRE_KERNEL_10_0_
                0x0000000000008b28        0x8 zephyr/soc/soc/nrf5340/libsoc__nordic.a(nrf53_cpunet_mgmt.c.obj)
 *(SORT_BY_NAME(SORT_BY_ALIGNMENT(.z_init_PRE_KERNEL_1??_*)))
 .z_init_PRE_KERNEL_130_00078_
                0x0000000000008b30        0x8 zephyr/drivers/clock_control/libdrivers__clock_control.a(clock_control_nrf.c.obj)
 .z_init_PRE_KERNEL_130_0_
                0x0000000000008b38        0x8 zephyr/kernel/libkernel.a(mem_slab.c.obj)
 .z_init_PRE_KERNEL_140_00014_
                0x0000000000008b40        0x8 zephyr/drivers/gpio/libdrivers__gpio.a(gpio_nrfx.c.obj)
 .z_init_PRE_KERNEL_140_00034_
                0x0000000000008b48        0x8 zephyr/drivers/gpio/libdrivers__gpio.a(gpio_nrfx.c.obj)
 .z_init_PRE_KERNEL_140_0_
                0x0000000000008b50        0x8 modules/nrf/drivers/hw_cc3xx/lib..__nrf__drivers__hw_cc3xx.a(hw_cc3xx.c.obj)
 .z_init_PRE_KERNEL_150_00117_
                0x0000000000008b58        0x8 zephyr/drivers/serial/libdrivers__serial.a(uart_nrfx_uarte.c.obj)
 .z_init_PRE_KERNEL_160_0_
                0x0000000000008b60        0x8 zephyr/drivers/console/libdrivers__console.a(uart_console.c.obj)
                0x0000000000008b68                __init_PRE_KERNEL_2_start = .
 *(SORT_BY_NAME(SORT_BY_ALIGNMENT(.z_init_PRE_KERNEL_2?_*)))
 .z_init_PRE_KERNEL_20_0_
                0x0000000000008b68        0x8 zephyr/drivers/timer/libdrivers__timer.a(nrf_rtc_timer.c.obj)
 *(SORT_BY_NAME(SORT_BY_ALIGNMENT(.z_init_PRE_KERNEL_2??_*)))
                0x0000000000008b70                __init_POST_KERNEL_start = .
 *(SORT_BY_NAME(SORT_BY_ALIGNMENT(.z_init_POST_KERNEL?_*)))
 .z_init_POST_KERNEL0_0_
                0x0000000000008b70        0x8 zephyr/libzephyr.a(log_core.c.obj)
 .z_init_POST_KERNEL0_0_
                0x0000000000008b78        0x8 zephyr/soc/soc/nrf5340/libsoc__nordic.a(soc.c.obj)
 *(SORT_BY_NAME(SORT_BY_ALIGNMENT(.z_init_POST_KERNEL??_*)))
 .z_init_POST_KERNEL40_00027_
                0x0000000000008b80        0x8 zephyr/drivers/mbox/libdrivers__mbox.a(mbox_nrfx_ipc.c.obj)
 .z_init_POST_KERNEL40_0_
                0x0000000000008b88        0x8 zephyr/lib/libc/common/liblib__libc__common.a(malloc.c.obj)
 .z_init_POST_KERNEL40_0_
                0x0000000000008b90        0x8 modules/nrf/drivers/hw_cc3xx/lib..__nrf__drivers__hw_cc3xx.a(hw_cc3xx.c.obj)
 .z_init_POST_KERNEL40_0_
                0x0000000000008b98        0x8 zephyr/kernel/libkernel.a(system_work_q.c.obj)
 .z_init_POST_KERNEL50_00011_
                0x0000000000008ba0        0x8 zephyr/drivers/adc/libdrivers__adc.a(adc_nrfx_saadc.c.obj)
 .z_init_POST_KERNEL90_0_
                0x0000000000008ba8        0x8 zephyr/soc/soc/nrf5340/libsoc__nordic.a(sync_rtc.c.obj)
                0x0000000000008bb0                __init_APPLICATION_start = .
 *(SORT_BY_NAME(SORT_BY_ALIGNMENT(.z_init_APPLICATION?_*)))
 *(SORT_BY_NAME(SORT_BY_ALIGNMENT(.z_init_APPLICATION??_*)))
                0x0000000000008bb0                __init_SMP_start = .
 *(SORT_BY_NAME(SORT_BY_ALIGNMENT(.z_init_SMP?_*)))
 *(SORT_BY_NAME(SORT_BY_ALIGNMENT(.z_init_SMP??_*)))
                0x0000000000008bb0                __init_end = .
                0x0000000000008bb0                __deferred_init_list_start = .
 *(SORT_BY_ALIGNMENT(.z_deferred_init))
                0x0000000000008bb0                __deferred_init_list_end = .

device_area     0x0000000000008bb0       0x78
                0x0000000000008bb0                _device_list_start = .
 *(SORT_BY_NAME(SORT_BY_ALIGNMENT(._device.static.*_?_*)))
 *(SORT_BY_NAME(SORT_BY_ALIGNMENT(._device.static.*_??_*)))
 ._device.static.1_30_
                0x0000000000008bb0       0x14 zephyr/drivers/clock_control/libdrivers__clock_control.a(clock_control_nrf.c.obj)
                0x0000000000008bb0                __device_dts_ord_78
 ._device.static.1_40_
                0x0000000000008bc4       0x28 zephyr/drivers/gpio/libdrivers__gpio.a(gpio_nrfx.c.obj)
                0x0000000000008bc4                __device_dts_ord_34
                0x0000000000008bd8                __device_dts_ord_14
 ._device.static.1_50_
                0x0000000000008bec       0x14 zephyr/drivers/serial/libdrivers__serial.a(uart_nrfx_uarte.c.obj)
                0x0000000000008bec                __device_dts_ord_117
 ._device.static.3_40_
                0x0000000000008c00       0x14 zephyr/drivers/mbox/libdrivers__mbox.a(mbox_nrfx_ipc.c.obj)
                0x0000000000008c00                __device_dts_ord_27
 ._device.static.3_50_
                0x0000000000008c14       0x14 zephyr/drivers/adc/libdrivers__adc.a(adc_nrfx_saadc.c.obj)
                0x0000000000008c14                __device_dts_ord_11
                0x0000000000008c28                _device_list_end = .

sw_isr_table    0x0000000000008c28      0x228
                0x0000000000008c28                . = ALIGN (0x4)
 *(SORT_BY_ALIGNMENT(.gnu.linkonce.sw_isr_table*))
 .gnu.linkonce.sw_isr_table
                0x0000000000008c28      0x228 zephyr/CMakeFiles/zephyr_final.dir/isr_tables.c.obj
                0x0000000000008c28                _sw_isr_table

initlevel_error
                0x0000000000008b20        0x0
 *(SORT_BY_NAME(SORT_BY_ALIGNMENT(.z_init_[_A-Z0-9]*)))
                0x0000000000000001                ASSERT ((SIZEOF (initlevel_error) == 0x0), Undefined initialization levels used.)

app_shmem_regions
                0x0000000000008e50        0x0
                0x0000000000008e50                __app_shmem_regions_start = .
 *(SORT_BY_NAME(SORT_BY_ALIGNMENT(.app_regions.*)))
                0x0000000000008e50                __app_shmem_regions_end = .

k_p4wq_initparam_area
                0x0000000000008e50        0x0
                0x0000000000008e50                _k_p4wq_initparam_list_start = .
 *(SORT_BY_NAME(SORT_BY_ALIGNMENT(._k_p4wq_initparam.static.*)))
                0x0000000000008e50                _k_p4wq_initparam_list_end = .

_static_thread_data_area
                0x0000000000008e50        0x0
                0x0000000000008e50                __static_thread_data_list_start = .
 *(SORT_BY_NAME(SORT_BY_ALIGNMENT(.__static_thread_data.static.*)))
                0x0000000000008e50                __static_thread_data_list_end = .

device_deps     0x0000000000008e50        0x0
                0x0000000000008e50                __device_deps_start = .
 *(SORT_BY_NAME(SORT_BY_ALIGNMENT(.__device_deps_pass2*)))
                0x0000000000008e50                __device_deps_end = .

ztest           0x0000000000008e50        0x0
                0x0000000000008e50                _ztest_expected_result_entry_list_start = .
 *(SORT_BY_NAME(SORT_BY_ALIGNMENT(._ztest_expected_result_entry.static.*)))
                0x0000000000008e50                _ztest_expected_result_entry_list_end = .
                0x0000000000008e50                _ztest_suite_node_list_start = .
 *(SORT_BY_NAME(SORT_BY_ALIGNMENT(._ztest_suite_node.static.*)))
                0x0000000000008e50                _ztest_suite_node_list_end = .
                0x0000000000008e50                _ztest_unit_test_list_start = .
 *(SORT_BY_NAME(SORT_BY_ALIGNMENT(._ztest_unit_test.static.*)))
                0x0000000000008e50                _ztest_unit_test_list_end = .
                0x0000000000008e50                _ztest_test_rule_list_start = .
 *(SORT_BY_NAME(SORT_BY_ALIGNMENT(._ztest_test_rule.static.*)))
                0x0000000000008e50                _ztest_test_rule_list_end = .

bt_l2cap_fixed_chan_area
                0x0000000000008e50        0x0
                0x0000000000008e50                _bt_l2cap_fixed_chan_list_start = .
 *(SORT_BY_NAME(SORT_BY_ALIGNMENT(._bt_l2cap_fixed_chan.static.*)))
                0x0000000000008e50                _bt_l2cap_fixed_chan_list_end = .

bt_gatt_service_static_area
                0x0000000000008e50        0x0
                0x0000000000008e50                _bt_gatt_service_static_list_start = .
 *(SORT_BY_NAME(SORT_BY_ALIGNMENT(._bt_gatt_service_static.static.*)))
                0x0000000000008e50                _bt_gatt_service_static_list_end = .

log_strings_area
                0x0000000000008e50        0x0
                0x0000000000008e50                _log_strings_list_start = .
 *(SORT_BY_NAME(SORT_BY_ALIGNMENT(._log_strings.static.*)))
                0x0000000000008e50                _log_strings_list_end = .

log_const_area  0x0000000000008e50       0x70
                0x0000000000008e50                _log_const_list_start = .
 *(SORT_BY_NAME(SORT_BY_ALIGNMENT(._log_const.static.*)))
 ._log_const.static.log_const_MAIN_
                0x0000000000008e50        0x8 app/libapp.a(main.c.obj)
                0x0000000000008e50                log_const_MAIN
 ._log_const.static.log_const_adc_nrfx_saadc_
                0x0000000000008e58        0x8 zephyr/drivers/adc/libdrivers__adc.a(adc_nrfx_saadc.c.obj)
                0x0000000000008e58                log_const_adc_nrfx_saadc
 ._log_const.static.log_const_cbprintf_package_
                0x0000000000008e60        0x8 zephyr/libzephyr.a(cbprintf_packaged.c.obj)
                0x0000000000008e60                log_const_cbprintf_package
 ._log_const.static.log_const_clock_control_
                0x0000000000008e68        0x8 zephyr/drivers/clock_control/libdrivers__clock_control.a(clock_control_nrf.c.obj)
                0x0000000000008e68                log_const_clock_control
 ._log_const.static.log_const_dk_buttons_and_leds_
                0x0000000000008e70        0x8 modules/nrf/lib/dk_buttons_and_leds/lib..__nrf__lib__dk_buttons_and_leds.a(dk_buttons_and_leds.c.obj)
                0x0000000000008e70                log_const_dk_buttons_and_leds
 ._log_const.static.log_const_log_
                0x0000000000008e78        0x8 zephyr/libzephyr.a(log_core.c.obj)
                0x0000000000008e78                log_const_log
 ._log_const.static.log_const_log_mgmt_
                0x0000000000008e80        0x8 zephyr/libzephyr.a(log_mgmt.c.obj)
                0x0000000000008e80                log_const_log_mgmt
 ._log_const.static.log_const_log_uart_
                0x0000000000008e88        0x8 zephyr/libzephyr.a(log_backend_uart.c.obj)
                0x0000000000008e88                log_const_log_uart
 ._log_const.static.log_const_mbox_nrfx_ipc_
                0x0000000000008e90        0x8 zephyr/drivers/mbox/libdrivers__mbox.a(mbox_nrfx_ipc.c.obj)
                0x0000000000008e90                log_const_mbox_nrfx_ipc
 ._log_const.static.log_const_mpu_
                0x0000000000008e98        0x8 zephyr/arch/arch/arm/core/mpu/libarch__arm__core__mpu.a(arm_core_mpu.c.obj)
                0x0000000000008e98                log_const_mpu
 ._log_const.static.log_const_os_
                0x0000000000008ea0        0x8 zephyr/kernel/libkernel.a(init.c.obj)
                0x0000000000008ea0                log_const_os
 ._log_const.static.log_const_soc_
                0x0000000000008ea8        0x8 zephyr/soc/soc/nrf5340/libsoc__nordic.a(soc.c.obj)