Archive member included to satisfy reference by file (symbol)

app/libapp.a(main.c.obj)      (--whole-archive)
app/libapp.a(my_lbs.c.obj)    (--whole-archive)
zephyr/libzephyr.a(heap.c.obj)
                              (--whole-archive)
zephyr/libzephyr.a(cbprintf_packaged.c.obj)
                              (--whole-archive)
zephyr/libzephyr.a(printk.c.obj)
                              (--whole-archive)
zephyr/libzephyr.a(sem.c.obj)
                              (--whole-archive)
zephyr/libzephyr.a(thread_entry.c.obj)
                              (--whole-archive)
zephyr/libzephyr.a(cbprintf_complete.c.obj)
                              (--whole-archive)
zephyr/libzephyr.a(assert.c.obj)
                              (--whole-archive)
zephyr/libzephyr.a(mpsc_pbuf.c.obj)
                              (--whole-archive)
zephyr/libzephyr.a(dec.c.obj)
                              (--whole-archive)
zephyr/libzephyr.a(hex.c.obj)
                              (--whole-archive)
zephyr/libzephyr.a(rb.c.obj)  (--whole-archive)
zephyr/libzephyr.a(timeutil.c.obj)
                              (--whole-archive)
zephyr/libzephyr.a(bitarray.c.obj)
                              (--whole-archive)
zephyr/libzephyr.a(onoff.c.obj)
                              (--whole-archive)
zephyr/libzephyr.a(notify.c.obj)
                              (--whole-archive)
zephyr/libzephyr.a(configs.c.obj)
                              (--whole-archive)
zephyr/libzephyr.a(ipc_service.c.obj)
                              (--whole-archive)
zephyr/libzephyr.a(ipc_rpmsg_static_vrings.c.obj)
                              (--whole-archive)
zephyr/libzephyr.a(ipc_rpmsg.c.obj)
                              (--whole-archive)
zephyr/libzephyr.a(ipc_static_vrings.c.obj)
                              (--whole-archive)
zephyr/libzephyr.a(log_core.c.obj)
                              (--whole-archive)
zephyr/libzephyr.a(log_mgmt.c.obj)
                              (--whole-archive)
zephyr/libzephyr.a(log_cache.c.obj)
                              (--whole-archive)
zephyr/libzephyr.a(log_msg.c.obj)
                              (--whole-archive)
zephyr/libzephyr.a(log_output.c.obj)
                              (--whole-archive)
zephyr/libzephyr.a(log_backend_uart.c.obj)
                              (--whole-archive)
zephyr/libzephyr.a(mem_attr.c.obj)
                              (--whole-archive)
zephyr/libzephyr.a(tracing_none.c.obj)
                              (--whole-archive)
zephyr/libzephyr.a(addr_utils.c.obj)
                              (--whole-archive)
zephyr/libzephyr.a(banner.c.obj)
                              (--whole-archive)
zephyr/libzephyr.a(host_extensions.c.obj)
                              (--whole-archive)
zephyr/libzephyr.a(flash_map_partition_manager.c.obj)
                              (--whole-archive)
zephyr/libzephyr.a(utils.c.obj)
                              (--whole-archive)
zephyr/libzephyr.a(aes_decrypt.c.obj)
                              (--whole-archive)
zephyr/libzephyr.a(aes_encrypt.c.obj)
                              (--whole-archive)
zephyr/libzephyr.a(cmac_mode.c.obj)
                              (--whole-archive)
zephyr/libzephyr.a(sha256.c.obj)
                              (--whole-archive)
zephyr/libzephyr.a(hmac.c.obj)
                              (--whole-archive)
zephyr/libzephyr.a(hmac_prng.c.obj)
                              (--whole-archive)
zephyr/libzephyr.a(nrf_cc3xx_platform_abort_zephyr.c.obj)
                              (--whole-archive)
zephyr/libzephyr.a(nrf_cc3xx_platform_mutex_zephyr.c.obj)
                              (--whole-archive)
zephyr/arch/common/libarch__common.a(sw_isr_common.c.obj)
                              (--whole-archive)
zephyr/arch/arch/arm/core/libarch__arm__core.a(fatal.c.obj)
                              (--whole-archive)
zephyr/arch/arch/arm/core/libarch__arm__core.a(nmi.c.obj)
                              (--whole-archive)
zephyr/arch/arch/arm/core/libarch__arm__core.a(nmi_on_reset.S.obj)
                              (--whole-archive)
zephyr/arch/arch/arm/core/libarch__arm__core.a(tls.c.obj)
                              (--whole-archive)
zephyr/arch/arch/arm/core/cortex_m/libarch__arm__core__cortex_m.a(exc_exit.c.obj)
                              (--whole-archive)
zephyr/arch/arch/arm/core/cortex_m/libarch__arm__core__cortex_m.a(fault.c.obj)
                              (--whole-archive)
zephyr/arch/arch/arm/core/cortex_m/libarch__arm__core__cortex_m.a(fault_s.S.obj)
                              (--whole-archive)
zephyr/arch/arch/arm/core/cortex_m/libarch__arm__core__cortex_m.a(fpu.c.obj)
                              (--whole-archive)
zephyr/arch/arch/arm/core/cortex_m/libarch__arm__core__cortex_m.a(reset.S.obj)
                              (--whole-archive)
zephyr/arch/arch/arm/core/cortex_m/libarch__arm__core__cortex_m.a(scb.c.obj)
                              (--whole-archive)
[...]
Memory Configuration

Name             Origin             Length             Attributes
FLASH            0x0000000000000000 0x0000000000100000 xr
RAM              0x0000000020000000 0x0000000000070000 xw
IDT_LIST         0x00000000ffff7fff 0x0000000000008000 xw
*default*        0x0000000000000000 0xffffffffffffffff

Linker script and memory map

                0x000000000000d8cc                vfprintf = __l_vfprintf
                0x0000000000000000                vfscanf = __l_vfscanf
LOAD zephyr/CMakeFiles/zephyr_pre0.dir/misc/empty_file.c.obj
LOAD zephyr/CMakeFiles/offsets.dir/./arch/arm/core/offsets/offsets.c.obj
LOAD app/libapp.a
LOAD zephyr/libzephyr.a
LOAD zephyr/arch/common/libarch__common.a
LOAD zephyr/arch/arch/arm/core/libarch__arm__core.a
LOAD zephyr/arch/arch/arm/core/cortex_m/libarch__arm__core__cortex_m.a
LOAD zephyr/arch/arch/arm/core/cortex_m/cmse/libarch__arm__core__cortex_m__cmse.a
LOAD zephyr/arch/arch/arm/core/mpu/libarch__arm__core__mpu.a
LOAD zephyr/lib/libc/picolibc/liblib__libc__picolibc.a
LOAD zephyr/lib/libc/common/liblib__libc__common.a
LOAD zephyr/soc/soc/nrf5340/libsoc__nordic.a
LOAD zephyr/boards/nordic/nrf5340dk/libboards__nordic__nrf5340dk.a
LOAD zephyr/subsys/bluetooth/common/libsubsys__bluetooth__common.a
LOAD zephyr/subsys/bluetooth/host/libsubsys__bluetooth__host.a
LOAD zephyr/subsys/net/libsubsys__net.a
LOAD zephyr/drivers/bluetooth/libdrivers__bluetooth.a
LOAD zephyr/drivers/clock_control/libdrivers__clock_control.a
LOAD zephyr/drivers/console/libdrivers__console.a
LOAD zephyr/drivers/gpio/libdrivers__gpio.a
LOAD zephyr/drivers/mbox/libdrivers__mbox.a
LOAD zephyr/drivers/pinctrl/libdrivers__pinctrl.a
LOAD zephyr/drivers/serial/libdrivers__serial.a
LOAD zephyr/drivers/timer/libdrivers__timer.a
LOAD modules/nrf/lib/dk_buttons_and_leds/lib..__nrf__lib__dk_buttons_and_leds.a
LOAD modules/nrf/drivers/hw_cc3xx/lib..__nrf__drivers__hw_cc3xx.a
LOAD modules/hal_nordic/nrfx/libmodules__hal_nordic__nrfx.a
LOAD modules/libmetal/libmetal/lib/libmetal.a
LOAD modules/open-amp/open-amp/lib/libopen_amp.a
LOAD zephyr/kernel/libkernel.a
LOAD c:/ncs/toolchains/ce3b5ff664/opt/zephyr-sdk/arm-zephyr-eabi/bin/../lib/gcc/arm-zephyr-eabi/12.2.0/thumb/v8-m.main/nofp\libgcc.a
LOAD zephyr/arch/common/libisr_tables.a
LOAD C:/ncs/v2.7.0/nrfxlib/crypto/nrf_cc312_platform/lib/cortex-m33/soft-float/no-interrupts/libnrf_cc312_platform_0.9.19.a
LOAD c:\ncs\toolchains\ce3b5ff664\opt\zephyr-sdk\arm-zephyr-eabi\bin\../lib/gcc/../../picolibc/arm-zephyr-eabi/lib/thumb/v8-m.main/nofp\libc.a
LOAD c:/ncs/toolchains/ce3b5ff664/opt/zephyr-sdk/arm-zephyr-eabi/bin/../lib/gcc/arm-zephyr-eabi/12.2.0/thumb/v8-m.main/nofp\libgcc.a
                0x0000000000000020                _region_min_align = 0x20

.rel.plt        0x0000000000000000        0x0
 *(SORT_BY_ALIGNMENT(.rel.plt))
                [!provide]                        PROVIDE (__rel_iplt_start = .)
 *(SORT_BY_ALIGNMENT(.rel.iplt))
 .rel.iplt      0x0000000000000000        0x0 app/libapp.a(main.c.obj)
                [!provide]                        PROVIDE (__rel_iplt_end = .)

.rela.plt       0x0000000000000000        0x0
 *(SORT_BY_ALIGNMENT(.rela.plt))
                [!provide]                        PROVIDE (__rela_iplt_start = .)
 *(SORT_BY_ALIGNMENT(.rela.iplt))
                [!provide]                        PROVIDE (__rela_iplt_end = .)

.rel.dyn
 *(SORT_BY_ALIGNMENT(.rel.*))

.rela.dyn
 *(SORT_BY_ALIGNMENT(.rela.*))

/DISCARD/
 *(SORT_BY_ALIGNMENT(.plt))

/DISCARD/
 *(SORT_BY_ALIGNMENT(.iplt))
                0x0000000000000000                __rom_region_start = 0x0

rom_start       0x0000000000000000      0x154
                0x0000000000000000                __rom_start_address = .
 FILL mask 0x00
                0x0000000000000000                . = (. + (0x0 - (. - __rom_start_address)))
                0x0000000000000000                . = ALIGN (0x4)
                0x0000000000000000                . = ALIGN (0x80)
                0x0000000000000000                . = ALIGN (0x200)
                0x0000000000000000                _vector_start = .
 *(SORT_BY_ALIGNMENT(.exc_vector_table))
 *(SORT_BY_ALIGNMENT(.exc_vector_table.*))
 .exc_vector_table._vector_table_section
                0x0000000000000000       0x40 zephyr/arch/arch/arm/core/cortex_m/libarch__arm__core__cortex_m.a(vector_table.S.obj)
                0x0000000000000000                _vector_table
 *(SORT_BY_ALIGNMENT(.vectors))
                0x0000000000000154                _vector_end = .
                0x0000000000000040                . = ALIGN (0x4)
 *(SORT_BY_ALIGNMENT(.gnu.linkonce.irq_vector_table*))
 .gnu.linkonce.irq_vector_table
                0x0000000000000040      0x114 zephyr/arch/common/libisr_tables.a(isr_tables.c.obj)
                0x0000000000000040                _irq_vector_table
                0x0000000000000154                _vector_end = .

text            0x0000000000000154    0x12e68
                0x0000000000000154                __text_region_start = .
 *(SORT_BY_ALIGNMENT(.text))
 .text          0x0000000000000154       0x14 c:\ncs\toolchains\ce3b5ff664\opt\zephyr-sdk\arm-zephyr-eabi\bin\../lib/gcc/../../picolibc/arm-zephyr-eabi/lib/thumb/v8-m.main/nofp\libc.a(strcmp.S.o)
                0x0000000000000154                strcmp
 .text          0x0000000000000168       0x10 c:\ncs\toolchains\ce3b5ff664\opt\zephyr-sdk\arm-zephyr-eabi\bin\../lib/gcc/../../picolibc/arm-zephyr-eabi/lib/thumb/v8-m.main/nofp\libc.a(strcpy.S.o)
                0x0000000000000168                strcpy
 .text          0x0000000000000178       0x10 c:\ncs\toolchains\ce3b5ff664\opt\zephyr-sdk\arm-zephyr-eabi\bin\../lib/gcc/../../picolibc/arm-zephyr-eabi/lib/thumb/v8-m.main/nofp\libc.a(strlen.S.o)
                0x0000000000000178                strlen
 *(SORT_BY_ALIGNMENT(.text.*))
 .text.app_button_cb
                0x0000000000000188        0xc app/libapp.a(main.c.obj)
 .text.on_disconnected
                0x0000000000000194       0x18 app/libapp.a(main.c.obj)
 .text.on_connected
                0x00000000000001ac       0x28 app/libapp.a(main.c.obj)
 .text.button_changed
                0x00000000000001d4       0x1c app/libapp.a(main.c.obj)
 .text.send_data_thread
                0x00000000000001f0       0x28 app/libapp.a(main.c.obj)
                0x00000000000001f0                send_data_thread
 .text.main     0x0000000000000218       0xe8 app/libapp.a(main.c.obj)
                0x0000000000000218                main
 .text.mylbsbc_ccc_cfg_changed
                0x0000000000000300       0x10 app/libapp.a(my_lbs.c.obj)
 .text.mylbsbc_ccc_mysensor_cfg_changed
                0x0000000000000310       0x10 app/libapp.a(my_lbs.c.obj)
 .text.write_led
                0x0000000000000320       0x3c app/libapp.a(my_lbs.c.obj)
 .text.read_button
                0x000000000000035c       0x44 app/libapp.a(my_lbs.c.obj)
 .text.my_lbs_init
                0x00000000000003a0       0x14 app/libapp.a(my_lbs.c.obj)
                0x00000000000003a0                my_lbs_init
 .text.my_lbs_send_button_state_indicate
                0x00000000000003b4       0x44 app/libapp.a(my_lbs.c.obj)
                0x00000000000003b4                my_lbs_send_button_state_indicate
 .text.my_lbs_send_sensor_notify
                0x00000000000003f8       0x40 app/libapp.a(my_lbs.c.obj)
                0x00000000000003f8                my_lbs_send_sensor_notify
 .text.cbvprintf_package
                0x0000000000000438      0x3a4 zephyr/libzephyr.a(cbprintf_packaged.c.obj)
                0x0000000000000438                cbvprintf_package
 .text.cbprintf_package_convert
                0x00000000000007dc      0x3c0 zephyr/libzephyr.a(cbprintf_packaged.c.obj)
                0x00000000000007dc                cbprintf_package_convert
 .text.__printk_hook_install
                0x0000000000000b9c        0xc zephyr/libzephyr.a(printk.c.obj)
                0x0000000000000b9c                __printk_hook_install
 .text.z_thread_entry
                0x0000000000000ba8       0x34 zephyr/libzephyr.a(thread_entry.c.obj)
                0x0000000000000ba8                z_thread_entry
 .text.process_event
                0x0000000000000bdc      0x21c zephyr/libzephyr.a(onoff.c.obj)
 .text.ipc_service_open_instance
                0x0000000000000df8       0x40 zephyr/libzephyr.a(ipc_service.c.obj)
                0x0000000000000df8                ipc_service_open_instance
 .text.ipc_service_close_instance
                0x0000000000000e38       0x40 zephyr/libzephyr.a(ipc_service.c.obj)
                0x0000000000000e38                ipc_service_close_instance
 .text.ipc_service_register_endpoint
                0x0000000000000e78       0x44 zephyr/libzephyr.a(ipc_service.c.obj)
                0x0000000000000e78                ipc_service_register_endpoint
 .text.ipc_service_deregister_endpoint
                0x0000000000000ebc       0x58 zephyr/libzephyr.a(ipc_service.c.obj)
                0x0000000000000ebc                ipc_service_deregister_endpoint
 .text.ipc_service_send
                0x0000000000000f14       0x5c zephyr/libzephyr.a(ipc_service.c.obj)
                0x0000000000000f14                ipc_service_send
 .text.shared_memory_prepare
                0x0000000000000f70       0x14 zephyr/libzephyr.a(ipc_rpmsg_static_vrings.c.obj)
 .text.advertise_ept
                0x0000000000000f84       0x44 zephyr/libzephyr.a(ipc_rpmsg_static_vrings.c.obj)
 .text.get_ept  0x0000000000000fc8       0x28 zephyr/libzephyr.a(ipc_rpmsg_static_vrings.c.obj)
 .text.open     0x0000000000000ff0      0x1b8 zephyr/libzephyr.a(ipc_rpmsg_static_vrings.c.obj)
 .text.bound_cb
                0x00000000000011a8       0x30 zephyr/libzephyr.a(ipc_rpmsg_static_vrings.c.obj)
 .text.send     0x00000000000011d8       0x4c zephyr/libzephyr.a(ipc_rpmsg_static_vrings.c.obj)
 .text.register_ept
                0x0000000000001224       0xe0 zephyr/libzephyr.a(ipc_rpmsg_static_vrings.c.obj)
 .text.deregister_ept
                0x0000000000001304       0x44 zephyr/libzephyr.a(ipc_rpmsg_static_vrings.c.obj)
 .text.ns_bind_cb
                0x0000000000001348       0x6c zephyr/libzephyr.a(ipc_rpmsg.c.obj)
 .text.ipc_rpmsg_register_ept
                0x00000000000013b4       0x3c zephyr/libzephyr.a(ipc_rpmsg.c.obj)
                0x00000000000013b4                ipc_rpmsg_register_ept
 .text.ipc_rpmsg_init
                0x00000000000013f0       0x70 zephyr/libzephyr.a(ipc_rpmsg.c.obj)
                0x00000000000013f0                ipc_rpmsg_init
 .text.ipc_static_vrings_init
                0x0000000000001460      0x108 zephyr/libzephyr.a(ipc_static_vrings.c.obj)
                0x0000000000001460                ipc_static_vrings_init
 .text.activate_foreach_backend
                0x0000000000001568       0x64 zephyr/libzephyr.a(log_core.c.obj)
 .text.enable_logger
                0x00000000000015cc       0x5c zephyr/libzephyr.a(log_core.c.obj)
 .text.log_process_thread_timer_expiry_fn
                0x0000000000001628        0xc zephyr/libzephyr.a(log_core.c.obj)
 .text.z_log_init
                0x0000000000001634       0x90 zephyr/libzephyr.a(log_core.c.obj)
 .text.log_format_func_t_get
                0x00000000000016c4        0xc zephyr/libzephyr.a(log_core.c.obj)
                0x00000000000016c4                log_format_func_t_get
 .text.log_set_timestamp_func
                0x00000000000016d0       0x20 zephyr/libzephyr.a(log_core.c.obj)
                0x00000000000016d0                log_set_timestamp_func
 .text.z_log_notify_backend_enabled
                0x00000000000016f0       0x1c zephyr/libzephyr.a(log_core.c.obj)
                0x00000000000016f0                z_log_notify_backend_enabled
 .text.z_log_dropped
                0x000000000000170c       0x28 zephyr/libzephyr.a(log_core.c.obj)
                0x000000000000170c                z_log_dropped
 .text.z_log_dropped_read_and_clear
                0x0000000000001734       0x18 zephyr/libzephyr.a(log_core.c.obj)
                0x0000000000001734                z_log_dropped_read_and_clear
 .text.dropped_notify
                0x000000000000174c       0x30 zephyr/libzephyr.a(log_core.c.obj)
                0x000000000000174c                dropped_notify
 .text.z_log_msg_init
                0x000000000000177c       0x20 zephyr/libzephyr.a(log_core.c.obj)
                0x000000000000177c                z_log_msg_init
 .text.log_core_init
                0x000000000000179c       0x34 zephyr/libzephyr.a(log_core.c.obj)
                0x000000000000179c                log_core_init
 .text.z_log_msg_alloc
                0x00000000000017d0       0x10 zephyr/libzephyr.a(log_core.c.obj)
                0x00000000000017d0                z_log_msg_alloc
 .text.z_log_msg_local_claim
                0x00000000000017e0        0xc zephyr/libzephyr.a(log_core.c.obj)
                0x00000000000017e0                z_log_msg_local_claim
 .text.z_log_msg_free
                0x00000000000017ec       0x10 zephyr/libzephyr.a(log_core.c.obj)
                0x00000000000017ec                z_log_msg_free
 .text.z_log_msg_pending
                0x00000000000017fc        0xc zephyr/libzephyr.a(log_core.c.obj)
                0x00000000000017fc                z_log_msg_pending
 .text.z_impl_log_process
                0x0000000000001808       0xb4 zephyr/libzephyr.a(log_core.c.obj)
                0x0000000000001808                z_impl_log_process
 .text.z_impl_log_panic
                0x00000000000018bc       0x44 zephyr/libzephyr.a(log_core.c.obj)
                0x00000000000018bc                z_impl_log_panic
 .text.log_process_thread_func
                0x0000000000001900       0xa4 zephyr/libzephyr.a(log_core.c.obj)
 .text.z_log_msg_post_finalize
                0x00000000000019a4       0x78 zephyr/libzephyr.a(log_core.c.obj)
 .text.z_log_msg_commit
                0x0000000000001a1c       0x24 zephyr/libzephyr.a(log_core.c.obj)
                0x0000000000001a1c                z_log_msg_commit
 .text.log_source_name_get
                0x0000000000001a40       0x1c zephyr/libzephyr.a(log_mgmt.c.obj)
                0x0000000000001a40                log_source_name_get
 .text.log_backend_enable
                0x0000000000001a5c       0x28 zephyr/libzephyr.a(log_mgmt.c.obj)
                0x0000000000001a5c                log_backend_enable
 .text.z_impl_z_log_msg_static_create
                0x0000000000001a84      0x108 zephyr/libzephyr.a(log_msg.c.obj)
                0x0000000000001a84                z_impl_z_log_msg_static_create
 .text.z_log_msg_runtime_vcreate
                0x0000000000001b8c       0x8c zephyr/libzephyr.a(log_msg.c.obj)
                0x0000000000001b8c                z_log_msg_runtime_vcreate
 .text.log_msg_get_source_id
                0x0000000000001c18       0x18 zephyr/libzephyr.a(log_msg.c.obj)
                0x0000000000001c18                log_msg_get_source_id
 .text.print_formatted
                0x0000000000001c30       0x24 zephyr/libzephyr.a(log_output.c.obj)
 .text.newline_print
                0x0000000000001c54       0x1c zephyr/libzephyr.a(log_output.c.obj)
 .text.log_output_process
                0x0000000000001c70      0x2d4 zephyr/libzephyr.a(log_output.c.obj)
                0x0000000000001c70                log_output_process
 .text.log_output_dropped_process
                0x0000000000001f44       0x58 zephyr/libzephyr.a(log_output.c.obj)
                0x0000000000001f44                log_output_dropped_process
 .text.log_output_timestamp_freq_set
                0x0000000000001f9c       0x2c zephyr/libzephyr.a(log_output.c.obj)
                0x0000000000001f9c                log_output_timestamp_freq_set
 .text.char_out
                0x0000000000001fc8       0x24 zephyr/libzephyr.a(log_backend_uart.c.obj)
 .text.mem_attr_get_regions
                0x0000000000001fec        0xc zephyr/libzephyr.a(mem_attr.c.obj)
                0x0000000000001fec                mem_attr_get_regions
 .text.boot_banner
                0x0000000000001ff8       0x1c zephyr/libzephyr.a(banner.c.obj)
                0x0000000000001ff8                boot_banner
 .text.sub_bytes
                0x0000000000002014       0x18 zephyr/libzephyr.a(aes_encrypt.c.obj)
 .text.tc_aes128_set_encrypt_key
                0x000000000000202c       0xa8 zephyr/libzephyr.a(aes_encrypt.c.obj)
                0x000000000000202c                tc_aes128_set_encrypt_key
 .text.compress
                0x00000000000020d4      0x1d4 zephyr/libzephyr.a(sha256.c.obj)
 .text.tc_sha256_init
                0x00000000000022a8       0x58 zephyr/libzephyr.a(sha256.c.obj)
                0x00000000000022a8                tc_sha256_init
 .text.nrf_cc3xx_platform_abort_init
                0x0000000000002300        0xc zephyr/libzephyr.a(nrf_cc3xx_platform_abort_zephyr.c.obj)
                0x0000000000002300                nrf_cc3xx_platform_abort_init
 .text.mutex_free_platform
                0x000000000000230c       0x54 zephyr/libzephyr.a(nrf_cc3xx_platform_mutex_zephyr.c.obj)
 .text.mutex_lock_platform
                0x0000000000002360       0x74 zephyr/libzephyr.a(nrf_cc3xx_platform_mutex_zephyr.c.obj)
 .text.mutex_unlock_platform
                0x00000000000023d4       0x68 zephyr/libzephyr.a(nrf_cc3xx_platform_mutex_zephyr.c.obj)
 .text.mutex_init_platform
                0x000000000000243c       0x94 zephyr/libzephyr.a(nrf_cc3xx_platform_mutex_zephyr.c.obj)
 .text.nrf_cc3xx_platform_mutex_init
                0x00000000000024d0       0x2c zephyr/libzephyr.a(nrf_cc3xx_platform_mutex_zephyr.c.obj)
                0x00000000000024d0                nrf_cc3xx_platform_mutex_init
 .text.z_arm_fatal_error
                0x00000000000024fc       0xb8 zephyr/arch/arch/arm/core/libarch__arm__core.a(fatal.c.obj)
                0x00000000000024fc                z_arm_fatal_error
 .text.z_SysNmiOnReset
                0x00000000000025b4        0x8 zephyr/arch/arch/arm/core/libarch__arm__core.a(nmi_on_reset.S.obj)
                0x00000000000025b4                z_SysNmiOnReset
 .text.arch_tls_stack_setup
                0x00000000000025bc       0x40 zephyr/arch/arch/arm/core/libarch__arm__core.a(tls.c.obj)
                0x00000000000025bc                arch_tls_stack_setup
 .text._HandlerModeExit
                0x00000000000025fc       0x28 zephyr/arch/arch/arm/core/cortex_m/libarch__arm__core__cortex_m.a(exc_exit.c.obj)
                0x00000000000025fc                z_arm_int_exit
                0x00000000000025fc                z_arm_exc_exit
 .text.mem_manage_fault.constprop.0
                0x0000000000002624       0xd0 zephyr/arch/arch/arm/core/cortex_m/libarch__arm__core__cortex_m.a(fault.c.obj)
 .text.usage_fault.constprop.0
                0x00000000000026f4       0xbc zephyr/arch/arch/arm/core/cortex_m/libarch__arm__core__cortex_m.a(fault.c.obj)
 .text.bus_fault.constprop.0
                0x00000000000027b0       0xd0 zephyr/arch/arch/arm/core/cortex_m/libarch__arm__core__cortex_m.a(fault.c.obj)
 .text.z_arm_fault
                0x0000000000002880      0x1d0 zephyr/arch/arch/arm/core/cortex_m/libarch__arm__core__cortex_m.a(fault.c.obj)
                0x0000000000002880                z_arm_fault
 .text.z_arm_fault_init
                0x0000000000002a50       0x18 zephyr/arch/arch/arm/core/cortex_m/libarch__arm__core__cortex_m.a(fault.c.obj)
                0x0000000000002a50                z_arm_fault_init
 .text.__fault  0x0000000000002a68       0x14 zephyr/arch/arch/arm/core/cortex_m/libarch__arm__core__cortex_m.a(fault_s.S.obj)
                0x0000000000002a68                z_arm_usage_fault
                0x0000000000002a68                z_arm_mpu_fault
                0x0000000000002a68                z_arm_exc_spurious
                0x0000000000002a68                z_arm_debug_monitor
                0x0000000000002a68                z_arm_hard_fault
                0x0000000000002a68                z_arm_bus_fault
 .text._reset_section
                0x0000000000002a7c       0x60 zephyr/arch/arch/arm/core/cortex_m/libarch__arm__core__cortex_m.a(reset.S.obj)
                0x0000000000002a7c                __start
                0x0000000000002a7c                z_arm_reset
 .text.z_arm_clear_arm_mpu_config
                0x0000000000002adc       0x24 zephyr/arch/arch/arm/core/cortex_m/libarch__arm__core__cortex_m.a(scb.c.obj)
                0x0000000000002adc                z_arm_clear_arm_mpu_config
 .text.z_arm_init_arch_hw_at_boot
                0x0000000000002b00       0x4c zephyr/arch/arch/arm/core/cortex_m/libarch__arm__core__cortex_m.a(scb.c.obj)
                0x0000000000002b00                z_arm_init_arch_hw_at_boot
 .text.z_impl_k_thread_abort
                0x0000000000002b4c       0x2c zephyr/arch/arch/arm/core/cortex_m/libarch__arm__core__cortex_m.a(thread_abort.c.obj)
                0x0000000000002b4c                z_impl_k_thread_abort
 .text.arch_swap
                0x0000000000002b78       0x30 zephyr/arch/arch/arm/core/cortex_m/libarch__arm__core__cortex_m.a(swap.c.obj)
                0x0000000000002b78                arch_swap
 .text.z_arm_pendsv_c
                0x0000000000002ba8       0x40 zephyr/arch/arch/arm/core/cortex_m/libarch__arm__core__cortex_m.a(swap.c.obj)
                0x0000000000002ba8                z_arm_pendsv_c
 .text.z_arm_pendsv
                0x0000000000002be8       0x40 zephyr/arch/arch/arm/core/cortex_m/libarch__arm__core__cortex_m.a(swap_helper.S.obj)
                0x0000000000002be8                z_arm_pendsv
 .text.z_arm_svc
                0x0000000000002c28       0x20 zephyr/arch/arch/arm/core/cortex_m/libarch__arm__core__cortex_m.a(swap_helper.S.obj)
                0x0000000000002c28                z_arm_svc
 .text.arch_irq_enable
                0x0000000000002c48       0x1c zephyr/arch/arch/arm/core/cortex_m/libarch__arm__core__cortex_m.a(irq_manage.c.obj)
                0x0000000000002c48                arch_irq_enable
 .text.arch_irq_disable
                0x0000000000002c64       0x28 zephyr/arch/arch/arm/core/cortex_m/libarch__arm__core__cortex_m.a(irq_manage.c.obj)
                0x0000000000002c64                arch_irq_disable
 .text.arch_irq_is_enabled
                0x0000000000002c8c       0x1c zephyr/arch/arch/arm/core/cortex_m/libarch__arm__core__cortex_m.a(irq_manage.c.obj)
                0x0000000000002c8c                arch_irq_is_enabled
 .text.z_arm_irq_priority_set
                0x0000000000002ca8       0x2c zephyr/arch/arch/arm/core/cortex_m/libarch__arm__core__cortex_m.a(irq_manage.c.obj)
                0x0000000000002ca8                z_arm_irq_priority_set
 .text.z_prep_c
                0x0000000000002cd4       0x38 zephyr/arch/arch/arm/core/cortex_m/libarch__arm__core__cortex_m.a(prep_c.c.obj)
                0x0000000000002cd4                z_prep_c
 .text.arch_new_thread
                0x0000000000002d0c       0x38 zephyr/arch/arch/arm/core/cortex_m/libarch__arm__core__cortex_m.a(thread.c.obj)
                0x0000000000002d0c                arch_new_thread
 .text.arch_switch_to_main_thread
                0x0000000000002d44       0x44 zephyr/arch/arch/arm/core/cortex_m/libarch__arm__core__cortex_m.a(thread.c.obj)
                0x0000000000002d44                arch_switch_to_main_thread
 .text.z_arm_cpu_idle_init
                0x0000000000002d88        0xc zephyr/arch/arch/arm/core/cortex_m/libarch__arm__core__cortex_m.a(cpu_idle.c.obj)
                0x0000000000002d88                z_arm_cpu_idle_init
 .text.z_arm_interrupt_init
                0x0000000000002d94       0x18 zephyr/arch/arch/arm/core/cortex_m/libarch__arm__core__cortex_m.a(irq_init.c.obj)
                0x0000000000002d94                z_arm_interrupt_init
 .text._isr_wrapper
                0x0000000000002dac       0x24 zephyr/arch/arch/arm/core/cortex_m/libarch__arm__core__cortex_m.a(isr_wrapper.c.obj)
                0x0000000000002dac                _isr_wrapper
 .text.z_arm_configure_static_mpu_regions
                0x0000000000002dd0       0x38 zephyr/arch/arch/arm/core/mpu/libarch__arm__core__mpu.a(arm_core_mpu.c.obj)
                0x0000000000002dd0                z_arm_configure_static_mpu_regions
 .text.region_init
                0x0000000000002e08       0x34 zephyr/arch/arch/arm/core/mpu/libarch__arm__core__mpu.a(arm_mpu.c.obj)
 .text.region_allocate_and_init
                0x0000000000002e3c       0x38 zephyr/arch/arch/arm/core/mpu/libarch__arm__core__mpu.a(arm_mpu.c.obj)
 .text.mpu_configure_regions_and_partition.constprop.0
                0x0000000000002e74      0x164 zephyr/arch/arch/arm/core/mpu/libarch__arm__core__mpu.a(arm_mpu.c.obj)
 .text.arm_core_mpu_enable
                0x0000000000002fd8       0x18 zephyr/arch/arch/arm/core/mpu/libarch__arm__core__mpu.a(arm_mpu.c.obj)
                0x0000000000002fd8                arm_core_mpu_enable
 .text.arm_core_mpu_disable
                0x0000000000002ff0       0x14 zephyr/arch/arch/arm/core/mpu/libarch__arm__core__mpu.a(arm_mpu.c.obj)
                0x0000000000002ff0                arm_core_mpu_disable
 .text.arm_core_mpu_configure_static_mpu_regions
                0x0000000000003004       0x14 zephyr/arch/arch/arm/core/mpu/libarch__arm__core__mpu.a(arm_mpu.c.obj)
                0x0000000000003004                arm_core_mpu_configure_static_mpu_regions
 .text.arm_core_mpu_mark_areas_for_dynamic_regions
                0x0000000000003018       0xb8 zephyr/arch/arch/arm/core/mpu/libarch__arm__core__mpu.a(arm_mpu.c.obj)
                0x0000000000003018                arm_core_mpu_mark_areas_for_dynamic_regions
 .text.z_arm_mpu_init
                0x00000000000030d0      0x11c zephyr/arch/arch/arm/core/mpu/libarch__arm__core__mpu.a(arm_mpu.c.obj)
                0x00000000000030d0                z_arm_mpu_init
 .text.z_impl_zephyr_fputc
                0x00000000000031ec       0x10 zephyr/lib/libc/picolibc/liblib__libc__picolibc.a(libc-hooks.c.obj)
                0x00000000000031ec                z_impl_zephyr_fputc
 .text.__stdout_hook_install
                0x00000000000031fc       0x18 zephyr/lib/libc/picolibc/liblib__libc__picolibc.a(libc-hooks.c.obj)
                0x00000000000031fc                __stdout_hook_install
 .text.cbvprintf
                0x0000000000003214       0x38 zephyr/lib/libc/picolibc/liblib__libc__picolibc.a(libc-hooks.c.obj)
                0x0000000000003214                cbvprintf
 .text.malloc_prepare
                0x000000000000324c       0x24 zephyr/lib/libc/common/liblib__libc__common.a(malloc.c.obj)
 .text.nrf_gpio_pin_control_select
                0x0000000000003270       0x3c zephyr/soc/soc/nrf5340/libsoc__nordic.a(soc.c.obj)
 .text.nordicsemi_nrf53_init
                0x00000000000032ac       0x5c zephyr/soc/soc/nrf5340/libsoc__nordic.a(soc.c.obj)
 .text.rtc_pretick_init
                0x0000000000003308       0x60 zephyr/soc/soc/nrf5340/libsoc__nordic.a(soc.c.obj)
 .text.z_arm_on_enter_cpu_idle
                0x0000000000003368       0x64 zephyr/soc/soc/nrf5340/libsoc__nordic.a(soc.c.obj)
                0x0000000000003368                z_arm_on_enter_cpu_idle
 .text.arch_busy_wait
                0x00000000000033cc       0x24 zephyr/soc/soc/nrf5340/libsoc__nordic.a(soc.c.obj)
                0x00000000000033cc                arch_busy_wait
 .text.nrf53_cpunet_mgmt_init
                0x00000000000033f0       0x10 zephyr/soc/soc/nrf5340/libsoc__nordic.a(nrf53_cpunet_mgmt.c.obj)
 .text.onoff_start
                0x0000000000003400       0x6c zephyr/soc/soc/nrf5340/libsoc__nordic.a(nrf53_cpunet_mgmt.c.obj)
 .text.nrf53_cpunet_enable
                0x000000000000346c       0x34 zephyr/soc/soc/nrf5340/libsoc__nordic.a(nrf53_cpunet_mgmt.c.obj)
                0x000000000000346c                nrf53_cpunet_enable
 .text.rtc_cb   0x00000000000034a0       0x40 zephyr/soc/soc/nrf5340/libsoc__nordic.a(sync_rtc.c.obj)
 .text.sync_rtc_setup
                0x00000000000034e0       0xbc zephyr/soc/soc/nrf5340/libsoc__nordic.a(sync_rtc.c.obj)
 .text.mbox_callback
                0x000000000000359c       0x80 zephyr/soc/soc/nrf5340/libsoc__nordic.a(sync_rtc.c.obj)
 .text.remoteproc_mgr_boot
                0x000000000000361c       0x68 zephyr/boards/nordic/nrf5340dk/libboards__nordic__nrf5340dk.a(nrf5340_cpunet_reset.c.obj)
 .text.bt_hex   0x0000000000003684       0x44 zephyr/subsys/bluetooth/common/libsubsys__bluetooth__common.a(bt_str.c.obj)
                0x0000000000003684                bt_hex
 .text.bt_addr_le_str
                0x00000000000036c8       0x7c zephyr/subsys/bluetooth/common/libsubsys__bluetooth__common.a(bt_str.c.obj)
                0x00000000000036c8                bt_addr_le_str
 .text.long_wq_init
                0x0000000000003744       0x38 zephyr/subsys/bluetooth/host/libsubsys__bluetooth__host.a(long_wq.c.obj)
 .text.bt_long_wq_schedule
                0x000000000000377c        0xc zephyr/subsys/bluetooth/host/libsubsys__bluetooth__host.a(long_wq.c.obj)
                0x000000000000377c                bt_long_wq_schedule
 .text.uuid_to_uuid128
                0x0000000000003788       0x78 zephyr/subsys/bluetooth/host/libsubsys__bluetooth__host.a(uuid.c.obj)
 .text.bt_buf_get_rx
                0x0000000000003800       0x2c zephyr/subsys/bluetooth/host/libsubsys__bluetooth__host.a(buf.c.obj)
                0x0000000000003800                bt_buf_get_rx
 .text.bt_buf_get_evt
                0x000000000000382c       0x38 zephyr/subsys/bluetooth/host/libsubsys__bluetooth__host.a(buf.c.obj)
                0x000000000000382c                bt_buf_get_evt
 .text.hci_data_buf_overflow
                0x0000000000003864       0x18 zephyr/subsys/bluetooth/host/libsubsys__bluetooth__host.a(hci_core.c.obj)
 .text.handle_event_common
                0x000000000000387c       0x50 zephyr/subsys/bluetooth/host/libsubsys__bluetooth__host.a(hci_core.c.obj)
 .text.hci_disconn_complete_prio
                0x00000000000038cc       0x4c zephyr/subsys/bluetooth/host/libsubsys__bluetooth__host.a(hci_core.c.obj)
 .text.hci_disconn_complete
                0x0000000000003918       0x44 zephyr/subsys/bluetooth/host/libsubsys__bluetooth__host.a(hci_core.c.obj)
 .text.le_phy_update_complete
                0x000000000000395c       0x34 zephyr/subsys/bluetooth/host/libsubsys__bluetooth__host.a(hci_core.c.obj)
 .text.le_data_len_change
                0x0000000000003990       0x30 zephyr/subsys/bluetooth/host/libsubsys__bluetooth__host.a(hci_core.c.obj)
 .text.hci_hardware_error
                0x00000000000039c0       0x24 zephyr/subsys/bluetooth/host/libsubsys__bluetooth__host.a(hci_core.c.obj)
 .text.rx_queue_put
                0x00000000000039e4       0x3c zephyr/subsys/bluetooth/host/libsubsys__bluetooth__host.a(hci_core.c.obj)
 .text.find_pending_connect.part.0
                0x0000000000003a20       0x2c zephyr/subsys/bluetooth/host/libsubsys__bluetooth__host.a(hci_core.c.obj)
 .text.le_conn_param_neg_reply.part.0
                0x0000000000003a4c       0x14 zephyr/subsys/bluetooth/host/libsubsys__bluetooth__host.a(hci_core.c.obj)
 .text.hci_vendor_event
                0x0000000000003a60       0x60 zephyr/subsys/bluetooth/host/libsubsys__bluetooth__host.a(hci_core.c.obj)
 .text.handle_event.part.0
                0x0000000000003ac0       0x48 zephyr/subsys/bluetooth/host/libsubsys__bluetooth__host.a(hci_core.c.obj)
 .text.hci_le_meta_event
                0x0000000000003b08       0x20 zephyr/subsys/bluetooth/host/libsubsys__bluetooth__host.a(hci_core.c.obj)
 .text.le_remote_feat_complete
                0x0000000000003b28       0x54 zephyr/subsys/bluetooth/host/libsubsys__bluetooth__host.a(hci_core.c.obj)
 .text.rx_work_handler
                0x0000000000003b7c      0x138 zephyr/subsys/bluetooth/host/libsubsys__bluetooth__host.a(hci_core.c.obj)
 .text.hci_cmd_done.part.0
                0x0000000000003cb4      0x134 zephyr/subsys/bluetooth/host/libsubsys__bluetooth__host.a(hci_core.c.obj)
 .text.hci_cmd_status
                0x0000000000003de8       0x30 zephyr/subsys/bluetooth/host/libsubsys__bluetooth__host.a(hci_core.c.obj)
 .text.hci_cmd_complete
                0x0000000000003e18       0x50 zephyr/subsys/bluetooth/host/libsubsys__bluetooth__host.a(hci_core.c.obj)
 .text.hci_num_completed_packets
                0x0000000000003e68      0x138 zephyr/subsys/bluetooth/host/libsubsys__bluetooth__host.a(hci_core.c.obj)
 .text.le_conn_update_complete
                0x0000000000003fa0       0xc4 zephyr/subsys/bluetooth/host/libsubsys__bluetooth__host.a(hci_core.c.obj)
 .text.bt_hci_cmd_state_set_init
                0x0000000000004064       0x24 zephyr/subsys/bluetooth/host/libsubsys__bluetooth__host.a(hci_core.c.obj)
                0x0000000000004064                bt_hci_cmd_state_set_init
 .text.bt_hci_cmd_create
                0x0000000000004088       0x78 zephyr/subsys/bluetooth/host/libsubsys__bluetooth__host.a(hci_core.c.obj)
                0x0000000000004088                bt_hci_cmd_create
 .text.bt_hci_cmd_send_sync
                0x0000000000004100       0xf4 zephyr/subsys/bluetooth/host/libsubsys__bluetooth__host.a(hci_core.c.obj)
                0x0000000000004100                bt_hci_cmd_send_sync
 .text.hci_le_read_max_data_len
                0x00000000000041f4       0x7c zephyr/subsys/bluetooth/host/libsubsys__bluetooth__host.a(hci_core.c.obj)
 .text.bt_hci_le_rand
                0x0000000000004270       0x58 zephyr/subsys/bluetooth/host/libsubsys__bluetooth__host.a(hci_core.c.obj)
                0x0000000000004270                bt_hci_le_rand
 .text.bt_hci_le_enh_conn_complete
                0x00000000000042c8      0x2b8 zephyr/subsys/bluetooth/host/libsubsys__bluetooth__host.a(hci_core.c.obj)
                0x00000000000042c8                bt_hci_le_enh_conn_complete
 .text.le_legacy_conn_complete
                0x0000000000004580       0x70 zephyr/subsys/bluetooth/host/libsubsys__bluetooth__host.a(hci_core.c.obj)
 .text.bt_hci_get_ver_str
                0x00000000000045f0       0x3c zephyr/subsys/bluetooth/host/libsubsys__bluetooth__host.a(hci_core.c.obj)
                0x00000000000045f0                bt_hci_get_ver_str
 .text.bt_send  0x000000000000462c       0x10 zephyr/subsys/bluetooth/host/libsubsys__bluetooth__host.a(hci_core.c.obj)
                0x000000000000462c                bt_send
 .text.bt_hci_cmd_send
                0x000000000000463c       0x58 zephyr/subsys/bluetooth/host/libsubsys__bluetooth__host.a(hci_core.c.obj)
                0x000000000000463c                bt_hci_cmd_send
 .text.bt_hci_host_num_completed_packets
                0x0000000000004694       0xd8 zephyr/subsys/bluetooth/host/libsubsys__bluetooth__host.a(hci_core.c.obj)
                0x0000000000004694                bt_hci_host_num_completed_packets
 .text.le_conn_param_req
                0x000000000000476c       0xc0 zephyr/subsys/bluetooth/host/libsubsys__bluetooth__host.a(hci_core.c.obj)
 .text.hci_tx_thread
                0x000000000000482c      0x164 zephyr/subsys/bluetooth/host/libsubsys__bluetooth__host.a(hci_core.c.obj)
 .text.hci_event_prio
                0x0000000000004990       0xa0 zephyr/subsys/bluetooth/host/libsubsys__bluetooth__host.a(hci_core.c.obj)
                0x0000000000004990                hci_event_prio
 .text.bt_recv  0x0000000000004a30       0x5c zephyr/subsys/bluetooth/host/libsubsys__bluetooth__host.a(hci_core.c.obj)
                0x0000000000004a30                bt_recv
 .text.bt_hci_driver_register
                0x0000000000004a8c       0x28 zephyr/subsys/bluetooth/host/libsubsys__bluetooth__host.a(hci_core.c.obj)
                0x0000000000004a8c                bt_hci_driver_register
 .text.bt_finalize_init
                0x0000000000004ab4      0x134 zephyr/subsys/bluetooth/host/libsubsys__bluetooth__host.a(hci_core.c.obj)
                0x0000000000004ab4                bt_finalize_init
 .text.bt_init  0x0000000000004be8      0x554 zephyr/subsys/bluetooth/host/libsubsys__bluetooth__host.a(hci_core.c.obj)
 .text.init_work
                0x000000000000513c       0x18 zephyr/subsys/bluetooth/host/libsubsys__bluetooth__host.a(hci_core.c.obj)
 .text.bt_enable
                0x0000000000005154      0x104 zephyr/subsys/bluetooth/host/libsubsys__bluetooth__host.a(hci_core.c.obj)
                0x0000000000005154                bt_enable
 .text.bt_get_name
                0x0000000000005258        0x8 zephyr/subsys/bluetooth/host/libsubsys__bluetooth__host.a(hci_core.c.obj)
                0x0000000000005258                bt_get_name
 .text.id_find  0x0000000000005260       0x30 zephyr/subsys/bluetooth/host/libsubsys__bluetooth__host.a(id.c.obj)
 .text.set_random_address
                0x0000000000005290       0x74 zephyr/subsys/bluetooth/host/libsubsys__bluetooth__host.a(id.c.obj)
 .text.id_create.constprop.0
                0x0000000000005304       0x74 zephyr/subsys/bluetooth/host/libsubsys__bluetooth__host.a(id.c.obj)
 .text.bt_id_create
                0x0000000000005378       0x98 zephyr/subsys/bluetooth/host/libsubsys__bluetooth__host.a(id.c.obj)
                0x0000000000005378                bt_id_create
 .text.bt_id_read_public_addr
                0x0000000000005410       0x88 zephyr/subsys/bluetooth/host/libsubsys__bluetooth__host.a(id.c.obj)
                0x0000000000005410                bt_id_read_public_addr
 .text.bt_setup_public_id_addr
                0x0000000000005498       0x20 zephyr/subsys/bluetooth/host/libsubsys__bluetooth__host.a(id.c.obj)
                0x0000000000005498                bt_setup_public_id_addr
 .text.bt_setup_random_id_addr
                0x00000000000054b8       0xd8 zephyr/subsys/bluetooth/host/libsubsys__bluetooth__host.a(id.c.obj)
                0x00000000000054b8                bt_setup_random_id_addr
 .text.bt_id_set_adv_own_addr
                0x0000000000005590       0xd4 zephyr/subsys/bluetooth/host/libsubsys__bluetooth__host.a(id.c.obj)
                0x0000000000005590                bt_id_set_adv_own_addr
 .text.bt_id_init
                0x0000000000005664       0x54 zephyr/subsys/bluetooth/host/libsubsys__bluetooth__host.a(id.c.obj)
                0x0000000000005664                bt_id_init
 .text.hci_set_ad
                0x00000000000056b8       0xd0 zephyr/subsys/bluetooth/host/libsubsys__bluetooth__host.a(adv.c.obj)
 .text.adv_is_directed
                0x0000000000005788       0x18 zephyr/subsys/bluetooth/host/libsubsys__bluetooth__host.a(adv.c.obj)
 .text.le_adv_start_add_conn
                0x00000000000057a0       0x60 zephyr/subsys/bluetooth/host/libsubsys__bluetooth__host.a(adv.c.obj)
 .text.valid_adv_param
                0x0000000000005800       0x84 zephyr/subsys/bluetooth/host/libsubsys__bluetooth__host.a(adv.c.obj)
 .text.bt_le_adv_lookup_legacy
                0x0000000000005884        0x8 zephyr/subsys/bluetooth/host/libsubsys__bluetooth__host.a(adv.c.obj)
                0x0000000000005884                bt_le_adv_lookup_legacy
 .text.bt_le_adv_start_legacy
                0x000000000000588c      0x278 zephyr/subsys/bluetooth/host/libsubsys__bluetooth__host.a(adv.c.obj)
                0x000000000000588c                bt_le_adv_start_legacy
 .text.bt_le_adv_start
                0x0000000000005b04       0x64 zephyr/subsys/bluetooth/host/libsubsys__bluetooth__host.a(adv.c.obj)
                0x0000000000005b04                bt_le_adv_start
 .text.bt_le_adv_stop
                0x0000000000005b68       0x78 zephyr/subsys/bluetooth/host/libsubsys__bluetooth__host.a(adv.c.obj)
                0x0000000000005b68                bt_le_adv_stop
 .text.adv_timeout
                0x0000000000005be0       0x24 zephyr/subsys/bluetooth/host/libsubsys__bluetooth__host.a(adv.c.obj)
 .text.bt_le_adv_resume
                0x0000000000005c04       0xe0 zephyr/subsys/bluetooth/host/libsubsys__bluetooth__host.a(adv.c.obj)
                0x0000000000005c04                bt_le_adv_resume
 .text.prng_reseed.constprop.0
                0x0000000000005ce4       0x60 zephyr/subsys/bluetooth/host/libsubsys__bluetooth__host.a(crypto.c.obj)
 .text.prng_init
                0x0000000000005d44       0x40 zephyr/subsys/bluetooth/host/libsubsys__bluetooth__host.a(crypto.c.obj)
                0x0000000000005d44                prng_init
 .text.bt_rand  0x0000000000005d84       0x3c zephyr/subsys/bluetooth/host/libsubsys__bluetooth__host.a(crypto.c.obj)
                0x0000000000005d84                bt_rand
 .text.notify_connected
                0x0000000000005dc0       0x3c zephyr/subsys/bluetooth/host/libsubsys__bluetooth__host.a(conn.c.obj)
 .text.tx_notify
                0x0000000000005dfc       0x60 zephyr/subsys/bluetooth/host/libsubsys__bluetooth__host.a(conn.c.obj)
 .text.wait_for_tx_work
                0x0000000000005e5c       0x3c zephyr/subsys/bluetooth/host/libsubsys__bluetooth__host.a(conn.c.obj)
 .text.conn_tx_destroy
                0x0000000000005e98       0x2c zephyr/subsys/bluetooth/host/libsubsys__bluetooth__host.a(conn.c.obj)
 .text.send_frag
                0x0000000000005ec4      0x19c zephyr/subsys/bluetooth/host/libsubsys__bluetooth__host.a(conn.c.obj)
 .text.bt_conn_get_pkts
                0x0000000000006060       0x18 zephyr/subsys/bluetooth/host/libsubsys__bluetooth__host.a(conn.c.obj)
                0x0000000000006060                bt_conn_get_pkts
 .text.bt_conn_new
                0x0000000000006078       0x5c zephyr/subsys/bluetooth/host/libsubsys__bluetooth__host.a(conn.c.obj)
                0x0000000000006078                bt_conn_new
 .text.bt_conn_recv
                0x00000000000060d4       0xf4 zephyr/subsys/bluetooth/host/libsubsys__bluetooth__host.a(conn.c.obj)
                0x00000000000060d4                bt_conn_recv
 .text.bt_conn_send_cb
                0x00000000000061c8      0x108 zephyr/subsys/bluetooth/host/libsubsys__bluetooth__host.a(conn.c.obj)
                0x00000000000061c8                bt_conn_send_cb
 .text.bt_conn_prepare_events
                0x00000000000062d0       0x94 zephyr/subsys/bluetooth/host/libsubsys__bluetooth__host.a(conn.c.obj)
                0x00000000000062d0                bt_conn_prepare_events
 .text.bt_conn_unref
                0x0000000000006364       0x64 zephyr/subsys/bluetooth/host/libsubsys__bluetooth__host.a(conn.c.obj)
                0x0000000000006364                bt_conn_unref
 .text.bt_conn_set_state
                0x00000000000063c8      0x234 zephyr/subsys/bluetooth/host/libsubsys__bluetooth__host.a(conn.c.obj)
                0x00000000000063c8                bt_conn_set_state
 .text.bt_conn_lookup_handle
                0x00000000000065fc       0x40 zephyr/subsys/bluetooth/host/libsubsys__bluetooth__host.a(conn.c.obj)
                0x00000000000065fc                bt_conn_lookup_handle
 .text.bt_conn_index
                0x000000000000663c       0x18 zephyr/subsys/bluetooth/host/libsubsys__bluetooth__host.a(conn.c.obj)
                0x000000000000663c                bt_conn_index
 .text.bt_conn_create_pdu_timeout
                0x0000000000006654       0x5c zephyr/subsys/bluetooth/host/libsubsys__bluetooth__host.a(conn.c.obj)
                0x0000000000006654                bt_conn_create_pdu_timeout
 .text.notify_le_param_updated
                0x00000000000066b0       0x88 zephyr/subsys/bluetooth/host/libsubsys__bluetooth__host.a(conn.c.obj)
                0x00000000000066b0                notify_le_param_updated
 .text.le_param_req
                0x0000000000006738       0x74 zephyr/subsys/bluetooth/host/libsubsys__bluetooth__host.a(conn.c.obj)
                0x0000000000006738                le_param_req
 .text.bt_conn_cb_register
                0x00000000000067ac       0x10 zephyr/subsys/bluetooth/host/libsubsys__bluetooth__host.a(conn.c.obj)
                0x00000000000067ac                bt_conn_cb_register
 .text.bt_conn_add_le
                0x00000000000067bc       0x38 zephyr/subsys/bluetooth/host/libsubsys__bluetooth__host.a(conn.c.obj)
                0x00000000000067bc                bt_conn_add_le
 .text.bt_conn_lookup_addr_le
                0x00000000000067f4       0x34 zephyr/subsys/bluetooth/host/libsubsys__bluetooth__host.a(conn.c.obj)
                0x00000000000067f4                bt_conn_lookup_addr_le
 .text.bt_conn_exists_le
                0x0000000000006828       0x70 zephyr/subsys/bluetooth/host/libsubsys__bluetooth__host.a(conn.c.obj)
                0x0000000000006828                bt_conn_exists_le
 .text.bt_conn_lookup_state_le
                0x0000000000006898       0x44 zephyr/subsys/bluetooth/host/libsubsys__bluetooth__host.a(conn.c.obj)
                0x0000000000006898                bt_conn_lookup_state_le
 .text.send_conn_le_param_update
                0x00000000000068dc       0x68 zephyr/subsys/bluetooth/host/libsubsys__bluetooth__host.a(conn.c.obj)
 .text.deferred_work
                0x0000000000006944       0xfc zephyr/subsys/bluetooth/host/libsubsys__bluetooth__host.a(conn.c.obj)
 .text.bt_conn_create_frag_timeout
                0x0000000000006a40        0xc zephyr/subsys/bluetooth/host/libsubsys__bluetooth__host.a(conn.c.obj)
                0x0000000000006a40                bt_conn_create_frag_timeout
 .text.bt_conn_process_tx
                0x0000000000006a4c      0x11c zephyr/subsys/bluetooth/host/libsubsys__bluetooth__host.a(conn.c.obj)
                0x0000000000006a4c                bt_conn_process_tx
 .text.bt_conn_lookup_index
                0x0000000000006b68       0x10 zephyr/subsys/bluetooth/host/libsubsys__bluetooth__host.a(conn.c.obj)
                0x0000000000006b68                bt_conn_lookup_index
 .text.bt_conn_init
                0x0000000000006b78       0x44 zephyr/subsys/bluetooth/host/libsubsys__bluetooth__host.a(conn.c.obj)
                0x0000000000006b78                bt_conn_init
 .text.l2cap_create_le_sig_pdu.part.0
                0x0000000000006bbc       0x1c zephyr/subsys/bluetooth/host/libsubsys__bluetooth__host.a(l2cap.c.obj)
 .text.l2cap_accept.part.0
                0x0000000000006bd8       0x30 zephyr/subsys/bluetooth/host/libsubsys__bluetooth__host.a(l2cap.c.obj)
 .text.l2cap_accept
                0x0000000000006c08       0x1c zephyr/subsys/bluetooth/host/libsubsys__bluetooth__host.a(l2cap.c.obj)
 .text.bt_l2cap_connected
                0x0000000000006c24       0x8c zephyr/subsys/bluetooth/host/libsubsys__bluetooth__host.a(l2cap.c.obj)
                0x0000000000006c24                bt_l2cap_connected
 .text.l2cap_recv.part.0
                0x0000000000006cb0       0x9c zephyr/subsys/bluetooth/host/libsubsys__bluetooth__host.a(l2cap.c.obj)
 .text.l2cap_recv
                0x0000000000006d4c       0x24 zephyr/subsys/bluetooth/host/libsubsys__bluetooth__host.a(l2cap.c.obj)
 .text.bt_l2cap_recv
                0x0000000000006d70       0x58 zephyr/subsys/bluetooth/host/libsubsys__bluetooth__host.a(l2cap.c.obj)
                0x0000000000006d70                bt_l2cap_recv
 .text.bt_l2cap_update_conn_param
                0x0000000000006dc8       0x50 zephyr/subsys/bluetooth/host/libsubsys__bluetooth__host.a(l2cap.c.obj)
                0x0000000000006dc8                bt_l2cap_update_conn_param
 .text.att_op_get_type
                0x0000000000006e18       0x74 zephyr/subsys/bluetooth/host/libsubsys__bluetooth__host.a(att.c.obj)
 .text.bt_att_released
                0x0000000000006e8c        0xc zephyr/subsys/bluetooth/host/libsubsys__bluetooth__host.a(att.c.obj)
 .text.bt_att_connected
                0x0000000000006e98       0x38 zephyr/subsys/bluetooth/host/libsubsys__bluetooth__host.a(att.c.obj)
 .text.read_group_cb
                0x0000000000006ed0       0xb8 zephyr/subsys/bluetooth/host/libsubsys__bluetooth__host.a(att.c.obj)
 .text.bt_att_accept
                0x0000000000006f88      0x120 zephyr/subsys/bluetooth/host/libsubsys__bluetooth__host.a(att.c.obj)
 .text.read_type_cb
                0x00000000000070a8       0xac zephyr/subsys/bluetooth/host/libsubsys__bluetooth__host.a(att.c.obj)
 .text.bt_att_chan_create_pdu
                0x0000000000007154       0x94 zephyr/subsys/bluetooth/host/libsubsys__bluetooth__host.a(att.c.obj)
 .text.find_type_cb
                0x00000000000071e8      0x164 zephyr/subsys/bluetooth/host/libsubsys__bluetooth__host.a(att.c.obj)
 .text.chan_send
                0x000000000000734c       0xe4 zephyr/subsys/bluetooth/host/libsubsys__bluetooth__host.a(att.c.obj)
 .text.att_tx_destroy
                0x0000000000007430      0x10c zephyr/subsys/bluetooth/host/libsubsys__bluetooth__host.a(att.c.obj)
 .text.bt_att_recv
                0x000000000000753c       0xc8 zephyr/subsys/bluetooth/host/libsubsys__bluetooth__host.a(att.c.obj)
 .text.att_write_rsp.constprop.0
                0x0000000000007604       0xc0 zephyr/subsys/bluetooth/host/libsubsys__bluetooth__host.a(att.c.obj)
 .text.att_get  0x00000000000076c4       0x4c zephyr/subsys/bluetooth/host/libsubsys__bluetooth__host.a(att.c.obj)
 .text.bt_att_create_pdu
                0x0000000000007710       0x64 zephyr/subsys/bluetooth/host/libsubsys__bluetooth__host.a(att.c.obj)
                0x0000000000007710                bt_att_create_pdu
 .text.bt_att_create_rsp_pdu
                0x0000000000007774       0x60 zephyr/subsys/bluetooth/host/libsubsys__bluetooth__host.a(att.c.obj)
                0x0000000000007774                bt_att_create_rsp_pdu
 .text.att_read_group_req
                0x00000000000077d4       0xf0 zephyr/subsys/bluetooth/host/libsubsys__bluetooth__host.a(att.c.obj)
 .text.att_read_mult_vl_req
                0x00000000000078c4       0x9c zephyr/subsys/bluetooth/host/libsubsys__bluetooth__host.a(att.c.obj)
 .text.att_read_mult_req
                0x0000000000007960       0x9c zephyr/subsys/bluetooth/host/libsubsys__bluetooth__host.a(att.c.obj)
 .text.att_read_rsp
                0x00000000000079fc       0x90 zephyr/subsys/bluetooth/host/libsubsys__bluetooth__host.a(att.c.obj)
 .text.att_read_type_req
                0x0000000000007a8c       0xbc zephyr/subsys/bluetooth/host/libsubsys__bluetooth__host.a(att.c.obj)
 .text.att_find_type_req
                0x0000000000007b48       0xc0 zephyr/subsys/bluetooth/host/libsubsys__bluetooth__host.a(att.c.obj)
 .text.att_find_info_req
                0x0000000000007c08       0x6c zephyr/subsys/bluetooth/host/libsubsys__bluetooth__host.a(att.c.obj)
 .text.bt_att_req_alloc
                0x0000000000007c74       0x50 zephyr/subsys/bluetooth/host/libsubsys__bluetooth__host.a(att.c.obj)
                0x0000000000007c74                bt_att_req_alloc
 .text.bt_att_req_free
                0x0000000000007cc4       0x20 zephyr/subsys/bluetooth/host/libsubsys__bluetooth__host.a(att.c.obj)
                0x0000000000007cc4                bt_att_req_free
 .text.att_handle_rsp
                0x0000000000007ce4       0x80 zephyr/subsys/bluetooth/host/libsubsys__bluetooth__host.a(att.c.obj)
 .text.bt_att_disconnected
                0x0000000000007d64       0xc0 zephyr/subsys/bluetooth/host/libsubsys__bluetooth__host.a(att.c.obj)
 .text.att_timeout
                0x0000000000007e24       0xc8 zephyr/subsys/bluetooth/host/libsubsys__bluetooth__host.a(att.c.obj)
 .text.bt_att_set_tx_meta_data
                0x0000000000007eec       0x24 zephyr/subsys/bluetooth/host/libsubsys__bluetooth__host.a(att.c.obj)
                0x0000000000007eec                bt_att_set_tx_meta_data
 .text.find_cf_cfg
                0x0000000000007f10       0x30 zephyr/subsys/bluetooth/host/libsubsys__bluetooth__host.a(gatt.c.obj)
 .text.find_sc_cfg
                0x0000000000007f40       0x24 zephyr/subsys/bluetooth/host/libsubsys__bluetooth__host.a(gatt.c.obj)
 .text.find_ccc_cfg
                0x0000000000007f64       0x28 zephyr/subsys/bluetooth/host/libsubsys__bluetooth__host.a(gatt.c.obj)
 .text.bt_gatt_attr_write_ccc
                0x0000000000007f8c       0xbc zephyr/subsys/bluetooth/host/libsubsys__bluetooth__host.a(gatt.c.obj)
                0x0000000000007f8c                bt_gatt_attr_write_ccc
 .text.clear_cf_cfg
                0x0000000000008048       0x28 zephyr/subsys/bluetooth/host/libsubsys__bluetooth__host.a(gatt.c.obj)
 .text.sc_save  0x0000000000008070       0x60 zephyr/subsys/bluetooth/host/libsubsys__bluetooth__host.a(gatt.c.obj)
 .text.disconnected_cb
                0x00000000000080d0       0xa0 zephyr/subsys/bluetooth/host/libsubsys__bluetooth__host.a(gatt.c.obj)
 .text.read_ppcp
                0x0000000000008170       0x38 zephyr/subsys/bluetooth/host/libsubsys__bluetooth__host.a(gatt.c.obj)
 .text.cf_write
                0x00000000000081a8       0x98 zephyr/subsys/bluetooth/host/libsubsys__bluetooth__host.a(gatt.c.obj)
 .text.sc_indicate_rsp
                0x0000000000008240       0x4c zephyr/subsys/bluetooth/host/libsubsys__bluetooth__host.a(gatt.c.obj)
 .text.bt_gatt_init
                0x000000000000828c       0x78 zephyr/subsys/bluetooth/host/libsubsys__bluetooth__host.a(gatt.c.obj)
                0x000000000000828c                bt_gatt_init
 .text.bt_gatt_attr_get_handle
                0x0000000000008304       0x60 zephyr/subsys/bluetooth/host/libsubsys__bluetooth__host.a(gatt.c.obj)
                0x0000000000008304                bt_gatt_attr_get_handle
 .text.bt_gatt_foreach_attr_type
                0x0000000000008364       0xb4 zephyr/subsys/bluetooth/host/libsubsys__bluetooth__host.a(gatt.c.obj)
                0x0000000000008364                bt_gatt_foreach_attr_type
 .text.db_hash_gen
                0x0000000000008418       0x80 zephyr/subsys/bluetooth/host/libsubsys__bluetooth__host.a(gatt.c.obj)
 .text.db_hash_read
                0x0000000000008498       0x74 zephyr/subsys/bluetooth/host/libsubsys__bluetooth__host.a(gatt.c.obj)
 .text.db_hash_process
                0x000000000000850c       0x14 zephyr/subsys/bluetooth/host/libsubsys__bluetooth__host.a(gatt.c.obj)
 .text.bt_gatt_attr_next
                0x0000000000008520       0x24 zephyr/subsys/bluetooth/host/libsubsys__bluetooth__host.a(gatt.c.obj)
                0x0000000000008520                bt_gatt_attr_next
 .text.gatt_indicate
                0x0000000000008544       0xd8 zephyr/subsys/bluetooth/host/libsubsys__bluetooth__host.a(gatt.c.obj)
 .text.bt_gatt_indicate
                0x000000000000861c       0xf0 zephyr/subsys/bluetooth/host/libsubsys__bluetooth__host.a(gatt.c.obj)
                0x000000000000861c                bt_gatt_indicate
 .text.sc_process
                0x000000000000870c       0x60 zephyr/subsys/bluetooth/host/libsubsys__bluetooth__host.a(gatt.c.obj)
 .text.update_ccc
                0x000000000000876c       0xf4 zephyr/subsys/bluetooth/host/libsubsys__bluetooth__host.a(gatt.c.obj)
 .text.gatt_notify
                0x0000000000008860       0xac zephyr/subsys/bluetooth/host/libsubsys__bluetooth__host.a(gatt.c.obj)
 .text.bt_gatt_notify_cb
                0x000000000000890c       0xe8 zephyr/subsys/bluetooth/host/libsubsys__bluetooth__host.a(gatt.c.obj)
                0x000000000000890c                bt_gatt_notify_cb
 .text.notify_cb
                0x00000000000089f4      0x110 zephyr/subsys/bluetooth/host/libsubsys__bluetooth__host.a(gatt.c.obj)
 .text.bt_gatt_connected
                0x0000000000008b04       0x20 zephyr/subsys/bluetooth/host/libsubsys__bluetooth__host.a(gatt.c.obj)
                0x0000000000008b04                bt_gatt_connected
 .text.bt_gatt_att_max_mtu_changed
                0x0000000000008b24       0x28 zephyr/subsys/bluetooth/host/libsubsys__bluetooth__host.a(gatt.c.obj)
                0x0000000000008b24                bt_gatt_att_max_mtu_changed
 .text.bt_gatt_disconnected
                0x0000000000008b4c       0x48 zephyr/subsys/bluetooth/host/libsubsys__bluetooth__host.a(gatt.c.obj)
                0x0000000000008b4c                bt_gatt_disconnected
 .text.bt_smp_accept.part.0
                0x0000000000008b94       0x30 zephyr/subsys/bluetooth/host/libsubsys__bluetooth__host.a(smp_null.c.obj)
 .text.bt_smp_accept
                0x0000000000008bc4       0x1c zephyr/subsys/bluetooth/host/libsubsys__bluetooth__host.a(smp_null.c.obj)
 .text.net_buf_destroy
                0x0000000000008be0       0x38 zephyr/subsys/net/libsubsys__net.a(buf.c.obj)
 .text.net_buf_pool_get
                0x0000000000008c18       0x10 zephyr/subsys/net/libsubsys__net.a(buf.c.obj)
                0x0000000000008c18                net_buf_pool_get
 .text.net_buf_id
                0x0000000000008c28       0x20 zephyr/subsys/net/libsubsys__net.a(buf.c.obj)
                0x0000000000008c28                net_buf_id
 .text.fixed_data_alloc
                0x0000000000008c48       0x24 zephyr/subsys/net/libsubsys__net.a(buf.c.obj)
 .text.net_buf_alloc_len
                0x0000000000008c6c      0x118 zephyr/subsys/net/libsubsys__net.a(buf.c.obj)
                0x0000000000008c6c                net_buf_alloc_len
 .text.net_buf_unref
                0x0000000000008d84       0x38 zephyr/subsys/net/libsubsys__net.a(buf.c.obj)
                0x0000000000008d84                net_buf_unref
 .text.bt_ipc_send
                0x0000000000008dbc       0x54 zephyr/drivers/bluetooth/libdrivers__bluetooth.a(ipc.c.obj)
 .text.bt_ipc_init
                0x0000000000008e10       0x28 zephyr/drivers/bluetooth/libdrivers__bluetooth.a(ipc.c.obj)
 .text.hci_ept_bound
                0x0000000000008e38        0xc zephyr/drivers/bluetooth/libdrivers__bluetooth.a(ipc.c.obj)
 .text.bt_ipc_open.part.0
                0x0000000000008e44       0x6c zephyr/drivers/bluetooth/libdrivers__bluetooth.a(ipc.c.obj)
 .text.hci_ept_recv
                0x0000000000008eb0      0x1f0 zephyr/drivers/bluetooth/libdrivers__bluetooth.a(ipc.c.obj)
 .text.bt_ipc_open
                0x00000000000090a0       0x2c zephyr/drivers/bluetooth/libdrivers__bluetooth.a(ipc.c.obj)
 .text.bt_ipc_close.part.0
                0x00000000000090cc       0x54 zephyr/drivers/bluetooth/libdrivers__bluetooth.a(ipc.c.obj)
 .text.bt_ipc_close
                0x0000000000009120       0x30 zephyr/drivers/bluetooth/libdrivers__bluetooth.a(ipc.c.obj)
 .text.bt_hci_transport_setup
                0x0000000000009150       0x18 zephyr/drivers/bluetooth/libdrivers__bluetooth.a(nrf53_support.c.obj)
                0x0000000000009150                bt_hci_transport_setup
 .text.onoff_stop
                0x0000000000009168       0x30 zephyr/drivers/clock_control/libdrivers__clock_control.a(clock_control_nrf.c.obj)
 .text.onoff_start
                0x0000000000009198       0x44 zephyr/drivers/clock_control/libdrivers__clock_control.a(clock_control_nrf.c.obj)
 .text.generic_hfclk_stop
                0x00000000000091dc       0x34 zephyr/drivers/clock_control/libdrivers__clock_control.a(clock_control_nrf.c.obj)
 .text.clk_init
                0x0000000000009210       0x64 zephyr/drivers/clock_control/libdrivers__clock_control.a(clock_control_nrf.c.obj)
 .text.api_blocking_start
                0x0000000000009274       0x3c zephyr/drivers/clock_control/libdrivers__clock_control.a(clock_control_nrf.c.obj)
 .text.clkstarted_handle.constprop.0
                0x00000000000092b0       0x4c zephyr/drivers/clock_control/libdrivers__clock_control.a(clock_control_nrf.c.obj)
 .text.generic_hfclk_start
                0x00000000000092fc       0x78 zephyr/drivers/clock_control/libdrivers__clock_control.a(clock_control_nrf.c.obj)
 .text.clock_event_handler
                0x0000000000009374       0x30 zephyr/drivers/clock_control/libdrivers__clock_control.a(clock_control_nrf.c.obj)
 .text.z_nrf_clock_control_lf_on
                0x00000000000093a4       0xf8 zephyr/drivers/clock_control/libdrivers__clock_control.a(clock_control_nrf.c.obj)
                0x00000000000093a4                z_nrf_clock_control_lf_on
 .text.uart_console_init
                0x000000000000949c       0x28 zephyr/drivers/console/libdrivers__console.a(uart_console.c.obj)
 .text.console_out
                0x00000000000094c4       0x28 zephyr/drivers/console/libdrivers__console.a(uart_console.c.obj)
 .text.gpio_nrfx_pin_interrupt_configure
                0x00000000000094ec      0x100 zephyr/drivers/gpio/libdrivers__gpio.a(gpio_nrfx.c.obj)
 .text.gpio_nrfx_init
                0x00000000000095ec       0x48 zephyr/drivers/gpio/libdrivers__gpio.a(gpio_nrfx.c.obj)
 .text.nrfx_gpio_handler
                0x0000000000009634       0x4c zephyr/drivers/gpio/libdrivers__gpio.a(gpio_nrfx.c.obj)
 .text.gpio_nrfx_pin_configure
                0x0000000000009680      0x18c zephyr/drivers/gpio/libdrivers__gpio.a(gpio_nrfx.c.obj)
 .text.mbox_nrf_init
                0x000000000000980c       0x9c zephyr/drivers/mbox/libdrivers__mbox.a(mbox_nrfx_ipc.c.obj)
 .text.mbox_nrf_set_enabled
                0x00000000000098a8       0x94 zephyr/drivers/mbox/libdrivers__mbox.a(mbox_nrfx_ipc.c.obj)
 .text.mbox_nrf_send
                0x000000000000993c       0x44 zephyr/drivers/mbox/libdrivers__mbox.a(mbox_nrfx_ipc.c.obj)
 .text.mbox_dispatcher
                0x0000000000009980       0x60 zephyr/drivers/mbox/libdrivers__mbox.a(mbox_nrfx_ipc.c.obj)
 .text.nrf_gpio_pin_port_decode
                0x00000000000099e0       0x24 zephyr/drivers/pinctrl/libdrivers__pinctrl.a(pinctrl_nrf.c.obj)
 .text.pinctrl_configure_pins
                0x0000000000009a04      0x1a0 zephyr/drivers/pinctrl/libdrivers__pinctrl.a(pinctrl_nrf.c.obj)
                0x0000000000009a04                pinctrl_configure_pins
 .text.uarte_0_init
                0x0000000000009ba4      0x27c zephyr/drivers/serial/libdrivers__serial.a(uart_nrfx_uarte.c.obj)
 .text.uarte_nrfx_poll_out
                0x0000000000009e20       0xcc zephyr/drivers/serial/libdrivers__serial.a(uart_nrfx_uarte.c.obj)
 .text.compare_int_lock
                0x0000000000009eec       0x40 zephyr/drivers/timer/libdrivers__timer.a(nrf_rtc_timer.c.obj)
 .text.sys_clock_timeout_handler
                0x0000000000009f2c       0x48 zephyr/drivers/timer/libdrivers__timer.a(nrf_rtc_timer.c.obj)
 .text.compare_int_unlock
                0x0000000000009f74       0x4c zephyr/drivers/timer/libdrivers__timer.a(nrf_rtc_timer.c.obj)
 .text.z_nrf_rtc_timer_compare_evt_address_get
                0x0000000000009fc0       0x10 zephyr/drivers/timer/libdrivers__timer.a(nrf_rtc_timer.c.obj)
                0x0000000000009fc0                z_nrf_rtc_timer_compare_evt_address_get
 .text.z_nrf_rtc_timer_compare_read
                0x0000000000009fd0       0x10 zephyr/drivers/timer/libdrivers__timer.a(nrf_rtc_timer.c.obj)
                0x0000000000009fd0                z_nrf_rtc_timer_compare_read
 .text.z_nrf_rtc_timer_read
                0x0000000000009fe0       0x44 zephyr/drivers/timer/libdrivers__timer.a(nrf_rtc_timer.c.obj)
                0x0000000000009fe0                z_nrf_rtc_timer_read
 .text.compare_set
                0x000000000000a024      0x124 zephyr/drivers/timer/libdrivers__timer.a(nrf_rtc_timer.c.obj)
 .text.sys_clock_driver_init
                0x000000000000a148       0xa4 zephyr/drivers/timer/libdrivers__timer.a(nrf_rtc_timer.c.obj)
 .text.rtc_nrf_isr
                0x000000000000a1ec      0x100 zephyr/drivers/timer/libdrivers__timer.a(nrf_rtc_timer.c.obj)
                0x000000000000a1ec                rtc_nrf_isr
 .text.z_nrf_rtc_timer_chan_alloc
                0x000000000000a2ec       0x3c zephyr/drivers/timer/libdrivers__timer.a(nrf_rtc_timer.c.obj)
                0x000000000000a2ec                z_nrf_rtc_timer_chan_alloc
 .text.z_nrf_rtc_timer_chan_free
                0x000000000000a328       0x1c zephyr/drivers/timer/libdrivers__timer.a(nrf_rtc_timer.c.obj)
                0x000000000000a328                z_nrf_rtc_timer_chan_free
 .text.sys_clock_set_timeout
                0x000000000000a344       0x5c zephyr/drivers/timer/libdrivers__timer.a(nrf_rtc_timer.c.obj)
                0x000000000000a344                sys_clock_set_timeout
 .text.sys_clock_elapsed
                0x000000000000a3a0       0x14 zephyr/drivers/timer/libdrivers__timer.a(nrf_rtc_timer.c.obj)
                0x000000000000a3a0                sys_clock_elapsed
 .text.dk_set_led.part.0
                0x000000000000a3b4       0x18 modules/nrf/lib/dk_buttons_and_leds/lib..__nrf__lib__dk_buttons_and_leds.a(dk_buttons_and_leds.c.obj)
 .text.get_buttons.part.0
                0x000000000000a3cc       0x18 modules/nrf/lib/dk_buttons_and_leds/lib..__nrf__lib__dk_buttons_and_leds.a(dk_buttons_and_leds.c.obj)
 .text.get_buttons
                0x000000000000a3e4       0x5c modules/nrf/lib/dk_buttons_and_leds/lib..__nrf__lib__dk_buttons_and_leds.a(dk_buttons_and_leds.c.obj)
 .text.dk_set_leds_state.part.0
                0x000000000000a440       0x58 modules/nrf/lib/dk_buttons_and_leds/lib..__nrf__lib__dk_buttons_and_leds.a(dk_buttons_and_leds.c.obj)
 .text.callback_ctrl
                0x000000000000a498       0xa0 modules/nrf/lib/dk_buttons_and_leds/lib..__nrf__lib__dk_buttons_and_leds.a(dk_buttons_and_leds.c.obj)
 .text.button_pressed
                0x000000000000a538       0x6c modules/nrf/lib/dk_buttons_and_leds/lib..__nrf__lib__dk_buttons_and_leds.a(dk_buttons_and_leds.c.obj)
 .text.buttons_scan_fn
                0x000000000000a5a4      0x104 modules/nrf/lib/dk_buttons_and_leds/lib..__nrf__lib__dk_buttons_and_leds.a(dk_buttons_and_leds.c.obj)
 .text.dk_leds_init
                0x000000000000a6a8       0x40 modules/nrf/lib/dk_buttons_and_leds/lib..__nrf__lib__dk_buttons_and_leds.a(dk_buttons_and_leds.c.obj)
                0x000000000000a6a8                dk_leds_init
 .text.dk_read_buttons
                0x000000000000a6e8       0x20 modules/nrf/lib/dk_buttons_and_leds/lib..__nrf__lib__dk_buttons_and_leds.a(dk_buttons_and_leds.c.obj)
                0x000000000000a6e8                dk_read_buttons
 .text.dk_buttons_init
                0x000000000000a708      0x11c modules/nrf/lib/dk_buttons_and_leds/lib..__nrf__lib__dk_buttons_and_leds.a(dk_buttons_and_leds.c.obj)
                0x000000000000a708                dk_buttons_init
 .text.dk_set_led
                0x000000000000a824       0x3c modules/nrf/lib/dk_buttons_and_leds/lib..__nrf__lib__dk_buttons_and_leds.a(dk_buttons_and_leds.c.obj)
                0x000000000000a824                dk_set_led
 .text.nrf53_errata_42
                0x000000000000a860       0x24 modules/hal_nordic/nrfx/libmodules__hal_nordic__nrfx.a(system_nrf5340_application.c.obj)
 .text.SystemInit
                0x000000000000a884      0x1c4 modules/hal_nordic/nrfx/libmodules__hal_nordic__nrfx.a(system_nrf5340_application.c.obj)
                0x000000000000a884                SystemInit
 .text.nrfx_flag32_alloc
                0x000000000000aa48       0x40 modules/hal_nordic/nrfx/libmodules__hal_nordic__nrfx.a(nrfx_flag32_allocator.c.obj)
                0x000000000000aa48                nrfx_flag32_alloc
 .text.nrfx_flag32_free
                0x000000000000aa88       0x38 modules/hal_nordic/nrfx/libmodules__hal_nordic__nrfx.a(nrfx_flag32_allocator.c.obj)
                0x000000000000aa88                nrfx_flag32_free
 .text.nrfx_gppi_channels_enable
                0x000000000000aac0        0xc modules/hal_nordic/nrfx/libmodules__hal_nordic__nrfx.a(nrfx_gppi_dppi.c.obj)
                0x000000000000aac0                nrfx_gppi_channels_enable
 .text.nrfx_gppi_channels_disable
                0x000000000000aacc        0xc modules/hal_nordic/nrfx/libmodules__hal_nordic__nrfx.a(nrfx_gppi_dppi.c.obj)
                0x000000000000aacc                nrfx_gppi_channels_disable
 .text.nrfx_clock_init
                0x000000000000aad8       0x20 modules/hal_nordic/nrfx/libmodules__hal_nordic__nrfx.a(nrfx_clock.c.obj)
                0x000000000000aad8                nrfx_clock_init
 .text.nrfx_clock_enable
                0x000000000000aaf8       0x30 modules/hal_nordic/nrfx/libmodules__hal_nordic__nrfx.a(nrfx_clock.c.obj)
                0x000000000000aaf8                nrfx_clock_enable
 .text.nrfx_clock_start
                0x000000000000ab28       0xd0 modules/hal_nordic/nrfx/libmodules__hal_nordic__nrfx.a(nrfx_clock.c.obj)
                0x000000000000ab28                nrfx_clock_start
 .text.nrfx_power_clock_irq_handler
                0x000000000000abf8       0xb0 modules/hal_nordic/nrfx/libmodules__hal_nordic__nrfx.a(nrfx_clock.c.obj)
                0x000000000000abf8                nrfx_power_clock_irq_handler
 .text.nrfx_dppi_channel_alloc
                0x000000000000aca8        0xc modules/hal_nordic/nrfx/libmodules__hal_nordic__nrfx.a(nrfx_dppi.c.obj)
                0x000000000000aca8                nrfx_dppi_channel_alloc
 .text.nrfx_dppi_channel_free
                0x000000000000acb4       0x1c modules/hal_nordic/nrfx/libmodules__hal_nordic__nrfx.a(nrfx_dppi.c.obj)
                0x000000000000acb4                nrfx_dppi_channel_free
 .text.nrf_gpio_pin_port_decode
                0x000000000000acd0       0x24 modules/hal_nordic/nrfx/libmodules__hal_nordic__nrfx.a(nrfx_gpiote.c.obj)
 .text.get_pin_idx
                0x000000000000acf4       0x14 modules/hal_nordic/nrfx/libmodules__hal_nordic__nrfx.a(nrfx_gpiote.c.obj)
 .text.call_handler.constprop.0
                0x000000000000ad08       0x40 modules/hal_nordic/nrfx/libmodules__hal_nordic__nrfx.a(nrfx_gpiote.c.obj)
 .text.pin_te_get.constprop.0
                0x000000000000ad48       0x18 modules/hal_nordic/nrfx/libmodules__hal_nordic__nrfx.a(nrfx_gpiote.c.obj)
 .text.pin_is_output.constprop.0
                0x000000000000ad60       0x18 modules/hal_nordic/nrfx/libmodules__hal_nordic__nrfx.a(nrfx_gpiote.c.obj)
 .text.pin_in_use_by_te.constprop.0
                0x000000000000ad78       0x18 modules/hal_nordic/nrfx/libmodules__hal_nordic__nrfx.a(nrfx_gpiote.c.obj)
 .text.latch_pending_read_and_check
                0x000000000000ad90       0x3c modules/hal_nordic/nrfx/libmodules__hal_nordic__nrfx.a(nrfx_gpiote.c.obj)
 .text.release_handler.isra.0
                0x000000000000adcc       0x58 modules/hal_nordic/nrfx/libmodules__hal_nordic__nrfx.a(nrfx_gpiote.c.obj)
 .text.__nrfy_internal_gpiote_events_process.constprop.0
                0x000000000000ae24       0x5c modules/hal_nordic/nrfx/libmodules__hal_nordic__nrfx.a(nrfx_gpiote.c.obj)
 .text.pin_uninit
                0x000000000000ae80       0x84 modules/hal_nordic/nrfx/libmodules__hal_nordic__nrfx.a(nrfx_gpiote.c.obj)
 .text.nrfx_gpiote_input_configure
                0x000000000000af04      0x178 modules/hal_nordic/nrfx/libmodules__hal_nordic__nrfx.a(nrfx_gpiote.c.obj)
                0x000000000000af04                nrfx_gpiote_input_configure
 .text.nrfx_gpiote_output_configure
                0x000000000000b07c      0x104 modules/hal_nordic/nrfx/libmodules__hal_nordic__nrfx.a(nrfx_gpiote.c.obj)
                0x000000000000b07c                nrfx_gpiote_output_configure
 .text.nrfx_gpiote_global_callback_set
                0x000000000000b180        0xc modules/hal_nordic/nrfx/libmodules__hal_nordic__nrfx.a(nrfx_gpiote.c.obj)
                0x000000000000b180                nrfx_gpiote_global_callback_set
 .text.nrfx_gpiote_channel_get
                0x000000000000b18c       0x34 modules/hal_nordic/nrfx/libmodules__hal_nordic__nrfx.a(nrfx_gpiote.c.obj)
                0x000000000000b18c                nrfx_gpiote_channel_get
 .text.nrfx_gpiote_init
                0x000000000000b1c0       0x64 modules/hal_nordic/nrfx/libmodules__hal_nordic__nrfx.a(nrfx_gpiote.c.obj)
                0x000000000000b1c0                nrfx_gpiote_init
 .text.nrfx_gpiote_init_check
                0x000000000000b224       0x14 modules/hal_nordic/nrfx/libmodules__hal_nordic__nrfx.a(nrfx_gpiote.c.obj)
                0x000000000000b224                nrfx_gpiote_init_check
 .text.nrfx_gpiote_channel_free
                0x000000000000b238        0xc modules/hal_nordic/nrfx/libmodules__hal_nordic__nrfx.a(nrfx_gpiote.c.obj)
                0x000000000000b238                nrfx_gpiote_channel_free
 .text.nrfx_gpiote_channel_alloc
                0x000000000000b244        0xc modules/hal_nordic/nrfx/libmodules__hal_nordic__nrfx.a(nrfx_gpiote.c.obj)
                0x000000000000b244                nrfx_gpiote_channel_alloc
 .text.nrfx_gpiote_trigger_enable
                0x000000000000b250       0xac modules/hal_nordic/nrfx/libmodules__hal_nordic__nrfx.a(nrfx_gpiote.c.obj)
                0x000000000000b250                nrfx_gpiote_trigger_enable
 .text.nrfx_gpiote_0_irq_handler
                0x000000000000b2fc      0x1b8 modules/hal_nordic/nrfx/libmodules__hal_nordic__nrfx.a(nrfx_gpiote.c.obj)
                0x000000000000b2fc                nrfx_gpiote_0_irq_handler
 .text.nrfx_ipc_init
                0x000000000000b4b4       0x30 modules/hal_nordic/nrfx/libmodules__hal_nordic__nrfx.a(nrfx_ipc.c.obj)
                0x000000000000b4b4                nrfx_ipc_init
 .text.nrfx_ipc_config_load
                0x000000000000b4e4       0x40 modules/hal_nordic/nrfx/libmodules__hal_nordic__nrfx.a(nrfx_ipc.c.obj)
                0x000000000000b4e4                nrfx_ipc_config_load
 .text.nrfx_ipc_receive_event_enable
                0x000000000000b524       0x10 modules/hal_nordic/nrfx/libmodules__hal_nordic__nrfx.a(nrfx_ipc.c.obj)
                0x000000000000b524                nrfx_ipc_receive_event_enable
 .text.nrfx_ipc_receive_event_disable
                0x000000000000b534       0x10 modules/hal_nordic/nrfx/libmodules__hal_nordic__nrfx.a(nrfx_ipc.c.obj)
                0x000000000000b534                nrfx_ipc_receive_event_disable
 .text.nrfx_ipc_irq_handler
                0x000000000000b544       0x40 modules/hal_nordic/nrfx/libmodules__hal_nordic__nrfx.a(nrfx_ipc.c.obj)
                0x000000000000b544                nrfx_ipc_irq_handler
 .text.metal_generic_dev_open
                0x000000000000b584       0x40 modules/libmetal/libmetal/lib/libmetal.a(device.c.obj)
                0x000000000000b584                metal_generic_dev_open
 .text.metal_bus_unregister
                0x000000000000b5c4       0x3c modules/libmetal/libmetal/lib/libmetal.a(device.c.obj)
                0x000000000000b5c4                metal_bus_unregister
 .text.metal_bus_find
                0x000000000000b600       0x3c modules/libmetal/libmetal/lib/libmetal.a(device.c.obj)
                0x000000000000b600                metal_bus_find
 .text.metal_bus_register
                0x000000000000b63c       0x5c modules/libmetal/libmetal/lib/libmetal.a(device.c.obj)
                0x000000000000b63c                metal_bus_register
 .text.metal_register_generic_device
                0x000000000000b698       0x3c modules/libmetal/libmetal/lib/libmetal.a(device.c.obj)
                0x000000000000b698                metal_register_generic_device
 .text.metal_init
                0x000000000000b6d4       0x4c modules/libmetal/libmetal/lib/libmetal.a(init.c.obj)
                0x000000000000b6d4                metal_init
 .text.metal_finish
                0x000000000000b720       0x24 modules/libmetal/libmetal/lib/libmetal.a(init.c.obj)
                0x000000000000b720                metal_finish
 .text.metal_sys_init
                0x000000000000b744       0x10 modules/libmetal/libmetal/lib/libmetal.a(init.c.obj)
                0x000000000000b744                metal_sys_init
 .text.metal_sys_finish
                0x000000000000b754        0xc modules/libmetal/libmetal/lib/libmetal.a(init.c.obj)
                0x000000000000b754                metal_sys_finish
 .text.metal_zephyr_log_handler
                0x000000000000b760       0x3c modules/libmetal/libmetal/lib/libmetal.a(log.c.obj)
                0x000000000000b760                metal_zephyr_log_handler
 .text.virtio_create_virtqueues
                0x000000000000b79c       0xbc modules/open-amp/open-amp/lib/libopen_amp.a(virtio.c.obj)
                0x000000000000b79c                virtio_create_virtqueues
 .text.virtqueue_free
                0x000000000000b858       0x38 modules/open-amp/open-amp/lib/libopen_amp.a(virtqueue.c.obj)
                0x000000000000b858                virtqueue_free
 .text.virtqueue_add_consumed_buffer
                0x000000000000b890       0x38 modules/open-amp/open-amp/lib/libopen_amp.a(virtqueue.c.obj)
                0x000000000000b890                virtqueue_add_consumed_buffer
 .text.rpmsg_send_offchannel_raw
                0x000000000000b8c8       0x2c modules/open-amp/open-amp/lib/libopen_amp.a(rpmsg.c.obj)
                0x000000000000b8c8                rpmsg_send_offchannel_raw
 .text.rpmsg_send_offchannel_nocopy
                0x000000000000b8f4       0x2c modules/open-amp/open-amp/lib/libopen_amp.a(rpmsg.c.obj)
                0x000000000000b8f4                rpmsg_send_offchannel_nocopy
 .text.rpmsg_register_endpoint
                0x000000000000b920       0x40 modules/open-amp/open-amp/lib/libopen_amp.a(rpmsg.c.obj)
                0x000000000000b920                rpmsg_register_endpoint
 .text.rpmsg_create_ept
                0x000000000000b960      0x104 modules/open-amp/open-amp/lib/libopen_amp.a(rpmsg.c.obj)
                0x000000000000b960                rpmsg_create_ept
 .text.rpmsg_virtio_send_offchannel_raw
                0x000000000000ba64       0x5c modules/open-amp/open-amp/lib/libopen_amp.a(rpmsg_virtio.c.obj)
 .text.rpmsg_virtio_get_buffer_size
                0x000000000000bac0       0x4c modules/open-amp/open-amp/lib/libopen_amp.a(rpmsg_virtio.c.obj)
                0x000000000000bac0                rpmsg_virtio_get_buffer_size
 .text.rpmsg_init_vdev_with_config
                0x000000000000bb0c      0x258 modules/open-amp/open-amp/lib/libopen_amp.a(rpmsg_virtio.c.obj)
                0x000000000000bb0c                rpmsg_init_vdev_with_config
 .text.rpmsg_init_vdev
                0x000000000000bd64       0x2c modules/open-amp/open-amp/lib/libopen_amp.a(rpmsg_virtio.c.obj)
                0x000000000000bd64                rpmsg_init_vdev
 .text.k_sys_fatal_error_handler
                0x000000000000bd90       0x20 zephyr/kernel/libkernel.a(fatal.c.obj)
                0x000000000000bd90                k_sys_fatal_error_handler
 .text.z_fatal_error
                0x000000000000bdb0       0xe8 zephyr/kernel/libkernel.a(fatal.c.obj)
                0x000000000000bdb0                z_fatal_error
 .text.z_sys_init_run_level
                0x000000000000be98       0x2c zephyr/kernel/libkernel.a(init.c.obj)
 .text.bg_thread_main
                0x000000000000bec4       0xc0 zephyr/kernel/libkernel.a(init.c.obj)
 .text.z_bss_zero
                0x000000000000bf84       0x18 zephyr/kernel/libkernel.a(init.c.obj)
                0x000000000000bf84                z_bss_zero
 .text.z_init_cpu
                0x000000000000bf9c       0x68 zephyr/kernel/libkernel.a(init.c.obj)
                0x000000000000bf9c                z_init_cpu
 .text.z_cstart
                0x000000000000c004       0xe4 zephyr/kernel/libkernel.a(init.c.obj)
                0x000000000000c004                z_cstart
 .text.statics_init
                0x000000000000c0e8       0x24 zephyr/kernel/libkernel.a(kheap.c.obj)
 .text.init_mem_slab_obj_core_list
                0x000000000000c10c       0x24 zephyr/kernel/libkernel.a(mem_slab.c.obj)
 .text.k_mem_slab_alloc
                0x000000000000c130       0x5c zephyr/kernel/libkernel.a(mem_slab.c.obj)
                0x000000000000c130                k_mem_slab_alloc
 .text.z_impl_k_mutex_lock
                0x000000000000c18c       0xf0 zephyr/kernel/libkernel.a(mutex.c.obj)
                0x000000000000c18c                z_impl_k_mutex_lock
 .text.z_impl_k_mutex_unlock
                0x000000000000c27c       0x78 zephyr/kernel/libkernel.a(mutex.c.obj)
                0x000000000000c27c                z_impl_k_mutex_unlock
 .text.z_impl_k_queue_get
                0x000000000000c2f4       0x64 zephyr/kernel/libkernel.a(queue.c.obj)
                0x000000000000c2f4                z_impl_k_queue_get
 .text.z_impl_k_sem_give
                0x000000000000c358       0x48 zephyr/kernel/libkernel.a(sem.c.obj)
                0x000000000000c358                z_impl_k_sem_give
 .text.z_impl_k_sem_take
                0x000000000000c3a0       0x4c zephyr/kernel/libkernel.a(sem.c.obj)
                0x000000000000c3a0                z_impl_k_sem_take
 .text.k_sys_work_q_init
                0x000000000000c3ec       0x34 zephyr/kernel/libkernel.a(system_work_q.c.obj)
 .text.work_queue_main
                0x000000000000c420      0x144 zephyr/kernel/libkernel.a(work.c.obj)
 .text.cancel_sync_locked
                0x000000000000c564       0x3c zephyr/kernel/libkernel.a(work.c.obj)
 .text.submit_to_queue_locked
                0x000000000000c5a0       0xb4 zephyr/kernel/libkernel.a(work.c.obj)
 .text.work_flush_locked
                0x000000000000c654       0x8c zephyr/kernel/libkernel.a(work.c.obj)
 .text.k_work_submit
                0x000000000000c6e0        0xc zephyr/kernel/libkernel.a(work.c.obj)
                0x000000000000c6e0                k_work_submit
 .text.k_work_queue_start
                0x000000000000c6ec       0x7c zephyr/kernel/libkernel.a(work.c.obj)
                0x000000000000c6ec                k_work_queue_start
 .text.k_work_queue_drain
                0x000000000000c768       0x78 zephyr/kernel/libkernel.a(work.c.obj)
                0x000000000000c768                k_work_queue_drain
 .text.k_work_schedule_for_queue
                0x000000000000c7e0       0x54 zephyr/kernel/libkernel.a(work.c.obj)
                0x000000000000c7e0                k_work_schedule_for_queue
 .text.k_work_schedule
                0x000000000000c834        0xc zephyr/kernel/libkernel.a(work.c.obj)
                0x000000000000c834                k_work_schedule
 .text.k_work_reschedule_for_queue
                0x000000000000c840       0x5c zephyr/kernel/libkernel.a(work.c.obj)
                0x000000000000c840                k_work_reschedule_for_queue
 .text.k_work_reschedule
                0x000000000000c89c        0xc zephyr/kernel/libkernel.a(work.c.obj)
                0x000000000000c89c                k_work_reschedule
 .text.z_setup_new_thread
                0x000000000000c8a8       0x7c zephyr/kernel/libkernel.a(thread.c.obj)
                0x000000000000c8a8                z_setup_new_thread
 .text.z_impl_k_thread_create
                0x000000000000c924       0x58 zephyr/kernel/libkernel.a(thread.c.obj)
                0x000000000000c924                z_impl_k_thread_create
 .text.update_cache
                0x000000000000c97c       0x3c zephyr/kernel/libkernel.a(sched.c.obj)
 .text.unready_thread
                0x000000000000c9b8       0x30 zephyr/kernel/libkernel.a(sched.c.obj)
 .text.ready_thread
                0x000000000000c9e8       0x68 zephyr/kernel/libkernel.a(sched.c.obj)
 .text.z_thread_halt
                0x000000000000ca50       0xdc zephyr/kernel/libkernel.a(sched.c.obj)
 .text.move_thread_to_end_of_prio_q
                0x000000000000cb2c       0x74 zephyr/kernel/libkernel.a(sched.c.obj)
                0x000000000000cb2c                move_thread_to_end_of_prio_q
 .text.z_pend_curr
                0x000000000000cba0       0x58 zephyr/kernel/libkernel.a(sched.c.obj)
                0x000000000000cba0                z_pend_curr
 .text.z_thread_prio_set
                0x000000000000cbf8       0x88 zephyr/kernel/libkernel.a(sched.c.obj)
                0x000000000000cbf8                z_thread_prio_set
 .text.z_reschedule
                0x000000000000cc80       0x24 zephyr/kernel/libkernel.a(sched.c.obj)
                0x000000000000cc80                z_reschedule
 .text.z_sched_start
                0x000000000000cca4       0x3c zephyr/kernel/libkernel.a(sched.c.obj)
                0x000000000000cca4                z_sched_start
 .text.z_reschedule_irqlock
                0x000000000000cce0       0x28 zephyr/kernel/libkernel.a(sched.c.obj)
                0x000000000000cce0                z_reschedule_irqlock
 .text.k_sched_lock
                0x000000000000cd08       0x28 zephyr/kernel/libkernel.a(sched.c.obj)
                0x000000000000cd08                k_sched_lock
 .text.k_sched_unlock
                0x000000000000cd30       0x40 zephyr/kernel/libkernel.a(sched.c.obj)
                0x000000000000cd30                k_sched_unlock
 .text.z_sched_init
                0x000000000000cd70       0x10 zephyr/kernel/libkernel.a(sched.c.obj)
                0x000000000000cd70                z_sched_init
 .text.z_impl_k_yield
                0x000000000000cd80       0x7c zephyr/kernel/libkernel.a(sched.c.obj)
                0x000000000000cd80                z_impl_k_yield
 .text.z_tick_sleep
                0x000000000000cdfc       0x88 zephyr/kernel/libkernel.a(sched.c.obj)
 .text.z_impl_k_sleep
                0x000000000000ce84       0x3c zephyr/kernel/libkernel.a(sched.c.obj)
                0x000000000000ce84                z_impl_k_sleep
 .text.z_impl_k_sched_current_thread_query
                0x000000000000cec0        0xc zephyr/kernel/libkernel.a(sched.c.obj)
                0x000000000000cec0                z_impl_k_sched_current_thread_query
 .text.z_sched_wait
                0x000000000000cecc       0x24 zephyr/kernel/libkernel.a(sched.c.obj)
                0x000000000000cecc                z_sched_wait
 .text.slice_timeout
                0x000000000000cef0       0x20 zephyr/kernel/libkernel.a(timeslicing.c.obj)
 .text.thread_is_sliceable
                0x000000000000cf10       0x3c zephyr/kernel/libkernel.a(timeslicing.c.obj)
                0x000000000000cf10                thread_is_sliceable
 .text.z_reset_time_slice
                0x000000000000cf4c       0x50 zephyr/kernel/libkernel.a(timeslicing.c.obj)
                0x000000000000cf4c                z_reset_time_slice
 .text.z_time_slice
                0x000000000000cf9c       0x60 zephyr/kernel/libkernel.a(timeslicing.c.obj)
                0x000000000000cf9c                z_time_slice
 .text.z_data_copy
                0x000000000000cffc       0x34 zephyr/kernel/libkernel.a(xip.c.obj)
                0x000000000000cffc                z_data_copy
 .text.elapsed  0x000000000000d030       0x14 zephyr/kernel/libkernel.a(timeout.c.obj)
 .text.remove_timeout
                0x000000000000d044       0x38 zephyr/kernel/libkernel.a(timeout.c.obj)
 .text.next_timeout
                0x000000000000d07c       0x40 zephyr/kernel/libkernel.a(timeout.c.obj)
 .text.z_add_timeout
                0x000000000000d0bc       0xf4 zephyr/kernel/libkernel.a(timeout.c.obj)
                0x000000000000d0bc                z_add_timeout
 .text.sys_clock_announce
                0x000000000000d1b0       0xd0 zephyr/kernel/libkernel.a(timeout.c.obj)
                0x000000000000d1b0                sys_clock_announce
 .text.sys_clock_tick_get
                0x000000000000d280       0x30 zephyr/kernel/libkernel.a(timeout.c.obj)
                0x000000000000d280                sys_clock_tick_get
 .text.z_timer_expiration_handler
                0x000000000000d2b0       0xe0 zephyr/kernel/libkernel.a(timer.c.obj)
                0x000000000000d2b0                z_timer_expiration_handler
 .text.z_impl_k_timer_start
                0x000000000000d390       0x74 zephyr/kernel/libkernel.a(timer.c.obj)
                0x000000000000d390                z_impl_k_timer_start
 .text.z_impl_k_poll
                0x000000000000d404       0xb0 zephyr/kernel/libkernel.a(poll.c.obj)
                0x000000000000d404                z_impl_k_poll
 .text.z_impl_k_poll_signal_raise
                0x000000000000d4b4       0x50 zephyr/kernel/libkernel.a(poll.c.obj)
                0x000000000000d4b4                z_impl_k_poll_signal_raise
 .text.k_aligned_alloc
                0x000000000000d504       0x10 zephyr/kernel/libkernel.a(mempool.c.obj)
                0x000000000000d504                k_aligned_alloc
 .text.k_thread_system_pool_assign
                0x000000000000d514        0xc zephyr/kernel/libkernel.a(mempool.c.obj)
                0x000000000000d514                k_thread_system_pool_assign
 .text.z_thread_aligned_alloc
                0x000000000000d520       0x30 zephyr/kernel/libkernel.a(mempool.c.obj)
                0x000000000000d520                z_thread_aligned_alloc
 .text.nrf_cc3xx_platform_init_no_rng
                0x000000000000d550       0x38 C:/ncs/v2.7.0/nrfxlib/crypto/nrf_cc312_platform/lib/cortex-m33/soft-float/no-interrupts/libnrf_cc312_platform_0.9.19.a(nrf_cc3xx_platform.c.obj)
                0x000000000000d550                nrf_cc3xx_platform_init_no_rng
 .text.nrf_cc3xx_platform_abort
                0x000000000000d588       0x24 C:/ncs/v2.7.0/nrfxlib/crypto/nrf_cc312_platform/lib/cortex-m33/soft-float/no-interrupts/libnrf_cc312_platform_0.9.19.a(nrf_cc3xx_platform_abort.c.obj)
 .text.CC_PalAbort
                0x000000000000d5ac       0x44 C:/ncs/v2.7.0/nrfxlib/crypto/nrf_cc312_platform/lib/cortex-m33/soft-float/no-interrupts/libnrf_cc312_platform_0.9.19.a(nrf_cc3xx_platform_abort.c.obj)
                0x000000000000d5ac                CC_PalAbort
 .text.nrf_cc3xx_platform_set_abort
                0x000000000000d5f0       0x10 C:/ncs/v2.7.0/nrfxlib/crypto/nrf_cc312_platform/lib/cortex-m33/soft-float/no-interrupts/libnrf_cc312_platform_0.9.19.a(nrf_cc3xx_platform_abort.c.obj)
                0x000000000000d5f0                nrf_cc3xx_platform_set_abort
 .text.mutex_free
                0x000000000000d600       0x34 C:/ncs/v2.7.0/nrfxlib/crypto/nrf_cc312_platform/lib/cortex-m33/soft-float/no-interrupts/libnrf_cc312_platform_0.9.19.a(nrf_cc3xx_platform_mutex.c.obj)
 .text.mutex_lock
                0x000000000000d634       0x48 C:/ncs/v2.7.0/nrfxlib/crypto/nrf_cc312_platform/lib/cortex-m33/soft-float/no-interrupts/libnrf_cc312_platform_0.9.19.a(nrf_cc3xx_platform_mutex.c.obj)
 .text.mutex_unlock
                0x000000000000d67c       0x38 C:/ncs/v2.7.0/nrfxlib/crypto/nrf_cc312_platform/lib/cortex-m33/soft-float/no-interrupts/libnrf_cc312_platform_0.9.19.a(nrf_cc3xx_platform_mutex.c.obj)
 .text.mutex_init
                0x000000000000d6b4       0x20 C:/ncs/v2.7.0/nrfxlib/crypto/nrf_cc312_platform/lib/cortex-m33/soft-float/no-interrupts/libnrf_cc312_platform_0.9.19.a(nrf_cc3xx_platform_mutex.c.obj)
 .text.nrf_cc3xx_platform_set_mutexes
                0x000000000000d6d4       0x78 C:/ncs/v2.7.0/nrfxlib/crypto/nrf_cc312_platform/lib/cortex-m33/soft-float/no-interrupts/libnrf_cc312_platform_0.9.19.a(nrf_cc3xx_platform_mutex.c.obj)
                0x000000000000d6d4                nrf_cc3xx_platform_set_mutexes
 .text.CC_LibInitNoRng
                0x000000000000d74c       0x28 C:/ncs/v2.7.0/nrfxlib/crypto/nrf_cc312_platform/lib/cortex-m33/soft-float/no-interrupts/libnrf_cc312_platform_0.9.19.a(cc_lib.c.obj)
                0x000000000000d74c                CC_LibInitNoRng
 .text.CC_HalInit
                0x000000000000d774        0x4 C:/ncs/v2.7.0/nrfxlib/crypto/nrf_cc312_platform/lib/cortex-m33/soft-float/no-interrupts/libnrf_cc312_platform_0.9.19.a(cc_hal.c.obj)
                0x000000000000d774                CC_HalInit
 .text.CC_PalInit
                0x000000000000d778       0x5c C:/ncs/v2.7.0/nrfxlib/crypto/nrf_cc312_platform/lib/cortex-m33/soft-float/no-interrupts/libnrf_cc312_platform_0.9.19.a(cc_pal.c.obj)
                0x000000000000d778                CC_PalInit
 .text.CC_PalTerminate
                0x000000000000d7d4       0x34 C:/ncs/v2.7.0/nrfxlib/crypto/nrf_cc312_platform/lib/cortex-m33/soft-float/no-interrupts/libnrf_cc312_platform_0.9.19.a(cc_pal.c.obj)
                0x000000000000d7d4                CC_PalTerminate
 .text.CC_PalDmaInit
                0x000000000000d808        0x4 C:/ncs/v2.7.0/nrfxlib/crypto/nrf_cc312_platform/lib/cortex-m33/soft-float/no-interrupts/libnrf_cc312_platform_0.9.19.a(cc_pal_dma.c.obj)
                0x000000000000d808                CC_PalDmaInit
 .text.CC_PalDmaTerminate
                0x000000000000d80c        0x4 C:/ncs/v2.7.0/nrfxlib/crypto/nrf_cc312_platform/lib/cortex-m33/soft-float/no-interrupts/libnrf_cc312_platform_0.9.19.a(cc_pal_dma.c.obj)
                0x000000000000d80c                CC_PalDmaTerminate
 .text.CC_PalMutexCreate
                0x000000000000d810       0x14 C:/ncs/v2.7.0/nrfxlib/crypto/nrf_cc312_platform/lib/cortex-m33/soft-float/no-interrupts/libnrf_cc312_platform_0.9.19.a(cc_pal_mutex.c.obj)
                0x000000000000d810                CC_PalMutexCreate
 .text.CC_PalMutexDestroy
                0x000000000000d824       0x14 C:/ncs/v2.7.0/nrfxlib/crypto/nrf_cc312_platform/lib/cortex-m33/soft-float/no-interrupts/libnrf_cc312_platform_0.9.19.a(cc_pal_mutex.c.obj)
                0x000000000000d824                CC_PalMutexDestroy
 .text.CC_PalPowerSaveModeInit
                0x000000000000d838       0x3c C:/ncs/v2.7.0/nrfxlib/crypto/nrf_cc312_platform/lib/cortex-m33/soft-float/no-interrupts/libnrf_cc312_platform_0.9.19.a(cc_pal_pm.c.obj)
                0x000000000000d838                CC_PalPowerSaveModeInit
 .text.snprintf
                0x000000000000d874       0x58 c:\ncs\toolchains\ce3b5ff664\opt\zephyr-sdk\arm-zephyr-eabi\bin\../lib/gcc/../../picolibc/arm-zephyr-eabi/lib/thumb/v8-m.main/nofp\libc.a(libc_tinystdio_snprintf.c.o)
                0x000000000000d874                snprintf
 .text.__l_vfprintf
                0x000000000000d8cc      0x4b4 c:\ncs\toolchains\ce3b5ff664\opt\zephyr-sdk\arm-zephyr-eabi\bin\../lib/gcc/../../picolibc/arm-zephyr-eabi/lib/thumb/v8-m.main/nofp\libc.a(libc_tinystdio_vflprintf.c.o)
                0x000000000000d8cc                __l_vfprintf
 .text._OffsetAbsSyms
                0x000000000000dd80        0x2 zephyr/CMakeFiles/offsets.dir/./arch/arm/core/offsets/offsets.c.obj
                0x000000000000dd80                _OffsetAbsSyms
 .text.app_led_cb
                0x000000000000dd82        0x8 app/libapp.a(main.c.obj)
 .text.indicate_cb
                0x000000000000dd8a        0x2 app/libapp.a(my_lbs.c.obj)
 .text.chunk_field
                0x000000000000dd8c       0x16 zephyr/libzephyr.a(heap.c.obj)
 .text.chunk_set
                0x000000000000dda2       0x16 zephyr/libzephyr.a(heap.c.obj)
 .text.chunk_size
                0x000000000000ddb8        0xc zephyr/libzephyr.a(heap.c.obj)
 .text.set_chunk_used
                0x000000000000ddc4       0x30 zephyr/libzephyr.a(heap.c.obj)
 .text.set_chunk_size
                0x000000000000ddf4        0x8 zephyr/libzephyr.a(heap.c.obj)
 .text.mem_to_chunkid
                0x000000000000ddfc       0x14 zephyr/libzephyr.a(heap.c.obj)
 .text.bucket_idx.isra.0
                0x000000000000de10       0x1c zephyr/libzephyr.a(heap.c.obj)
 .text.free_list_remove_bidx
                0x000000000000de2c       0x5c zephyr/libzephyr.a(heap.c.obj)
 .text.free_list_remove