Archive member included to satisfy reference by file (symbol)

app/libapp.a(main.c.obj)      (--whole-archive)
app/libapp.a(my_lbs.c.obj)    (--whole-archive)
zephyr/libzephyr.a(heap.c.obj)
                              (--whole-archive)
zephyr/libzephyr.a(cbprintf_packaged.c.obj)
                              (--whole-archive)
zephyr/libzephyr.a(printk.c.obj)
                              (--whole-archive)
zephyr/libzephyr.a(sem.c.obj)
                              (--whole-archive)
zephyr/libzephyr.a(thread_entry.c.obj)
                              (--whole-archive)
zephyr/libzephyr.a(cbprintf_complete.c.obj)
                              (--whole-archive)
zephyr/libzephyr.a(assert.c.obj)
                              (--whole-archive)
zephyr/libzephyr.a(mpsc_pbuf.c.obj)
                              (--whole-archive)
zephyr/libzephyr.a(dec.c.obj)
                              (--whole-archive)
zephyr/libzephyr.a(hex.c.obj)
                              (--whole-archive)
zephyr/libzephyr.a(rb.c.obj)  (--whole-archive)
zephyr/libzephyr.a(timeutil.c.obj)
                              (--whole-archive)
zephyr/libzephyr.a(bitarray.c.obj)
                              (--whole-archive)
zephyr/libzephyr.a(onoff.c.obj)
                              (--whole-archive)
zephyr/libzephyr.a(notify.c.obj)
                              (--whole-archive)
zephyr/libzephyr.a(configs.c.obj)
                              (--whole-archive)
zephyr/libzephyr.a(ipc_service.c.obj)
                              (--whole-archive)
zephyr/libzephyr.a(ipc_rpmsg_static_vrings.c.obj)
                              (--whole-archive)
zephyr/libzephyr.a(ipc_rpmsg.c.obj)
                              (--whole-archive)
zephyr/libzephyr.a(ipc_static_vrings.c.obj)
                              (--whole-archive)
zephyr/libzephyr.a(log_core.c.obj)
                              (--whole-archive)
zephyr/libzephyr.a(log_mgmt.c.obj)
                              (--whole-archive)
zephyr/libzephyr.a(log_cache.c.obj)
                              (--whole-archive)
zephyr/libzephyr.a(log_msg.c.obj)
                              (--whole-archive)
zephyr/libzephyr.a(log_output.c.obj)
                              (--whole-archive)
zephyr/libzephyr.a(log_backend_uart.c.obj)
                              (--whole-archive)
zephyr/libzephyr.a(mem_attr.c.obj)
                              (--whole-archive)
zephyr/libzephyr.a(tracing_none.c.obj)
                              (--whole-archive)
zephyr/libzephyr.a(addr_utils.c.obj)
                              (--whole-archive)
zephyr/libzephyr.a(banner.c.obj)
                              (--whole-archive)
zephyr/libzephyr.a(host_extensions.c.obj)
                              (--whole-archive)
zephyr/libzephyr.a(flash_map_partition_manager.c.obj)
                              (--whole-archive)
zephyr/libzephyr.a(utils.c.obj)
                              (--whole-archive)
zephyr/libzephyr.a(aes_decrypt.c.obj)
                              (--whole-archive)
zephyr/libzephyr.a(aes_encrypt.c.obj)
                              (--whole-archive)
zephyr/libzephyr.a(cmac_mode.c.obj)
                              (--whole-archive)
zephyr/libzephyr.a(sha256.c.obj)
                              (--whole-archive)
zephyr/libzephyr.a(hmac.c.obj)
                              (--whole-archive)
zephyr/libzephyr.a(hmac_prng.c.obj)
                              (--whole-archive)
zephyr/libzephyr.a(nrf_cc3xx_platform_abort_zephyr.c.obj)
                              (--whole-archive)
zephyr/libzephyr.a(nrf_cc3xx_platform_mutex_zephyr.c.obj)
                              (--whole-archive)
zephyr/arch/common/libarch__common.a(sw_isr_common.c.obj)
                              (--whole-archive)
zephyr/arch/arch/arm/core/libarch__arm__core.a(fatal.c.obj)
                              (--whole-archive)
zephyr/arch/arch/arm/core/libarch__arm__core.a(nmi.c.obj)
                              (--whole-archive)
zephyr/arch/arch/arm/core/libarch__arm__core.a(nmi_on_reset.S.obj)
                              (--whole-archive)
zephyr/arch/arch/arm/core/libarch__arm__core.a(tls.c.obj)
                              (--whole-archive)
zephyr/arch/arch/arm/core/cortex_m/libarch__arm__core__cortex_m.a(exc_exit.c.obj)
                              (--whole-archive)
zephyr/arch/arch/arm/core/cortex_m/libarch__arm__core__cortex_m.a(fault.c.obj)
                              (--whole-archive)
zephyr/arch/arch/arm/core/cortex_m/libarch__arm__core__cortex_m.a(fault_s.S.obj)
                              (--whole-archive)
zephyr/arch/arch/arm/core/cortex_m/libarch__arm__core__cortex_m.a(fpu.c.obj)
                              (--whole-archive)
zephyr/arch/arch/arm/core/cortex_m/libarch__arm__core__cortex_m.a(reset.S.obj)
                              (--whole-archive)
zephyr/arch/arch/arm/core/cortex_m/libarch__arm__core__cortex_m.a(scb.c.obj)
                              (--whole-archive)
[...]
Memory Configuration

Name             Origin             Length             Attributes
FLASH            0x0000000000000000 0x0000000000100000 xr
RAM              0x0000000020000000 0x0000000000070000 xw
IDT_LIST         0x00000000ffff7fff 0x0000000000008000 xw
*default*        0x0000000000000000 0xffffffffffffffff

Linker script and memory map

                0x000000000000d920                vfprintf = __l_vfprintf
                0x0000000000000000                vfscanf = __l_vfscanf
LOAD zephyr/CMakeFiles/zephyr_pre0.dir/misc/empty_file.c.obj
LOAD zephyr/CMakeFiles/offsets.dir/./arch/arm/core/offsets/offsets.c.obj
LOAD app/libapp.a
LOAD zephyr/libzephyr.a
LOAD zephyr/arch/common/libarch__common.a
LOAD zephyr/arch/arch/arm/core/libarch__arm__core.a
LOAD zephyr/arch/arch/arm/core/cortex_m/libarch__arm__core__cortex_m.a
LOAD zephyr/arch/arch/arm/core/cortex_m/cmse/libarch__arm__core__cortex_m__cmse.a
LOAD zephyr/arch/arch/arm/core/mpu/libarch__arm__core__mpu.a
LOAD zephyr/lib/libc/picolibc/liblib__libc__picolibc.a
LOAD zephyr/lib/libc/common/liblib__libc__common.a
LOAD zephyr/soc/soc/nrf5340/libsoc__nordic.a
LOAD zephyr/boards/nordic/nrf5340dk/libboards__nordic__nrf5340dk.a
LOAD zephyr/subsys/bluetooth/common/libsubsys__bluetooth__common.a
LOAD zephyr/subsys/bluetooth/host/libsubsys__bluetooth__host.a
LOAD zephyr/subsys/net/libsubsys__net.a
LOAD zephyr/drivers/bluetooth/libdrivers__bluetooth.a
LOAD zephyr/drivers/clock_control/libdrivers__clock_control.a
LOAD zephyr/drivers/console/libdrivers__console.a
LOAD zephyr/drivers/gpio/libdrivers__gpio.a
LOAD zephyr/drivers/mbox/libdrivers__mbox.a
LOAD zephyr/drivers/pinctrl/libdrivers__pinctrl.a
LOAD zephyr/drivers/serial/libdrivers__serial.a
LOAD zephyr/drivers/timer/libdrivers__timer.a
LOAD modules/nrf/lib/dk_buttons_and_leds/lib..__nrf__lib__dk_buttons_and_leds.a
LOAD modules/nrf/drivers/hw_cc3xx/lib..__nrf__drivers__hw_cc3xx.a
LOAD modules/hal_nordic/nrfx/libmodules__hal_nordic__nrfx.a
LOAD modules/libmetal/libmetal/lib/libmetal.a
LOAD modules/open-amp/open-amp/lib/libopen_amp.a
LOAD zephyr/kernel/libkernel.a
LOAD c:/ncs/toolchains/ce3b5ff664/opt/zephyr-sdk/arm-zephyr-eabi/bin/../lib/gcc/arm-zephyr-eabi/12.2.0/thumb/v8-m.main/nofp\libgcc.a
LOAD zephyr/arch/common/libisr_tables.a
LOAD C:/ncs/v2.7.0/nrfxlib/crypto/nrf_cc312_platform/lib/cortex-m33/soft-float/no-interrupts/libnrf_cc312_platform_0.9.19.a
LOAD c:\ncs\toolchains\ce3b5ff664\opt\zephyr-sdk\arm-zephyr-eabi\bin\../lib/gcc/../../picolibc/arm-zephyr-eabi/lib/thumb/v8-m.main/nofp\libc.a
LOAD c:/ncs/toolchains/ce3b5ff664/opt/zephyr-sdk/arm-zephyr-eabi/bin/../lib/gcc/arm-zephyr-eabi/12.2.0/thumb/v8-m.main/nofp\libgcc.a
                0x0000000000000020                _region_min_align = 0x20

.rel.plt        0x0000000000000000        0x0
 *(SORT_BY_ALIGNMENT(.rel.plt))
                [!provide]                        PROVIDE (__rel_iplt_start = .)
 *(SORT_BY_ALIGNMENT(.rel.iplt))
 .rel.iplt      0x0000000000000000        0x0 app/libapp.a(main.c.obj)
                [!provide]                        PROVIDE (__rel_iplt_end = .)

.rela.plt       0x0000000000000000        0x0
 *(SORT_BY_ALIGNMENT(.rela.plt))
                [!provide]                        PROVIDE (__rela_iplt_start = .)
 *(SORT_BY_ALIGNMENT(.rela.iplt))
                [!provide]                        PROVIDE (__rela_iplt_end = .)

.rel.dyn
 *(SORT_BY_ALIGNMENT(.rel.*))

.rela.dyn
 *(SORT_BY_ALIGNMENT(.rela.*))

/DISCARD/
 *(SORT_BY_ALIGNMENT(.plt))

/DISCARD/
 *(SORT_BY_ALIGNMENT(.iplt))
                0x0000000000000000                __rom_region_start = 0x0

rom_start       0x0000000000000000      0x154
                0x0000000000000000                __rom_start_address = .
 FILL mask 0x00
                0x0000000000000000                . = (. + (0x0 - (. - __rom_start_address)))
                0x0000000000000000                . = ALIGN (0x4)
                0x0000000000000000                . = ALIGN (0x80)
                0x0000000000000000                . = ALIGN (0x200)
                0x0000000000000000                _vector_start = .
 *(SORT_BY_ALIGNMENT(.exc_vector_table))
 *(SORT_BY_ALIGNMENT(.exc_vector_table.*))
 .exc_vector_table._vector_table_section
                0x0000000000000000       0x40 zephyr/arch/arch/arm/core/cortex_m/libarch__arm__core__cortex_m.a(vector_table.S.obj)
                0x0000000000000000                _vector_table
 *(SORT_BY_ALIGNMENT(.vectors))
                0x0000000000000154                _vector_end = .
                0x0000000000000040                . = ALIGN (0x4)
 *(SORT_BY_ALIGNMENT(.gnu.linkonce.irq_vector_table*))
 .gnu.linkonce.irq_vector_table
                0x0000000000000040      0x114 zephyr/arch/common/libisr_tables.a(isr_tables.c.obj)
                0x0000000000000040                _irq_vector_table
                0x0000000000000154                _vector_end = .

text            0x0000000000000154    0x12ec0
                0x0000000000000154                __text_region_start = .
 *(SORT_BY_ALIGNMENT(.text))
 .text          0x0000000000000154       0x14 c:\ncs\toolchains\ce3b5ff664\opt\zephyr-sdk\arm-zephyr-eabi\bin\../lib/gcc/../../picolibc/arm-zephyr-eabi/lib/thumb/v8-m.main/nofp\libc.a(strcmp.S.o)
                0x0000000000000154                strcmp
 .text          0x0000000000000168       0x10 c:\ncs\toolchains\ce3b5ff664\opt\zephyr-sdk\arm-zephyr-eabi\bin\../lib/gcc/../../picolibc/arm-zephyr-eabi/lib/thumb/v8-m.main/nofp\libc.a(strcpy.S.o)
                0x0000000000000168                strcpy
 .text          0x0000000000000178       0x10 c:\ncs\toolchains\ce3b5ff664\opt\zephyr-sdk\arm-zephyr-eabi\bin\../lib/gcc/../../picolibc/arm-zephyr-eabi/lib/thumb/v8-m.main/nofp\libc.a(strlen.S.o)
                0x0000000000000178                strlen
 *(SORT_BY_ALIGNMENT(.text.*))
 .text.app_button_cb
                0x0000000000000188       0x18 app/libapp.a(main.c.obj)
 .text.on_disconnected
                0x00000000000001a0       0x18 app/libapp.a(main.c.obj)
 .text.on_connected
                0x00000000000001b8       0x28 app/libapp.a(main.c.obj)
 .text.button_changed
                0x00000000000001e0       0x1c app/libapp.a(main.c.obj)
 .text.send_data_thread
                0x00000000000001fc       0x70 app/libapp.a(main.c.obj)
                0x00000000000001fc                send_data_thread
 .text.main     0x000000000000026c       0xe8 app/libapp.a(main.c.obj)
                0x000000000000026c                main
 .text.mylbsbc_ccc_cfg_changed
                0x0000000000000354       0x10 app/libapp.a(my_lbs.c.obj)
 .text.mylbsbc_ccc_mysensor_cfg_changed
                0x0000000000000364       0x10 app/libapp.a(my_lbs.c.obj)
 .text.write_led
                0x0000000000000374       0x3c app/libapp.a(my_lbs.c.obj)
 .text.read_button
                0x00000000000003b0       0x44 app/libapp.a(my_lbs.c.obj)
 .text.my_lbs_init
                0x00000000000003f4       0x14 app/libapp.a(my_lbs.c.obj)
                0x00000000000003f4                my_lbs_init
 .text.my_lbs_send_button_state_indicate
                0x0000000000000408       0x44 app/libapp.a(my_lbs.c.obj)
                0x0000000000000408                my_lbs_send_button_state_indicate
 .text.my_lbs_send_sensor_notify
                0x000000000000044c       0x40 app/libapp.a(my_lbs.c.obj)
                0x000000000000044c                my_lbs_send_sensor_notify
 .text.cbvprintf_package
                0x000000000000048c      0x3a4 zephyr/libzephyr.a(cbprintf_packaged.c.obj)
                0x000000000000048c                cbvprintf_package
 .text.cbprintf_package_convert
                0x0000000000000830      0x3c0 zephyr/libzephyr.a(cbprintf_packaged.c.obj)
                0x0000000000000830                cbprintf_package_convert
 .text.__printk_hook_install
                0x0000000000000bf0        0xc zephyr/libzephyr.a(printk.c.obj)
                0x0000000000000bf0                __printk_hook_install
 .text.z_thread_entry
                0x0000000000000bfc       0x34 zephyr/libzephyr.a(thread_entry.c.obj)
                0x0000000000000bfc                z_thread_entry
 .text.process_event
                0x0000000000000c30      0x21c zephyr/libzephyr.a(onoff.c.obj)
 .text.ipc_service_open_instance
                0x0000000000000e4c       0x40 zephyr/libzephyr.a(ipc_service.c.obj)
                0x0000000000000e4c                ipc_service_open_instance
 .text.ipc_service_close_instance
                0x0000000000000e8c       0x40 zephyr/libzephyr.a(ipc_service.c.obj)
                0x0000000000000e8c                ipc_service_close_instance
 .text.ipc_service_register_endpoint
                0x0000000000000ecc       0x44 zephyr/libzephyr.a(ipc_service.c.obj)
                0x0000000000000ecc                ipc_service_register_endpoint
 .text.ipc_service_deregister_endpoint
                0x0000000000000f10       0x58 zephyr/libzephyr.a(ipc_service.c.obj)
                0x0000000000000f10                ipc_service_deregister_endpoint
 .text.ipc_service_send
                0x0000000000000f68       0x5c zephyr/libzephyr.a(ipc_service.c.obj)
                0x0000000000000f68                ipc_service_send
 .text.shared_memory_prepare
                0x0000000000000fc4       0x14 zephyr/libzephyr.a(ipc_rpmsg_static_vrings.c.obj)
 .text.advertise_ept
                0x0000000000000fd8       0x44 zephyr/libzephyr.a(ipc_rpmsg_static_vrings.c.obj)
 .text.get_ept  0x000000000000101c       0x28 zephyr/libzephyr.a(ipc_rpmsg_static_vrings.c.obj)
 .text.open     0x0000000000001044      0x1b8 zephyr/libzephyr.a(ipc_rpmsg_static_vrings.c.obj)
 .text.bound_cb
                0x00000000000011fc       0x30 zephyr/libzephyr.a(ipc_rpmsg_static_vrings.c.obj)
 .text.send     0x000000000000122c       0x4c zephyr/libzephyr.a(ipc_rpmsg_static_vrings.c.obj)
 .text.register_ept
                0x0000000000001278       0xe0 zephyr/libzephyr.a(ipc_rpmsg_static_vrings.c.obj)
 .text.deregister_ept
                0x0000000000001358       0x44 zephyr/libzephyr.a(ipc_rpmsg_static_vrings.c.obj)
 .text.ns_bind_cb
                0x000000000000139c       0x6c zephyr/libzephyr.a(ipc_rpmsg.c.obj)
 .text.ipc_rpmsg_register_ept
                0x0000000000001408       0x3c zephyr/libzephyr.a(ipc_rpmsg.c.obj)
                0x0000000000001408                ipc_rpmsg_register_ept
 .text.ipc_rpmsg_init
                0x0000000000001444       0x70 zephyr/libzephyr.a(ipc_rpmsg.c.obj)
                0x0000000000001444                ipc_rpmsg_init
 .text.ipc_static_vrings_init
                0x00000000000014b4      0x108 zephyr/libzephyr.a(ipc_static_vrings.c.obj)
                0x00000000000014b4                ipc_static_vrings_init
 .text.activate_foreach_backend
                0x00000000000015bc       0x64 zephyr/libzephyr.a(log_core.c.obj)
 .text.enable_logger
                0x0000000000001620       0x5c zephyr/libzephyr.a(log_core.c.obj)
 .text.log_process_thread_timer_expiry_fn
                0x000000000000167c        0xc zephyr/libzephyr.a(log_core.c.obj)
 .text.z_log_init
                0x0000000000001688       0x90 zephyr/libzephyr.a(log_core.c.obj)
 .text.log_format_func_t_get
                0x0000000000001718        0xc zephyr/libzephyr.a(log_core.c.obj)
                0x0000000000001718                log_format_func_t_get
 .text.log_set_timestamp_func
                0x0000000000001724       0x20 zephyr/libzephyr.a(log_core.c.obj)
                0x0000000000001724                log_set_timestamp_func
 .text.z_log_notify_backend_enabled
                0x0000000000001744       0x1c zephyr/libzephyr.a(log_core.c.obj)
                0x0000000000001744                z_log_notify_backend_enabled
 .text.z_log_dropped
                0x0000000000001760       0x28 zephyr/libzephyr.a(log_core.c.obj)
                0x0000000000001760                z_log_dropped
 .text.z_log_dropped_read_and_clear
                0x0000000000001788       0x18 zephyr/libzephyr.a(log_core.c.obj)
                0x0000000000001788                z_log_dropped_read_and_clear
 .text.dropped_notify
                0x00000000000017a0       0x30 zephyr/libzephyr.a(log_core.c.obj)
                0x00000000000017a0                dropped_notify
 .text.z_log_msg_init
                0x00000000000017d0       0x20 zephyr/libzephyr.a(log_core.c.obj)
                0x00000000000017d0                z_log_msg_init
 .text.log_core_init
                0x00000000000017f0       0x34 zephyr/libzephyr.a(log_core.c.obj)
                0x00000000000017f0                log_core_init
 .text.z_log_msg_alloc
                0x0000000000001824       0x10 zephyr/libzephyr.a(log_core.c.obj)
                0x0000000000001824                z_log_msg_alloc
 .text.z_log_msg_local_claim
                0x0000000000001834        0xc zephyr/libzephyr.a(log_core.c.obj)
                0x0000000000001834                z_log_msg_local_claim
 .text.z_log_msg_free
                0x0000000000001840       0x10 zephyr/libzephyr.a(log_core.c.obj)
                0x0000000000001840                z_log_msg_free
 .text.z_log_msg_pending
                0x0000000000001850        0xc zephyr/libzephyr.a(log_core.c.obj)
                0x0000000000001850                z_log_msg_pending
 .text.z_impl_log_process
                0x000000000000185c       0xb4 zephyr/libzephyr.a(log_core.c.obj)
                0x000000000000185c                z_impl_log_process
 .text.z_impl_log_panic
                0x0000000000001910       0x44 zephyr/libzephyr.a(log_core.c.obj)
                0x0000000000001910                z_impl_log_panic
 .text.log_process_thread_func
                0x0000000000001954       0xa4 zephyr/libzephyr.a(log_core.c.obj)
 .text.z_log_msg_post_finalize
                0x00000000000019f8       0x78 zephyr/libzephyr.a(log_core.c.obj)
 .text.z_log_msg_commit
                0x0000000000001a70       0x24 zephyr/libzephyr.a(log_core.c.obj)
                0x0000000000001a70                z_log_msg_commit
 .text.log_source_name_get
                0x0000000000001a94       0x1c zephyr/libzephyr.a(log_mgmt.c.obj)
                0x0000000000001a94                log_source_name_get
 .text.log_backend_enable
                0x0000000000001ab0       0x28 zephyr/libzephyr.a(log_mgmt.c.obj)
                0x0000000000001ab0                log_backend_enable
 .text.z_impl_z_log_msg_static_create
                0x0000000000001ad8      0x108 zephyr/libzephyr.a(log_msg.c.obj)
                0x0000000000001ad8                z_impl_z_log_msg_static_create
 .text.z_log_msg_runtime_vcreate
                0x0000000000001be0       0x8c zephyr/libzephyr.a(log_msg.c.obj)
                0x0000000000001be0                z_log_msg_runtime_vcreate
 .text.log_msg_get_source_id
                0x0000000000001c6c       0x18 zephyr/libzephyr.a(log_msg.c.obj)
                0x0000000000001c6c                log_msg_get_source_id
 .text.print_formatted
                0x0000000000001c84       0x24 zephyr/libzephyr.a(log_output.c.obj)
 .text.newline_print
                0x0000000000001ca8       0x1c zephyr/libzephyr.a(log_output.c.obj)
 .text.log_output_process
                0x0000000000001cc4      0x2d4 zephyr/libzephyr.a(log_output.c.obj)
                0x0000000000001cc4                log_output_process
 .text.log_output_dropped_process
                0x0000000000001f98       0x58 zephyr/libzephyr.a(log_output.c.obj)
                0x0000000000001f98                log_output_dropped_process
 .text.log_output_timestamp_freq_set
                0x0000000000001ff0       0x2c zephyr/libzephyr.a(log_output.c.obj)
                0x0000000000001ff0                log_output_timestamp_freq_set
 .text.char_out
                0x000000000000201c       0x24 zephyr/libzephyr.a(log_backend_uart.c.obj)
 .text.mem_attr_get_regions
                0x0000000000002040        0xc zephyr/libzephyr.a(mem_attr.c.obj)
                0x0000000000002040                mem_attr_get_regions
 .text.boot_banner
                0x000000000000204c       0x1c zephyr/libzephyr.a(banner.c.obj)
                0x000000000000204c                boot_banner
 .text.sub_bytes
                0x0000000000002068       0x18 zephyr/libzephyr.a(aes_encrypt.c.obj)
 .text.tc_aes128_set_encrypt_key
                0x0000000000002080       0xa8 zephyr/libzephyr.a(aes_encrypt.c.obj)
                0x0000000000002080                tc_aes128_set_encrypt_key
 .text.compress
                0x0000000000002128      0x1d4 zephyr/libzephyr.a(sha256.c.obj)
 .text.tc_sha256_init
                0x00000000000022fc       0x58 zephyr/libzephyr.a(sha256.c.obj)
                0x00000000000022fc                tc_sha256_init
 .text.nrf_cc3xx_platform_abort_init
                0x0000000000002354        0xc zephyr/libzephyr.a(nrf_cc3xx_platform_abort_zephyr.c.obj)
                0x0000000000002354                nrf_cc3xx_platform_abort_init
 .text.mutex_free_platform
                0x0000000000002360       0x54 zephyr/libzephyr.a(nrf_cc3xx_platform_mutex_zephyr.c.obj)
 .text.mutex_lock_platform
                0x00000000000023b4       0x74 zephyr/libzephyr.a(nrf_cc3xx_platform_mutex_zephyr.c.obj)
 .text.mutex_unlock_platform
                0x0000000000002428       0x68 zephyr/libzephyr.a(nrf_cc3xx_platform_mutex_zephyr.c.obj)
 .text.mutex_init_platform
                0x0000000000002490       0x94 zephyr/libzephyr.a(nrf_cc3xx_platform_mutex_zephyr.c.obj)
 .text.nrf_cc3xx_platform_mutex_init
                0x0000000000002524       0x2c zephyr/libzephyr.a(nrf_cc3xx_platform_mutex_zephyr.c.obj)
                0x0000000000002524                nrf_cc3xx_platform_mutex_init
 .text.z_arm_fatal_error
                0x0000000000002550       0xb8 zephyr/arch/arch/arm/core/libarch__arm__core.a(fatal.c.obj)
                0x0000000000002550                z_arm_fatal_error
 .text.z_SysNmiOnReset
                0x0000000000002608        0x8 zephyr/arch/arch/arm/core/libarch__arm__core.a(nmi_on_reset.S.obj)
                0x0000000000002608                z_SysNmiOnReset
 .text.arch_tls_stack_setup
                0x0000000000002610       0x40 zephyr/arch/arch/arm/core/libarch__arm__core.a(tls.c.obj)
                0x0000000000002610                arch_tls_stack_setup
 .text._HandlerModeExit
                0x0000000000002650       0x28 zephyr/arch/arch/arm/core/cortex_m/libarch__arm__core__cortex_m.a(exc_exit.c.obj)
                0x0000000000002650                z_arm_int_exit
                0x0000000000002650                z_arm_exc_exit
 .text.mem_manage_fault.constprop.0
                0x0000000000002678       0xd0 zephyr/arch/arch/arm/core/cortex_m/libarch__arm__core__cortex_m.a(fault.c.obj)
 .text.usage_fault.constprop.0
                0x0000000000002748       0xbc zephyr/arch/arch/arm/core/cortex_m/libarch__arm__core__cortex_m.a(fault.c.obj)
 .text.bus_fault.constprop.0
                0x0000000000002804       0xd0 zephyr/arch/arch/arm/core/cortex_m/libarch__arm__core__cortex_m.a(fault.c.obj)
 .text.z_arm_fault
                0x00000000000028d4      0x1d0 zephyr/arch/arch/arm/core/cortex_m/libarch__arm__core__cortex_m.a(fault.c.obj)
                0x00000000000028d4                z_arm_fault
 .text.z_arm_fault_init
                0x0000000000002aa4       0x18 zephyr/arch/arch/arm/core/cortex_m/libarch__arm__core__cortex_m.a(fault.c.obj)
                0x0000000000002aa4                z_arm_fault_init
 .text.__fault  0x0000000000002abc       0x14 zephyr/arch/arch/arm/core/cortex_m/libarch__arm__core__cortex_m.a(fault_s.S.obj)
                0x0000000000002abc                z_arm_usage_fault
                0x0000000000002abc                z_arm_mpu_fault
                0x0000000000002abc                z_arm_exc_spurious
                0x0000000000002abc                z_arm_debug_monitor
                0x0000000000002abc                z_arm_hard_fault
                0x0000000000002abc                z_arm_bus_fault
 .text._reset_section
                0x0000000000002ad0       0x60 zephyr/arch/arch/arm/core/cortex_m/libarch__arm__core__cortex_m.a(reset.S.obj)
                0x0000000000002ad0                __start
                0x0000000000002ad0                z_arm_reset
 .text.z_arm_clear_arm_mpu_config
                0x0000000000002b30       0x24 zephyr/arch/arch/arm/core/cortex_m/libarch__arm__core__cortex_m.a(scb.c.obj)
                0x0000000000002b30                z_arm_clear_arm_mpu_config
 .text.z_arm_init_arch_hw_at_boot
                0x0000000000002b54       0x4c zephyr/arch/arch/arm/core/cortex_m/libarch__arm__core__cortex_m.a(scb.c.obj)
                0x0000000000002b54                z_arm_init_arch_hw_at_boot
 .text.z_impl_k_thread_abort
                0x0000000000002ba0       0x2c zephyr/arch/arch/arm/core/cortex_m/libarch__arm__core__cortex_m.a(thread_abort.c.obj)
                0x0000000000002ba0                z_impl_k_thread_abort
 .text.arch_swap
                0x0000000000002bcc       0x30 zephyr/arch/arch/arm/core/cortex_m/libarch__arm__core__cortex_m.a(swap.c.obj)
                0x0000000000002bcc                arch_swap
 .text.z_arm_pendsv_c
                0x0000000000002bfc       0x40 zephyr/arch/arch/arm/core/cortex_m/libarch__arm__core__cortex_m.a(swap.c.obj)
                0x0000000000002bfc                z_arm_pendsv_c
 .text.z_arm_pendsv
                0x0000000000002c3c       0x40 zephyr/arch/arch/arm/core/cortex_m/libarch__arm__core__cortex_m.a(swap_helper.S.obj)
                0x0000000000002c3c                z_arm_pendsv
 .text.z_arm_svc
                0x0000000000002c7c       0x20 zephyr/arch/arch/arm/core/cortex_m/libarch__arm__core__cortex_m.a(swap_helper.S.obj)
                0x0000000000002c7c                z_arm_svc
 .text.arch_irq_enable
                0x0000000000002c9c       0x1c zephyr/arch/arch/arm/core/cortex_m/libarch__arm__core__cortex_m.a(irq_manage.c.obj)
                0x0000000000002c9c                arch_irq_enable
 .text.arch_irq_disable
                0x0000000000002cb8       0x28 zephyr/arch/arch/arm/core/cortex_m/libarch__arm__core__cortex_m.a(irq_manage.c.obj)
                0x0000000000002cb8                arch_irq_disable
 .text.arch_irq_is_enabled
                0x0000000000002ce0       0x1c zephyr/arch/arch/arm/core/cortex_m/libarch__arm__core__cortex_m.a(irq_manage.c.obj)
                0x0000000000002ce0                arch_irq_is_enabled
 .text.z_arm_irq_priority_set
                0x0000000000002cfc       0x2c zephyr/arch/arch/arm/core/cortex_m/libarch__arm__core__cortex_m.a(irq_manage.c.obj)
                0x0000000000002cfc                z_arm_irq_priority_set
 .text.z_prep_c
                0x0000000000002d28       0x38 zephyr/arch/arch/arm/core/cortex_m/libarch__arm__core__cortex_m.a(prep_c.c.obj)
                0x0000000000002d28                z_prep_c
 .text.arch_new_thread
                0x0000000000002d60       0x38 zephyr/arch/arch/arm/core/cortex_m/libarch__arm__core__cortex_m.a(thread.c.obj)
                0x0000000000002d60                arch_new_thread
 .text.arch_switch_to_main_thread
                0x0000000000002d98       0x44 zephyr/arch/arch/arm/core/cortex_m/libarch__arm__core__cortex_m.a(thread.c.obj)
                0x0000000000002d98                arch_switch_to_main_thread
 .text.z_arm_cpu_idle_init
                0x0000000000002ddc        0xc zephyr/arch/arch/arm/core/cortex_m/libarch__arm__core__cortex_m.a(cpu_idle.c.obj)
                0x0000000000002ddc                z_arm_cpu_idle_init
 .text.z_arm_interrupt_init
                0x0000000000002de8       0x18 zephyr/arch/arch/arm/core/cortex_m/libarch__arm__core__cortex_m.a(irq_init.c.obj)
                0x0000000000002de8                z_arm_interrupt_init
 .text._isr_wrapper
                0x0000000000002e00       0x24 zephyr/arch/arch/arm/core/cortex_m/libarch__arm__core__cortex_m.a(isr_wrapper.c.obj)
                0x0000000000002e00                _isr_wrapper
 .text.z_arm_configure_static_mpu_regions
                0x0000000000002e24       0x38 zephyr/arch/arch/arm/core/mpu/libarch__arm__core__mpu.a(arm_core_mpu.c.obj)
                0x0000000000002e24                z_arm_configure_static_mpu_regions
 .text.region_init
                0x0000000000002e5c       0x34 zephyr/arch/arch/arm/core/mpu/libarch__arm__core__mpu.a(arm_mpu.c.obj)
 .text.region_allocate_and_init
                0x0000000000002e90       0x38 zephyr/arch/arch/arm/core/mpu/libarch__arm__core__mpu.a(arm_mpu.c.obj)
 .text.mpu_configure_regions_and_partition.constprop.0
                0x0000000000002ec8      0x164 zephyr/arch/arch/arm/core/mpu/libarch__arm__core__mpu.a(arm_mpu.c.obj)
 .text.arm_core_mpu_enable
                0x000000000000302c       0x18 zephyr/arch/arch/arm/core/mpu/libarch__arm__core__mpu.a(arm_mpu.c.obj)
                0x000000000000302c                arm_core_mpu_enable
 .text.arm_core_mpu_disable
                0x0000000000003044       0x14 zephyr/arch/arch/arm/core/mpu/libarch__arm__core__mpu.a(arm_mpu.c.obj)
                0x0000000000003044                arm_core_mpu_disable
 .text.arm_core_mpu_configure_static_mpu_regions
                0x0000000000003058       0x14 zephyr/arch/arch/arm/core/mpu/libarch__arm__core__mpu.a(arm_mpu.c.obj)
                0x0000000000003058                arm_core_mpu_configure_static_mpu_regions
 .text.arm_core_mpu_mark_areas_for_dynamic_regions
                0x000000000000306c       0xb8 zephyr/arch/arch/arm/core/mpu/libarch__arm__core__mpu.a(arm_mpu.c.obj)
                0x000000000000306c                arm_core_mpu_mark_areas_for_dynamic_regions
 .text.z_arm_mpu_init
                0x0000000000003124      0x11c zephyr/arch/arch/arm/core/mpu/libarch__arm__core__mpu.a(arm_mpu.c.obj)
                0x0000000000003124                z_arm_mpu_init
 .text.z_impl_zephyr_fputc
                0x0000000000003240       0x10 zephyr/lib/libc/picolibc/liblib__libc__picolibc.a(libc-hooks.c.obj)
                0x0000000000003240                z_impl_zephyr_fputc
 .text.__stdout_hook_install
                0x0000000000003250       0x18 zephyr/lib/libc/picolibc/liblib__libc__picolibc.a(libc-hooks.c.obj)
                0x0000000000003250                __stdout_hook_install
 .text.cbvprintf
                0x0000000000003268       0x38 zephyr/lib/libc/picolibc/liblib__libc__picolibc.a(libc-hooks.c.obj)
                0x0000000000003268                cbvprintf
 .text.malloc_prepare
                0x00000000000032a0       0x24 zephyr/lib/libc/common/liblib__libc__common.a(malloc.c.obj)
 .text.nrf_gpio_pin_control_select
                0x00000000000032c4       0x3c zephyr/soc/soc/nrf5340/libsoc__nordic.a(soc.c.obj)
 .text.nordicsemi_nrf53_init
                0x0000000000003300       0x5c zephyr/soc/soc/nrf5340/libsoc__nordic.a(soc.c.obj)
 .text.rtc_pretick_init
                0x000000000000335c       0x60 zephyr/soc/soc/nrf5340/libsoc__nordic.a(soc.c.obj)
 .text.z_arm_on_enter_cpu_idle
                0x00000000000033bc       0x64 zephyr/soc/soc/nrf5340/libsoc__nordic.a(soc.c.obj)
                0x00000000000033bc                z_arm_on_enter_cpu_idle
 .text.arch_busy_wait
                0x0000000000003420       0x24 zephyr/soc/soc/nrf5340/libsoc__nordic.a(soc.c.obj)
                0x0000000000003420                arch_busy_wait
 .text.nrf53_cpunet_mgmt_init
                0x0000000000003444       0x10 zephyr/soc/soc/nrf5340/libsoc__nordic.a(nrf53_cpunet_mgmt.c.obj)
 .text.onoff_start
                0x0000000000003454       0x6c zephyr/soc/soc/nrf5340/libsoc__nordic.a(nrf53_cpunet_mgmt.c.obj)
 .text.nrf53_cpunet_enable
                0x00000000000034c0       0x34 zephyr/soc/soc/nrf5340/libsoc__nordic.a(nrf53_cpunet_mgmt.c.obj)
                0x00000000000034c0                nrf53_cpunet_enable
 .text.rtc_cb   0x00000000000034f4       0x40 zephyr/soc/soc/nrf5340/libsoc__nordic.a(sync_rtc.c.obj)
 .text.sync_rtc_setup
                0x0000000000003534       0xbc zephyr/soc/soc/nrf5340/libsoc__nordic.a(sync_rtc.c.obj)
 .text.mbox_callback
                0x00000000000035f0       0x80 zephyr/soc/soc/nrf5340/libsoc__nordic.a(sync_rtc.c.obj)
 .text.remoteproc_mgr_boot
                0x0000000000003670       0x68 zephyr/boards/nordic/nrf5340dk/libboards__nordic__nrf5340dk.a(nrf5340_cpunet_reset.c.obj)
 .text.bt_hex   0x00000000000036d8       0x44 zephyr/subsys/bluetooth/common/libsubsys__bluetooth__common.a(bt_str.c.obj)
                0x00000000000036d8                bt_hex
 .text.bt_addr_le_str
                0x000000000000371c       0x7c zephyr/subsys/bluetooth/common/libsubsys__bluetooth__common.a(bt_str.c.obj)
                0x000000000000371c                bt_addr_le_str
 .text.long_wq_init
                0x0000000000003798       0x38 zephyr/subsys/bluetooth/host/libsubsys__bluetooth__host.a(long_wq.c.obj)
 .text.bt_long_wq_schedule
                0x00000000000037d0        0xc zephyr/subsys/bluetooth/host/libsubsys__bluetooth__host.a(long_wq.c.obj)
                0x00000000000037d0                bt_long_wq_schedule
 .text.uuid_to_uuid128
                0x00000000000037dc       0x78 zephyr/subsys/bluetooth/host/libsubsys__bluetooth__host.a(uuid.c.obj)
 .text.bt_buf_get_rx
                0x0000000000003854       0x2c zephyr/subsys/bluetooth/host/libsubsys__bluetooth__host.a(buf.c.obj)
                0x0000000000003854                bt_buf_get_rx
 .text.bt_buf_get_evt
                0x0000000000003880       0x38 zephyr/subsys/bluetooth/host/libsubsys__bluetooth__host.a(buf.c.obj)
                0x0000000000003880                bt_buf_get_evt
 .text.hci_data_buf_overflow
                0x00000000000038b8       0x18 zephyr/subsys/bluetooth/host/libsubsys__bluetooth__host.a(hci_core.c.obj)
 .text.handle_event_common
                0x00000000000038d0       0x50 zephyr/subsys/bluetooth/host/libsubsys__bluetooth__host.a(hci_core.c.obj)
 .text.hci_disconn_complete_prio
                0x0000000000003920       0x4c zephyr/subsys/bluetooth/host/libsubsys__bluetooth__host.a(hci_core.c.obj)
 .text.hci_disconn_complete
                0x000000000000396c       0x44 zephyr/subsys/bluetooth/host/libsubsys__bluetooth__host.a(hci_core.c.obj)
 .text.le_phy_update_complete
                0x00000000000039b0       0x34 zephyr/subsys/bluetooth/host/libsubsys__bluetooth__host.a(hci_core.c.obj)
 .text.le_data_len_change
                0x00000000000039e4       0x30 zephyr/subsys/bluetooth/host/libsubsys__bluetooth__host.a(hci_core.c.obj)
 .text.hci_hardware_error
                0x0000000000003a14       0x24 zephyr/subsys/bluetooth/host/libsubsys__bluetooth__host.a(hci_core.c.obj)
 .text.rx_queue_put
                0x0000000000003a38       0x3c zephyr/subsys/bluetooth/host/libsubsys__bluetooth__host.a(hci_core.c.obj)
 .text.find_pending_connect.part.0
                0x0000000000003a74       0x2c zephyr/subsys/bluetooth/host/libsubsys__bluetooth__host.a(hci_core.c.obj)
 .text.le_conn_param_neg_reply.part.0
                0x0000000000003aa0       0x14 zephyr/subsys/bluetooth/host/libsubsys__bluetooth__host.a(hci_core.c.obj)
 .text.hci_vendor_event
                0x0000000000003ab4       0x60 zephyr/subsys/bluetooth/host/libsubsys__bluetooth__host.a(hci_core.c.obj)
 .text.handle_event.part.0
                0x0000000000003b14       0x48 zephyr/subsys/bluetooth/host/libsubsys__bluetooth__host.a(hci_core.c.obj)
 .text.hci_le_meta_event
                0x0000000000003b5c       0x20 zephyr/subsys/bluetooth/host/libsubsys__bluetooth__host.a(hci_core.c.obj)
 .text.le_remote_feat_complete
                0x0000000000003b7c       0x54 zephyr/subsys/bluetooth/host/libsubsys__bluetooth__host.a(hci_core.c.obj)
 .text.rx_work_handler
                0x0000000000003bd0      0x138 zephyr/subsys/bluetooth/host/libsubsys__bluetooth__host.a(hci_core.c.obj)
 .text.hci_cmd_done.part.0
                0x0000000000003d08      0x134 zephyr/subsys/bluetooth/host/libsubsys__bluetooth__host.a(hci_core.c.obj)
 .text.hci_cmd_status
                0x0000000000003e3c       0x30 zephyr/subsys/bluetooth/host/libsubsys__bluetooth__host.a(hci_core.c.obj)
 .text.hci_cmd_complete
                0x0000000000003e6c       0x50 zephyr/subsys/bluetooth/host/libsubsys__bluetooth__host.a(hci_core.c.obj)
 .text.hci_num_completed_packets
                0x0000000000003ebc      0x138 zephyr/subsys/bluetooth/host/libsubsys__bluetooth__host.a(hci_core.c.obj)
 .text.le_conn_update_complete
                0x0000000000003ff4       0xc4 zephyr/subsys/bluetooth/host/libsubsys__bluetooth__host.a(hci_core.c.obj)
 .text.bt_hci_cmd_state_set_init
                0x00000000000040b8       0x24 zephyr/subsys/bluetooth/host/libsubsys__bluetooth__host.a(hci_core.c.obj)
                0x00000000000040b8                bt_hci_cmd_state_set_init
 .text.bt_hci_cmd_create
                0x00000000000040dc       0x78 zephyr/subsys/bluetooth/host/libsubsys__bluetooth__host.a(hci_core.c.obj)
                0x00000000000040dc                bt_hci_cmd_create
 .text.bt_hci_cmd_send_sync
                0x0000000000004154       0xf4 zephyr/subsys/bluetooth/host/libsubsys__bluetooth__host.a(hci_core.c.obj)
                0x0000000000004154                bt_hci_cmd_send_sync
 .text.hci_le_read_max_data_len
                0x0000000000004248       0x7c zephyr/subsys/bluetooth/host/libsubsys__bluetooth__host.a(hci_core.c.obj)
 .text.bt_hci_le_rand
                0x00000000000042c4       0x58 zephyr/subsys/bluetooth/host/libsubsys__bluetooth__host.a(hci_core.c.obj)
                0x00000000000042c4                bt_hci_le_rand
 .text.bt_hci_le_enh_conn_complete
                0x000000000000431c      0x2b8 zephyr/subsys/bluetooth/host/libsubsys__bluetooth__host.a(hci_core.c.obj)
                0x000000000000431c                bt_hci_le_enh_conn_complete
 .text.le_legacy_conn_complete
                0x00000000000045d4       0x70 zephyr/subsys/bluetooth/host/libsubsys__bluetooth__host.a(hci_core.c.obj)
 .text.bt_hci_get_ver_str
                0x0000000000004644       0x3c zephyr/subsys/bluetooth/host/libsubsys__bluetooth__host.a(hci_core.c.obj)
                0x0000000000004644                bt_hci_get_ver_str
 .text.bt_send  0x0000000000004680       0x10 zephyr/subsys/bluetooth/host/libsubsys__bluetooth__host.a(hci_core.c.obj)
                0x0000000000004680                bt_send
 .text.bt_hci_cmd_send
                0x0000000000004690       0x58 zephyr/subsys/bluetooth/host/libsubsys__bluetooth__host.a(hci_core.c.obj)
                0x0000000000004690                bt_hci_cmd_send
 .text.bt_hci_host_num_completed_packets
                0x00000000000046e8       0xd8 zephyr/subsys/bluetooth/host/libsubsys__bluetooth__host.a(hci_core.c.obj)
                0x00000000000046e8                bt_hci_host_num_completed_packets
 .text.le_conn_param_req
                0x00000000000047c0       0xc0 zephyr/subsys/bluetooth/host/libsubsys__bluetooth__host.a(hci_core.c.obj)
 .text.hci_tx_thread
                0x0000000000004880      0x164 zephyr/subsys/bluetooth/host/libsubsys__bluetooth__host.a(hci_core.c.obj)
 .text.hci_event_prio
                0x00000000000049e4       0xa0 zephyr/subsys/bluetooth/host/libsubsys__bluetooth__host.a(hci_core.c.obj)
                0x00000000000049e4                hci_event_prio
 .text.bt_recv  0x0000000000004a84       0x5c zephyr/subsys/bluetooth/host/libsubsys__bluetooth__host.a(hci_core.c.obj)
                0x0000000000004a84                bt_recv
 .text.bt_hci_driver_register
                0x0000000000004ae0       0x28 zephyr/subsys/bluetooth/host/libsubsys__bluetooth__host.a(hci_core.c.obj)
                0x0000000000004ae0                bt_hci_driver_register
 .text.bt_finalize_init
                0x0000000000004b08      0x134 zephyr/subsys/bluetooth/host/libsubsys__bluetooth__host.a(hci_core.c.obj)
                0x0000000000004b08                bt_finalize_init
 .text.bt_init  0x0000000000004c3c      0x554 zephyr/subsys/bluetooth/host/libsubsys__bluetooth__host.a(hci_core.c.obj)
 .text.init_work
                0x0000000000005190       0x18 zephyr/subsys/bluetooth/host/libsubsys__bluetooth__host.a(hci_core.c.obj)
 .text.bt_enable
                0x00000000000051a8      0x104 zephyr/subsys/bluetooth/host/libsubsys__bluetooth__host.a(hci_core.c.obj)
                0x00000000000051a8                bt_enable
 .text.bt_get_name
                0x00000000000052ac        0x8 zephyr/subsys/bluetooth/host/libsubsys__bluetooth__host.a(hci_core.c.obj)
                0x00000000000052ac                bt_get_name
 .text.id_find  0x00000000000052b4       0x30 zephyr/subsys/bluetooth/host/libsubsys__bluetooth__host.a(id.c.obj)
 .text.set_random_address
                0x00000000000052e4       0x74 zephyr/subsys/bluetooth/host/libsubsys__bluetooth__host.a(id.c.obj)
 .text.id_create.constprop.0
                0x0000000000005358       0x74 zephyr/subsys/bluetooth/host/libsubsys__bluetooth__host.a(id.c.obj)
 .text.bt_id_create
                0x00000000000053cc       0x98 zephyr/subsys/bluetooth/host/libsubsys__bluetooth__host.a(id.c.obj)
                0x00000000000053cc                bt_id_create
 .text.bt_id_read_public_addr
                0x0000000000005464       0x88 zephyr/subsys/bluetooth/host/libsubsys__bluetooth__host.a(id.c.obj)
                0x0000000000005464                bt_id_read_public_addr
 .text.bt_setup_public_id_addr
                0x00000000000054ec       0x20 zephyr/subsys/bluetooth/host/libsubsys__bluetooth__host.a(id.c.obj)
                0x00000000000054ec                bt_setup_public_id_addr
 .text.bt_setup_random_id_addr
                0x000000000000550c       0xd8 zephyr/subsys/bluetooth/host/libsubsys__bluetooth__host.a(id.c.obj)
                0x000000000000550c                bt_setup_random_id_addr
 .text.bt_id_set_adv_own_addr
                0x00000000000055e4       0xd4 zephyr/subsys/bluetooth/host/libsubsys__bluetooth__host.a(id.c.obj)
                0x00000000000055e4                bt_id_set_adv_own_addr
 .text.bt_id_init
                0x00000000000056b8       0x54 zephyr/subsys/bluetooth/host/libsubsys__bluetooth__host.a(id.c.obj)
                0x00000000000056b8                bt_id_init
 .text.hci_set_ad
                0x000000000000570c       0xd0 zephyr/subsys/bluetooth/host/libsubsys__bluetooth__host.a(adv.c.obj)
 .text.adv_is_directed
                0x00000000000057dc       0x18 zephyr/subsys/bluetooth/host/libsubsys__bluetooth__host.a(adv.c.obj)
 .text.le_adv_start_add_conn
                0x00000000000057f4       0x60 zephyr/subsys/bluetooth/host/libsubsys__bluetooth__host.a(adv.c.obj)
 .text.valid_adv_param
                0x0000000000005854       0x84 zephyr/subsys/bluetooth/host/libsubsys__bluetooth__host.a(adv.c.obj)
 .text.bt_le_adv_lookup_legacy
                0x00000000000058d8        0x8 zephyr/subsys/bluetooth/host/libsubsys__bluetooth__host.a(adv.c.obj)
                0x00000000000058d8                bt_le_adv_lookup_legacy
 .text.bt_le_adv_start_legacy
                0x00000000000058e0      0x278 zephyr/subsys/bluetooth/host/libsubsys__bluetooth__host.a(adv.c.obj)
                0x00000000000058e0                bt_le_adv_start_legacy
 .text.bt_le_adv_start
                0x0000000000005b58       0x64 zephyr/subsys/bluetooth/host/libsubsys__bluetooth__host.a(adv.c.obj)
                0x0000000000005b58                bt_le_adv_start
 .text.bt_le_adv_stop
                0x0000000000005bbc       0x78 zephyr/subsys/bluetooth/host/libsubsys__bluetooth__host.a(adv.c.obj)
                0x0000000000005bbc                bt_le_adv_stop
 .text.adv_timeout
                0x0000000000005c34       0x24 zephyr/subsys/bluetooth/host/libsubsys__bluetooth__host.a(adv.c.obj)
 .text.bt_le_adv_resume
                0x0000000000005c58       0xe0 zephyr/subsys/bluetooth/host/libsubsys__bluetooth__host.a(adv.c.obj)
                0x0000000000005c58                bt_le_adv_resume
 .text.prng_reseed.constprop.0
                0x0000000000005d38       0x60 zephyr/subsys/bluetooth/host/libsubsys__bluetooth__host.a(crypto.c.obj)
 .text.prng_init
                0x0000000000005d98       0x40 zephyr/subsys/bluetooth/host/libsubsys__bluetooth__host.a(crypto.c.obj)
                0x0000000000005d98                prng_init
 .text.bt_rand  0x0000000000005dd8       0x3c zephyr/subsys/bluetooth/host/libsubsys__bluetooth__host.a(crypto.c.obj)
                0x0000000000005dd8                bt_rand
 .text.notify_connected
                0x0000000000005e14       0x3c zephyr/subsys/bluetooth/host/libsubsys__bluetooth__host.a(conn.c.obj)
 .text.tx_notify
                0x0000000000005e50       0x60 zephyr/subsys/bluetooth/host/libsubsys__bluetooth__host.a(conn.c.obj)
 .text.wait_for_tx_work
                0x0000000000005eb0       0x3c zephyr/subsys/bluetooth/host/libsubsys__bluetooth__host.a(conn.c.obj)
 .text.conn_tx_destroy
                0x0000000000005eec       0x2c zephyr/subsys/bluetooth/host/libsubsys__bluetooth__host.a(conn.c.obj)
 .text.send_frag
                0x0000000000005f18      0x19c zephyr/subsys/bluetooth/host/libsubsys__bluetooth__host.a(conn.c.obj)
 .text.bt_conn_get_pkts
                0x00000000000060b4       0x18 zephyr/subsys/bluetooth/host/libsubsys__bluetooth__host.a(conn.c.obj)
                0x00000000000060b4                bt_conn_get_pkts
 .text.bt_conn_new
                0x00000000000060cc       0x5c zephyr/subsys/bluetooth/host/libsubsys__bluetooth__host.a(conn.c.obj)
                0x00000000000060cc                bt_conn_new
 .text.bt_conn_recv
                0x0000000000006128       0xf4 zephyr/subsys/bluetooth/host/libsubsys__bluetooth__host.a(conn.c.obj)
                0x0000000000006128                bt_conn_recv
 .text.bt_conn_send_cb
                0x000000000000621c      0x108 zephyr/subsys/bluetooth/host/libsubsys__bluetooth__host.a(conn.c.obj)
                0x000000000000621c                bt_conn_send_cb
 .text.bt_conn_prepare_events
                0x0000000000006324       0x94 zephyr/subsys/bluetooth/host/libsubsys__bluetooth__host.a(conn.c.obj)
                0x0000000000006324                bt_conn_prepare_events
 .text.bt_conn_unref
                0x00000000000063b8       0x64 zephyr/subsys/bluetooth/host/libsubsys__bluetooth__host.a(conn.c.obj)
                0x00000000000063b8                bt_conn_unref
 .text.bt_conn_set_state
                0x000000000000641c      0x234 zephyr/subsys/bluetooth/host/libsubsys__bluetooth__host.a(conn.c.obj)
                0x000000000000641c                bt_conn_set_state
 .text.bt_conn_lookup_handle
                0x0000000000006650       0x40 zephyr/subsys/bluetooth/host/libsubsys__bluetooth__host.a(conn.c.obj)
                0x0000000000006650                bt_conn_lookup_handle
 .text.bt_conn_index
                0x0000000000006690       0x18 zephyr/subsys/bluetooth/host/libsubsys__bluetooth__host.a(conn.c.obj)
                0x0000000000006690                bt_conn_index
 .text.bt_conn_create_pdu_timeout
                0x00000000000066a8       0x5c zephyr/subsys/bluetooth/host/libsubsys__bluetooth__host.a(conn.c.obj)
                0x00000000000066a8                bt_conn_create_pdu_timeout
 .text.notify_le_param_updated
                0x0000000000006704       0x88 zephyr/subsys/bluetooth/host/libsubsys__bluetooth__host.a(conn.c.obj)
                0x0000000000006704                notify_le_param_updated
 .text.le_param_req
                0x000000000000678c       0x74 zephyr/subsys/bluetooth/host/libsubsys__bluetooth__host.a(conn.c.obj)
                0x000000000000678c                le_param_req
 .text.bt_conn_cb_register
                0x0000000000006800       0x10 zephyr/subsys/bluetooth/host/libsubsys__bluetooth__host.a(conn.c.obj)
                0x0000000000006800                bt_conn_cb_register
 .text.bt_conn_add_le
                0x0000000000006810       0x38 zephyr/subsys/bluetooth/host/libsubsys__bluetooth__host.a(conn.c.obj)
                0x0000000000006810                bt_conn_add_le
 .text.bt_conn_lookup_addr_le
                0x0000000000006848       0x34 zephyr/subsys/bluetooth/host/libsubsys__bluetooth__host.a(conn.c.obj)
                0x0000000000006848                bt_conn_lookup_addr_le
 .text.bt_conn_exists_le
                0x000000000000687c       0x70 zephyr/subsys/bluetooth/host/libsubsys__bluetooth__host.a(conn.c.obj)
                0x000000000000687c                bt_conn_exists_le
 .text.bt_conn_lookup_state_le
                0x00000000000068ec       0x44 zephyr/subsys/bluetooth/host/libsubsys__bluetooth__host.a(conn.c.obj)
                0x00000000000068ec                bt_conn_lookup_state_le
 .text.send_conn_le_param_update
                0x0000000000006930       0x68 zephyr/subsys/bluetooth/host/libsubsys__bluetooth__host.a(conn.c.obj)
 .text.deferred_work
                0x0000000000006998       0xfc zephyr/subsys/bluetooth/host/libsubsys__bluetooth__host.a(conn.c.obj)
 .text.bt_conn_create_frag_timeout
                0x0000000000006a94        0xc zephyr/subsys/bluetooth/host/libsubsys__bluetooth__host.a(conn.c.obj)
                0x0000000000006a94                bt_conn_create_frag_timeout
 .text.bt_conn_process_tx
                0x0000000000006aa0      0x11c zephyr/subsys/bluetooth/host/libsubsys__bluetooth__host.a(conn.c.obj)
                0x0000000000006aa0                bt_conn_process_tx
 .text.bt_conn_lookup_index
                0x0000000000006bbc       0x10 zephyr/subsys/bluetooth/host/libsubsys__bluetooth__host.a(conn.c.obj)
                0x0000000000006bbc                bt_conn_lookup_index
 .text.bt_conn_init
                0x0000000000006bcc       0x44 zephyr/subsys/bluetooth/host/libsubsys__bluetooth__host.a(conn.c.obj)
                0x0000000000006bcc                bt_conn_init
 .text.l2cap_create_le_sig_pdu.part.0
                0x0000000000006c10       0x1c zephyr/subsys/bluetooth/host/libsubsys__bluetooth__host.a(l2cap.c.obj)
 .text.l2cap_accept.part.0
                0x0000000000006c2c       0x30 zephyr/subsys/bluetooth/host/libsubsys__bluetooth__host.a(l2cap.c.obj)
 .text.l2cap_accept
                0x0000000000006c5c       0x1c zephyr/subsys/bluetooth/host/libsubsys__bluetooth__host.a(l2cap.c.obj)
 .text.bt_l2cap_connected
                0x0000000000006c78       0x8c zephyr/subsys/bluetooth/host/libsubsys__bluetooth__host.a(l2cap.c.obj)
                0x0000000000006c78                bt_l2cap_connected
 .text.l2cap_recv.part.0
                0x0000000000006d04       0x9c zephyr/subsys/bluetooth/host/libsubsys__bluetooth__host.a(l2cap.c.obj)
 .text.l2cap_recv
                0x0000000000006da0       0x24 zephyr/subsys/bluetooth/host/libsubsys__bluetooth__host.a(l2cap.c.obj)
 .text.bt_l2cap_recv
                0x0000000000006dc4       0x58 zephyr/subsys/bluetooth/host/libsubsys__bluetooth__host.a(l2cap.c.obj)
                0x0000000000006dc4                bt_l2cap_recv
 .text.bt_l2cap_update_conn_param
                0x0000000000006e1c       0x50 zephyr/subsys/bluetooth/host/libsubsys__bluetooth__host.a(l2cap.c.obj)
                0x0000000000006e1c                bt_l2cap_update_conn_param
 .text.att_op_get_type
                0x0000000000006e6c       0x74 zephyr/subsys/bluetooth/host/libsubsys__bluetooth__host.a(att.c.obj)
 .text.bt_att_released
                0x0000000000006ee0        0xc zephyr/subsys/bluetooth/host/libsubsys__bluetooth__host.a(att.c.obj)
 .text.bt_att_connected
                0x0000000000006eec       0x38 zephyr/subsys/bluetooth/host/libsubsys__bluetooth__host.a(att.c.obj)
 .text.read_group_cb
                0x0000000000006f24       0xb8 zephyr/subsys/bluetooth/host/libsubsys__bluetooth__host.a(att.c.obj)
 .text.bt_att_accept
                0x0000000000006fdc      0x120 zephyr/subsys/bluetooth/host/libsubsys__bluetooth__host.a(att.c.obj)
 .text.read_type_cb
                0x00000000000070fc       0xac zephyr/subsys/bluetooth/host/libsubsys__bluetooth__host.a(att.c.obj)
 .text.bt_att_chan_create_pdu
                0x00000000000071a8       0x94 zephyr/subsys/bluetooth/host/libsubsys__bluetooth__host.a(att.c.obj)
 .text.find_type_cb
                0x000000000000723c      0x164 zephyr/subsys/bluetooth/host/libsubsys__bluetooth__host.a(att.c.obj)
 .text.chan_send
                0x00000000000073a0       0xe4 zephyr/subsys/bluetooth/host/libsubsys__bluetooth__host.a(att.c.obj)
 .text.att_tx_destroy
                0x0000000000007484      0x10c zephyr/subsys/bluetooth/host/libsubsys__bluetooth__host.a(att.c.obj)
 .text.bt_att_recv
                0x0000000000007590       0xc8 zephyr/subsys/bluetooth/host/libsubsys__bluetooth__host.a(att.c.obj)
 .text.att_write_rsp.constprop.0
                0x0000000000007658       0xc0 zephyr/subsys/bluetooth/host/libsubsys__bluetooth__host.a(att.c.obj)
 .text.att_get  0x0000000000007718       0x4c zephyr/subsys/bluetooth/host/libsubsys__bluetooth__host.a(att.c.obj)
 .text.bt_att_create_pdu
                0x0000000000007764       0x64 zephyr/subsys/bluetooth/host/libsubsys__bluetooth__host.a(att.c.obj)
                0x0000000000007764                bt_att_create_pdu
 .text.bt_att_create_rsp_pdu
                0x00000000000077c8       0x60 zephyr/subsys/bluetooth/host/libsubsys__bluetooth__host.a(att.c.obj)
                0x00000000000077c8                bt_att_create_rsp_pdu
 .text.att_read_group_req
                0x0000000000007828       0xf0 zephyr/subsys/bluetooth/host/libsubsys__bluetooth__host.a(att.c.obj)
 .text.att_read_mult_vl_req
                0x0000000000007918       0x9c zephyr/subsys/bluetooth/host/libsubsys__bluetooth__host.a(att.c.obj)
 .text.att_read_mult_req
                0x00000000000079b4       0x9c zephyr/subsys/bluetooth/host/libsubsys__bluetooth__host.a(att.c.obj)
 .text.att_read_rsp
                0x0000000000007a50       0x90 zephyr/subsys/bluetooth/host/libsubsys__bluetooth__host.a(att.c.obj)
 .text.att_read_type_req
                0x0000000000007ae0       0xbc zephyr/subsys/bluetooth/host/libsubsys__bluetooth__host.a(att.c.obj)
 .text.att_find_type_req
                0x0000000000007b9c       0xc0 zephyr/subsys/bluetooth/host/libsubsys__bluetooth__host.a(att.c.obj)
 .text.att_find_info_req
                0x0000000000007c5c       0x6c zephyr/subsys/bluetooth/host/libsubsys__bluetooth__host.a(att.c.obj)
 .text.bt_att_req_alloc
                0x0000000000007cc8       0x50 zephyr/subsys/bluetooth/host/libsubsys__bluetooth__host.a(att.c.obj)
                0x0000000000007cc8                bt_att_req_alloc
 .text.bt_att_req_free
                0x0000000000007d18       0x20 zephyr/subsys/bluetooth/host/libsubsys__bluetooth__host.a(att.c.obj)
                0x0000000000007d18                bt_att_req_free
 .text.att_handle_rsp
                0x0000000000007d38       0x80 zephyr/subsys/bluetooth/host/libsubsys__bluetooth__host.a(att.c.obj)
 .text.bt_att_disconnected
                0x0000000000007db8       0xc0 zephyr/subsys/bluetooth/host/libsubsys__bluetooth__host.a(att.c.obj)
 .text.att_timeout
                0x0000000000007e78       0xc8 zephyr/subsys/bluetooth/host/libsubsys__bluetooth__host.a(att.c.obj)
 .text.bt_att_set_tx_meta_data
                0x0000000000007f40       0x24 zephyr/subsys/bluetooth/host/libsubsys__bluetooth__host.a(att.c.obj)
                0x0000000000007f40                bt_att_set_tx_meta_data
 .text.find_cf_cfg
                0x0000000000007f64       0x30 zephyr/subsys/bluetooth/host/libsubsys__bluetooth__host.a(gatt.c.obj)
 .text.find_sc_cfg
                0x0000000000007f94       0x24 zephyr/subsys/bluetooth/host/libsubsys__bluetooth__host.a(gatt.c.obj)
 .text.find_ccc_cfg
                0x0000000000007fb8       0x28 zephyr/subsys/bluetooth/host/libsubsys__bluetooth__host.a(gatt.c.obj)
 .text.bt_gatt_attr_write_ccc
                0x0000000000007fe0       0xbc zephyr/subsys/bluetooth/host/libsubsys__bluetooth__host.a(gatt.c.obj)
                0x0000000000007fe0                bt_gatt_attr_write_ccc
 .text.clear_cf_cfg
                0x000000000000809c       0x28 zephyr/subsys/bluetooth/host/libsubsys__bluetooth__host.a(gatt.c.obj)
 .text.sc_save  0x00000000000080c4       0x60 zephyr/subsys/bluetooth/host/libsubsys__bluetooth__host.a(gatt.c.obj)
 .text.disconnected_cb
                0x0000000000008124       0xa0 zephyr/subsys/bluetooth/host/libsubsys__bluetooth__host.a(gatt.c.obj)
 .text.read_ppcp
                0x00000000000081c4       0x38 zephyr/subsys/bluetooth/host/libsubsys__bluetooth__host.a(gatt.c.obj)
 .text.cf_write
                0x00000000000081fc       0x98 zephyr/subsys/bluetooth/host/libsubsys__bluetooth__host.a(gatt.c.obj)
 .text.sc_indicate_rsp
                0x0000000000008294       0x4c zephyr/subsys/bluetooth/host/libsubsys__bluetooth__host.a(gatt.c.obj)
 .text.bt_gatt_init
                0x00000000000082e0       0x78 zephyr/subsys/bluetooth/host/libsubsys__bluetooth__host.a(gatt.c.obj)
                0x00000000000082e0                bt_gatt_init
 .text.bt_gatt_attr_get_handle
                0x0000000000008358       0x60 zephyr/subsys/bluetooth/host/libsubsys__bluetooth__host.a(gatt.c.obj)
                0x0000000000008358                bt_gatt_attr_get_handle
 .text.bt_gatt_foreach_attr_type
                0x00000000000083b8       0xb4 zephyr/subsys/bluetooth/host/libsubsys__bluetooth__host.a(gatt.c.obj)
                0x00000000000083b8                bt_gatt_foreach_attr_type
 .text.db_hash_gen
                0x000000000000846c       0x80 zephyr/subsys/bluetooth/host/libsubsys__bluetooth__host.a(gatt.c.obj)
 .text.db_hash_read
                0x00000000000084ec       0x74 zephyr/subsys/bluetooth/host/libsubsys__bluetooth__host.a(gatt.c.obj)
 .text.db_hash_process
                0x0000000000008560       0x14 zephyr/subsys/bluetooth/host/libsubsys__bluetooth__host.a(gatt.c.obj)
 .text.bt_gatt_attr_next
                0x0000000000008574       0x24 zephyr/subsys/bluetooth/host/libsubsys__bluetooth__host.a(gatt.c.obj)
                0x0000000000008574                bt_gatt_attr_next
 .text.gatt_indicate
                0x0000000000008598       0xd8 zephyr/subsys/bluetooth/host/libsubsys__bluetooth__host.a(gatt.c.obj)
 .text.bt_gatt_indicate
                0x0000000000008670       0xf0 zephyr/subsys/bluetooth/host/libsubsys__bluetooth__host.a(gatt.c.obj)
                0x0000000000008670                bt_gatt_indicate
 .text.sc_process
                0x0000000000008760       0x60 zephyr/subsys/bluetooth/host/libsubsys__bluetooth__host.a(gatt.c.obj)
 .text.update_ccc
                0x00000000000087c0       0xf4 zephyr/subsys/bluetooth/host/libsubsys__bluetooth__host.a(gatt.c.obj)
 .text.gatt_notify
                0x00000000000088b4       0xac zephyr/subsys/bluetooth/host/libsubsys__bluetooth__host.a(gatt.c.obj)
 .text.bt_gatt_notify_cb
                0x0000000000008960       0xe8 zephyr/subsys/bluetooth/host/libsubsys__bluetooth__host.a(gatt.c.obj)
                0x0000000000008960                bt_gatt_notify_cb
 .text.notify_cb
                0x0000000000008a48      0x110 zephyr/subsys/bluetooth/host/libsubsys__bluetooth__host.a(gatt.c.obj)
 .text.bt_gatt_connected
                0x0000000000008b58       0x20 zephyr/subsys/bluetooth/host/libsubsys__bluetooth__host.a(gatt.c.obj)
                0x0000000000008b58                bt_gatt_connected
 .text.bt_gatt_att_max_mtu_changed
                0x0000000000008b78       0x28 zephyr/subsys/bluetooth/host/libsubsys__bluetooth__host.a(gatt.c.obj)
                0x0000000000008b78                bt_gatt_att_max_mtu_changed
 .text.bt_gatt_disconnected
                0x0000000000008ba0       0x48 zephyr/subsys/bluetooth/host/libsubsys__bluetooth__host.a(gatt.c.obj)
                0x0000000000008ba0                bt_gatt_disconnected
 .text.bt_smp_accept.part.0
                0x0000000000008be8       0x30 zephyr/subsys/bluetooth/host/libsubsys__bluetooth__host.a(smp_null.c.obj)
 .text.bt_smp_accept
                0x0000000000008c18       0x1c zephyr/subsys/bluetooth/host/libsubsys__bluetooth__host.a(smp_null.c.obj)
 .text.net_buf_destroy
                0x0000000000008c34       0x38 zephyr/subsys/net/libsubsys__net.a(buf.c.obj)
 .text.net_buf_pool_get
                0x0000000000008c6c       0x10 zephyr/subsys/net/libsubsys__net.a(buf.c.obj)
                0x0000000000008c6c                net_buf_pool_get
 .text.net_buf_id
                0x0000000000008c7c       0x20 zephyr/subsys/net/libsubsys__net.a(buf.c.obj)
                0x0000000000008c7c                net_buf_id
 .text.fixed_data_alloc
                0x0000000000008c9c       0x24 zephyr/subsys/net/libsubsys__net.a(buf.c.obj)
 .text.net_buf_alloc_len
                0x0000000000008cc0      0x118 zephyr/subsys/net/libsubsys__net.a(buf.c.obj)
                0x0000000000008cc0                net_buf_alloc_len
 .text.net_buf_unref
                0x0000000000008dd8       0x38 zephyr/subsys/net/libsubsys__net.a(buf.c.obj)
                0x0000000000008dd8                net_buf_unref
 .text.bt_ipc_send
                0x0000000000008e10       0x54 zephyr/drivers/bluetooth/libdrivers__bluetooth.a(ipc.c.obj)
 .text.bt_ipc_init
                0x0000000000008e64       0x28 zephyr/drivers/bluetooth/libdrivers__bluetooth.a(ipc.c.obj)
 .text.hci_ept_bound
                0x0000000000008e8c        0xc zephyr/drivers/bluetooth/libdrivers__bluetooth.a(ipc.c.obj)
 .text.bt_ipc_open.part.0
                0x0000000000008e98       0x6c zephyr/drivers/bluetooth/libdrivers__bluetooth.a(ipc.c.obj)
 .text.hci_ept_recv
                0x0000000000008f04      0x1f0 zephyr/drivers/bluetooth/libdrivers__bluetooth.a(ipc.c.obj)
 .text.bt_ipc_open
                0x00000000000090f4       0x2c zephyr/drivers/bluetooth/libdrivers__bluetooth.a(ipc.c.obj)
 .text.bt_ipc_close.part.0
                0x0000000000009120       0x54 zephyr/drivers/bluetooth/libdrivers__bluetooth.a(ipc.c.obj)
 .text.bt_ipc_close
                0x0000000000009174       0x30 zephyr/drivers/bluetooth/libdrivers__bluetooth.a(ipc.c.obj)
 .text.bt_hci_transport_setup
                0x00000000000091a4       0x18 zephyr/drivers/bluetooth/libdrivers__bluetooth.a(nrf53_support.c.obj)
                0x00000000000091a4                bt_hci_transport_setup
 .text.onoff_stop
                0x00000000000091bc       0x30 zephyr/drivers/clock_control/libdrivers__clock_control.a(clock_control_nrf.c.obj)
 .text.onoff_start
                0x00000000000091ec       0x44 zephyr/drivers/clock_control/libdrivers__clock_control.a(clock_control_nrf.c.obj)
 .text.generic_hfclk_stop
                0x0000000000009230       0x34 zephyr/drivers/clock_control/libdrivers__clock_control.a(clock_control_nrf.c.obj)
 .text.clk_init
                0x0000000000009264       0x64 zephyr/drivers/clock_control/libdrivers__clock_control.a(clock_control_nrf.c.obj)
 .text.api_blocking_start
                0x00000000000092c8       0x3c zephyr/drivers/clock_control/libdrivers__clock_control.a(clock_control_nrf.c.obj)
 .text.clkstarted_handle.constprop.0
                0x0000000000009304       0x4c zephyr/drivers/clock_control/libdrivers__clock_control.a(clock_control_nrf.c.obj)
 .text.generic_hfclk_start
                0x0000000000009350       0x78 zephyr/drivers/clock_control/libdrivers__clock_control.a(clock_control_nrf.c.obj)
 .text.clock_event_handler
                0x00000000000093c8       0x30 zephyr/drivers/clock_control/libdrivers__clock_control.a(clock_control_nrf.c.obj)
 .text.z_nrf_clock_control_lf_on
                0x00000000000093f8       0xf8 zephyr/drivers/clock_control/libdrivers__clock_control.a(clock_control_nrf.c.obj)
                0x00000000000093f8                z_nrf_clock_control_lf_on
 .text.uart_console_init
                0x00000000000094f0       0x28 zephyr/drivers/console/libdrivers__console.a(uart_console.c.obj)
 .text.console_out
                0x0000000000009518       0x28 zephyr/drivers/console/libdrivers__console.a(uart_console.c.obj)
 .text.gpio_nrfx_pin_interrupt_configure
                0x0000000000009540      0x100 zephyr/drivers/gpio/libdrivers__gpio.a(gpio_nrfx.c.obj)
 .text.gpio_nrfx_init
                0x0000000000009640       0x48 zephyr/drivers/gpio/libdrivers__gpio.a(gpio_nrfx.c.obj)
 .text.nrfx_gpio_handler
                0x0000000000009688       0x4c zephyr/drivers/gpio/libdrivers__gpio.a(gpio_nrfx.c.obj)
 .text.gpio_nrfx_pin_configure
                0x00000000000096d4      0x18c zephyr/drivers/gpio/libdrivers__gpio.a(gpio_nrfx.c.obj)
 .text.mbox_nrf_init
                0x0000000000009860       0x9c zephyr/drivers/mbox/libdrivers__mbox.a(mbox_nrfx_ipc.c.obj)
 .text.mbox_nrf_set_enabled
                0x00000000000098fc       0x94 zephyr/drivers/mbox/libdrivers__mbox.a(mbox_nrfx_ipc.c.obj)
 .text.mbox_nrf_send
                0x0000000000009990       0x44 zephyr/drivers/mbox/libdrivers__mbox.a(mbox_nrfx_ipc.c.obj)
 .text.mbox_dispatcher
                0x00000000000099d4       0x60 zephyr/drivers/mbox/libdrivers__mbox.a(mbox_nrfx_ipc.c.obj)
 .text.nrf_gpio_pin_port_decode
                0x0000000000009a34       0x24 zephyr/drivers/pinctrl/libdrivers__pinctrl.a(pinctrl_nrf.c.obj)
 .text.pinctrl_configure_pins
                0x0000000000009a58      0x1a0 zephyr/drivers/pinctrl/libdrivers__pinctrl.a(pinctrl_nrf.c.obj)
                0x0000000000009a58                pinctrl_configure_pins
 .text.uarte_0_init
                0x0000000000009bf8      0x27c zephyr/drivers/serial/libdrivers__serial.a(uart_nrfx_uarte.c.obj)
 .text.uarte_nrfx_poll_out
                0x0000000000009e74       0xcc zephyr/drivers/serial/libdrivers__serial.a(uart_nrfx_uarte.c.obj)
 .text.compare_int_lock
                0x0000000000009f40       0x40 zephyr/drivers/timer/libdrivers__timer.a(nrf_rtc_timer.c.obj)
 .text.sys_clock_timeout_handler
                0x0000000000009f80       0x48 zephyr/drivers/timer/libdrivers__timer.a(nrf_rtc_timer.c.obj)
 .text.compare_int_unlock
                0x0000000000009fc8       0x4c zephyr/drivers/timer/libdrivers__timer.a(nrf_rtc_timer.c.obj)
 .text.z_nrf_rtc_timer_compare_evt_address_get
                0x000000000000a014       0x10 zephyr/drivers/timer/libdrivers__timer.a(nrf_rtc_timer.c.obj)
                0x000000000000a014                z_nrf_rtc_timer_compare_evt_address_get
 .text.z_nrf_rtc_timer_compare_read
                0x000000000000a024       0x10 zephyr/drivers/timer/libdrivers__timer.a(nrf_rtc_timer.c.obj)
                0x000000000000a024                z_nrf_rtc_timer_compare_read
 .text.z_nrf_rtc_timer_read
                0x000000000000a034       0x44 zephyr/drivers/timer/libdrivers__timer.a(nrf_rtc_timer.c.obj)
                0x000000000000a034                z_nrf_rtc_timer_read
 .text.compare_set
                0x000000000000a078      0x124 zephyr/drivers/timer/libdrivers__timer.a(nrf_rtc_timer.c.obj)
 .text.sys_clock_driver_init
                0x000000000000a19c       0xa4 zephyr/drivers/timer/libdrivers__timer.a(nrf_rtc_timer.c.obj)
 .text.rtc_nrf_isr
                0x000000000000a240      0x100 zephyr/drivers/timer/libdrivers__timer.a(nrf_rtc_timer.c.obj)
                0x000000000000a240                rtc_nrf_isr
 .text.z_nrf_rtc_timer_chan_alloc
                0x000000000000a340       0x3c zephyr/drivers/timer/libdrivers__timer.a(nrf_rtc_timer.c.obj)
                0x000000000000a340                z_nrf_rtc_timer_chan_alloc
 .text.z_nrf_rtc_timer_chan_free
                0x000000000000a37c       0x1c zephyr/drivers/timer/libdrivers__timer.a(nrf_rtc_timer.c.obj)
                0x000000000000a37c                z_nrf_rtc_timer_chan_free
 .text.sys_clock_set_timeout
                0x000000000000a398       0x5c zephyr/drivers/timer/libdrivers__timer.a(nrf_rtc_timer.c.obj)
                0x000000000000a398                sys_clock_set_timeout
 .text.sys_clock_elapsed
                0x000000000000a3f4       0x14 zephyr/drivers/timer/libdrivers__timer.a(nrf_rtc_timer.c.obj)
                0x000000000000a3f4                sys_clock_elapsed
 .text.dk_set_led.part.0
                0x000000000000a408       0x18 modules/nrf/lib/dk_buttons_and_leds/lib..__nrf__lib__dk_buttons_and_leds.a(dk_buttons_and_leds.c.obj)
 .text.get_buttons.part.0
                0x000000000000a420       0x18 modules/nrf/lib/dk_buttons_and_leds/lib..__nrf__lib__dk_buttons_and_leds.a(dk_buttons_and_leds.c.obj)
 .text.get_buttons
                0x000000000000a438       0x5c modules/nrf/lib/dk_buttons_and_leds/lib..__nrf__lib__dk_buttons_and_leds.a(dk_buttons_and_leds.c.obj)
 .text.dk_set_leds_state.part.0
                0x000000000000a494       0x58 modules/nrf/lib/dk_buttons_and_leds/lib..__nrf__lib__dk_buttons_and_leds.a(dk_buttons_and_leds.c.obj)
 .text.callback_ctrl
                0x000000000000a4ec       0xa0 modules/nrf/lib/dk_buttons_and_leds/lib..__nrf__lib__dk_buttons_and_leds.a(dk_buttons_and_leds.c.obj)
 .text.button_pressed
                0x000000000000a58c       0x6c modules/nrf/lib/dk_buttons_and_leds/lib..__nrf__lib__dk_buttons_and_leds.a(dk_buttons_and_leds.c.obj)
 .text.buttons_scan_fn
                0x000000000000a5f8      0x104 modules/nrf/lib/dk_buttons_and_leds/lib..__nrf__lib__dk_buttons_and_leds.a(dk_buttons_and_leds.c.obj)
 .text.dk_leds_init
                0x000000000000a6fc       0x40 modules/nrf/lib/dk_buttons_and_leds/lib..__nrf__lib__dk_buttons_and_leds.a(dk_buttons_and_leds.c.obj)
                0x000000000000a6fc                dk_leds_init
 .text.dk_read_buttons
                0x000000000000a73c       0x20 modules/nrf/lib/dk_buttons_and_leds/lib..__nrf__lib__dk_buttons_and_leds.a(dk_buttons_and_leds.c.obj)
                0x000000000000a73c                dk_read_buttons
 .text.dk_buttons_init
                0x000000000000a75c      0x11c modules/nrf/lib/dk_buttons_and_leds/lib..__nrf__lib__dk_buttons_and_leds.a(dk_buttons_and_leds.c.obj)
                0x000000000000a75c                dk_buttons_init
 .text.dk_set_led
                0x000000000000a878       0x3c modules/nrf/lib/dk_buttons_and_leds/lib..__nrf__lib__dk_buttons_and_leds.a(dk_buttons_and_leds.c.obj)
                0x000000000000a878                dk_set_led
 .text.nrf53_errata_42
                0x000000000000a8b4       0x24 modules/hal_nordic/nrfx/libmodules__hal_nordic__nrfx.a(system_nrf5340_application.c.obj)
 .text.SystemInit
                0x000000000000a8d8      0x1c4 modules/hal_nordic/nrfx/libmodules__hal_nordic__nrfx.a(system_nrf5340_application.c.obj)
                0x000000000000a8d8                SystemInit
 .text.nrfx_flag32_alloc
                0x000000000000aa9c       0x40 modules/hal_nordic/nrfx/libmodules__hal_nordic__nrfx.a(nrfx_flag32_allocator.c.obj)
                0x000000000000aa9c                nrfx_flag32_alloc
 .text.nrfx_flag32_free
                0x000000000000aadc       0x38 modules/hal_nordic/nrfx/libmodules__hal_nordic__nrfx.a(nrfx_flag32_allocator.c.obj)
                0x000000000000aadc                nrfx_flag32_free
 .text.nrfx_gppi_channels_enable
                0x000000000000ab14        0xc modules/hal_nordic/nrfx/libmodules__hal_nordic__nrfx.a(nrfx_gppi_dppi.c.obj)
                0x000000000000ab14                nrfx_gppi_channels_enable
 .text.nrfx_gppi_channels_disable
                0x000000000000ab20        0xc modules/hal_nordic/nrfx/libmodules__hal_nordic__nrfx.a(nrfx_gppi_dppi.c.obj)
                0x000000000000ab20                nrfx_gppi_channels_disable
 .text.nrfx_clock_init
                0x000000000000ab2c       0x20 modules/hal_nordic/nrfx/libmodules__hal_nordic__nrfx.a(nrfx_clock.c.obj)
                0x000000000000ab2c                nrfx_clock_init
 .text.nrfx_clock_enable
                0x000000000000ab4c       0x30 modules/hal_nordic/nrfx/libmodules__hal_nordic__nrfx.a(nrfx_clock.c.obj)
                0x000000000000ab4c                nrfx_clock_enable
 .text.nrfx_clock_start
                0x000000000000ab7c       0xd0 modules/hal_nordic/nrfx/libmodules__hal_nordic__nrfx.a(nrfx_clock.c.obj)
                0x000000000000ab7c                nrfx_clock_start
 .text.nrfx_power_clock_irq_handler
                0x000000000000ac4c       0xb0 modules/hal_nordic/nrfx/libmodules__hal_nordic__nrfx.a(nrfx_clock.c.obj)
                0x000000000000ac4c                nrfx_power_clock_irq_handler
 .text.nrfx_dppi_channel_alloc
                0x000000000000acfc        0xc modules/hal_nordic/nrfx/libmodules__hal_nordic__nrfx.a(nrfx_dppi.c.obj)
                0x000000000000acfc                nrfx_dppi_channel_alloc
 .text.nrfx_dppi_channel_free
                0x000000000000ad08       0x1c modules/hal_nordic/nrfx/libmodules__hal_nordic__nrfx.a(nrfx_dppi.c.obj)
                0x000000000000ad08                nrfx_dppi_channel_free
 .text.nrf_gpio_pin_port_decode
                0x000000000000ad24       0x24 modules/hal_nordic/nrfx/libmodules__hal_nordic__nrfx.a(nrfx_gpiote.c.obj)
 .text.get_pin_idx
                0x000000000000ad48       0x14 modules/hal_nordic/nrfx/libmodules__hal_nordic__nrfx.a(nrfx_gpiote.c.obj)
 .text.call_handler.constprop.0
                0x000000000000ad5c       0x40 modules/hal_nordic/nrfx/libmodules__hal_nordic__nrfx.a(nrfx_gpiote.c.obj)
 .text.pin_te_get.constprop.0
                0x000000000000ad9c       0x18 modules/hal_nordic/nrfx/libmodules__hal_nordic__nrfx.a(nrfx_gpiote.c.obj)
 .text.pin_is_output.constprop.0
                0x000000000000adb4       0x18 modules/hal_nordic/nrfx/libmodules__hal_nordic__nrfx.a(nrfx_gpiote.c.obj)
 .text.pin_in_use_by_te.constprop.0
                0x000000000000adcc       0x18 modules/hal_nordic/nrfx/libmodules__hal_nordic__nrfx.a(nrfx_gpiote.c.obj)
 .text.latch_pending_read_and_check
                0x000000000000ade4       0x3c modules/hal_nordic/nrfx/libmodules__hal_nordic__nrfx.a(nrfx_gpiote.c.obj)
 .text.release_handler.isra.0
                0x000000000000ae20       0x58 modules/hal_nordic/nrfx/libmodules__hal_nordic__nrfx.a(nrfx_gpiote.c.obj)
 .text.__nrfy_internal_gpiote_events_process.constprop.0
                0x000000000000ae78       0x5c modules/hal_nordic/nrfx/libmodules__hal_nordic__nrfx.a(nrfx_gpiote.c.obj)
 .text.pin_uninit
                0x000000000000aed4       0x84 modules/hal_nordic/nrfx/libmodules__hal_nordic__nrfx.a(nrfx_gpiote.c.obj)
 .text.nrfx_gpiote_input_configure
                0x000000000000af58      0x178 modules/hal_nordic/nrfx/libmodules__hal_nordic__nrfx.a(nrfx_gpiote.c.obj)
                0x000000000000af58                nrfx_gpiote_input_configure
 .text.nrfx_gpiote_output_configure
                0x000000000000b0d0      0x104 modules/hal_nordic/nrfx/libmodules__hal_nordic__nrfx.a(nrfx_gpiote.c.obj)
                0x000000000000b0d0                nrfx_gpiote_output_configure
 .text.nrfx_gpiote_global_callback_set
                0x000000000000b1d4        0xc modules/hal_nordic/nrfx/libmodules__hal_nordic__nrfx.a(nrfx_gpiote.c.obj)
                0x000000000000b1d4                nrfx_gpiote_global_callback_set
 .text.nrfx_gpiote_channel_get
                0x000000000000b1e0       0x34 modules/hal_nordic/nrfx/libmodules__hal_nordic__nrfx.a(nrfx_gpiote.c.obj)
                0x000000000000b1e0                nrfx_gpiote_channel_get
 .text.nrfx_gpiote_init
                0x000000000000b214       0x64 modules/hal_nordic/nrfx/libmodules__hal_nordic__nrfx.a(nrfx_gpiote.c.obj)
                0x000000000000b214                nrfx_gpiote_init
 .text.nrfx_gpiote_init_check
                0x000000000000b278       0x14 modules/hal_nordic/nrfx/libmodules__hal_nordic__nrfx.a(nrfx_gpiote.c.obj)
                0x000000000000b278                nrfx_gpiote_init_check
 .text.nrfx_gpiote_channel_free
                0x000000000000b28c        0xc modules/hal_nordic/nrfx/libmodules__hal_nordic__nrfx.a(nrfx_gpiote.c.obj)
                0x000000000000b28c                nrfx_gpiote_channel_free
 .text.nrfx_gpiote_channel_alloc
                0x000000000000b298        0xc modules/hal_nordic/nrfx/libmodules__hal_nordic__nrfx.a(nrfx_gpiote.c.obj)
                0x000000000000b298                nrfx_gpiote_channel_alloc
 .text.nrfx_gpiote_trigger_enable
                0x000000000000b2a4       0xac modules/hal_nordic/nrfx/libmodules__hal_nordic__nrfx.a(nrfx_gpiote.c.obj)
                0x000000000000b2a4                nrfx_gpiote_trigger_enable
 .text.nrfx_gpiote_0_irq_handler
                0x000000000000b350      0x1b8 modules/hal_nordic/nrfx/libmodules__hal_nordic__nrfx.a(nrfx_gpiote.c.obj)
                0x000000000000b350                nrfx_gpiote_0_irq_handler
 .text.nrfx_ipc_init
                0x000000000000b508       0x30 modules/hal_nordic/nrfx/libmodules__hal_nordic__nrfx.a(nrfx_ipc.c.obj)
                0x000000000000b508                nrfx_ipc_init
 .text.nrfx_ipc_config_load
                0x000000000000b538       0x40 modules/hal_nordic/nrfx/libmodules__hal_nordic__nrfx.a(nrfx_ipc.c.obj)
                0x000000000000b538                nrfx_ipc_config_load
 .text.nrfx_ipc_receive_event_enable
                0x000000000000b578       0x10 modules/hal_nordic/nrfx/libmodules__hal_nordic__nrfx.a(nrfx_ipc.c.obj)
                0x000000000000b578                nrfx_ipc_receive_event_enable
 .text.nrfx_ipc_receive_event_disable
                0x000000000000b588       0x10 modules/hal_nordic/nrfx/libmodules__hal_nordic__nrfx.a(nrfx_ipc.c.obj)
                0x000000000000b588                nrfx_ipc_receive_event_disable
 .text.nrfx_ipc_irq_handler
                0x000000000000b598       0x40 modules/hal_nordic/nrfx/libmodules__hal_nordic__nrfx.a(nrfx_ipc.c.obj)
                0x000000000000b598                nrfx_ipc_irq_handler
 .text.metal_generic_dev_open
                0x000000000000b5d8       0x40 modules/libmetal/libmetal/lib/libmetal.a(device.c.obj)
                0x000000000000b5d8                metal_generic_dev_open
 .text.metal_bus_unregister
                0x000000000000b618       0x3c modules/libmetal/libmetal/lib/libmetal.a(device.c.obj)
                0x000000000000b618                metal_bus_unregister
 .text.metal_bus_find
                0x000000000000b654       0x3c modules/libmetal/libmetal/lib/libmetal.a(device.c.obj)
                0x000000000000b654                metal_bus_find
 .text.metal_bus_register
                0x000000000000b690       0x5c modules/libmetal/libmetal/lib/libmetal.a(device.c.obj)
                0x000000000000b690                metal_bus_register
 .text.metal_register_generic_device
                0x000000000000b6ec       0x3c modules/libmetal/libmetal/lib/libmetal.a(device.c.obj)
                0x000000000000b6ec                metal_register_generic_device
 .text.metal_init
                0x000000000000b728       0x4c modules/libmetal/libmetal/lib/libmetal.a(init.c.obj)
                0x000000000000b728                metal_init
 .text.metal_finish
                0x000000000000b774       0x24 modules/libmetal/libmetal/lib/libmetal.a(init.c.obj)
                0x000000000000b774                metal_finish
 .text.metal_sys_init
                0x000000000000b798       0x10 modules/libmetal/libmetal/lib/libmetal.a(init.c.obj)
                0x000000000000b798                metal_sys_init
 .text.metal_sys_finish
                0x000000000000b7a8        0xc modules/libmetal/libmetal/lib/libmetal.a(init.c.obj)
                0x000000000000b7a8                metal_sys_finish
 .text.metal_zephyr_log_handler
                0x000000000000b7b4       0x3c modules/libmetal/libmetal/lib/libmetal.a(log.c.obj)
                0x000000000000b7b4                metal_zephyr_log_handler
 .text.virtio_create_virtqueues
                0x000000000000b7f0       0xbc modules/open-amp/open-amp/lib/libopen_amp.a(virtio.c.obj)
                0x000000000000b7f0                virtio_create_virtqueues
 .text.virtqueue_free
                0x000000000000b8ac       0x38 modules/open-amp/open-amp/lib/libopen_amp.a(virtqueue.c.obj)
                0x000000000000b8ac                virtqueue_free
 .text.virtqueue_add_consumed_buffer
                0x000000000000b8e4       0x38 modules/open-amp/open-amp/lib/libopen_amp.a(virtqueue.c.obj)
                0x000000000000b8e4                virtqueue_add_consumed_buffer
 .text.rpmsg_send_offchannel_raw
                0x000000000000b91c       0x2c modules/open-amp/open-amp/lib/libopen_amp.a(rpmsg.c.obj)
                0x000000000000b91c                rpmsg_send_offchannel_raw
 .text.rpmsg_send_offchannel_nocopy
                0x000000000000b948       0x2c modules/open-amp/open-amp/lib/libopen_amp.a(rpmsg.c.obj)
                0x000000000000b948                rpmsg_send_offchannel_nocopy
 .text.rpmsg_register_endpoint
                0x000000000000b974       0x40 modules/open-amp/open-amp/lib/libopen_amp.a(rpmsg.c.obj)
                0x000000000000b974                rpmsg_register_endpoint
 .text.rpmsg_create_ept
                0x000000000000b9b4      0x104 modules/open-amp/open-amp/lib/libopen_amp.a(rpmsg.c.obj)
                0x000000000000b9b4                rpmsg_create_ept
 .text.rpmsg_virtio_send_offchannel_raw
                0x000000000000bab8       0x5c modules/open-amp/open-amp/lib/libopen_amp.a(rpmsg_virtio.c.obj)
 .text.rpmsg_virtio_get_buffer_size
                0x000000000000bb14       0x4c modules/open-amp/open-amp/lib/libopen_amp.a(rpmsg_virtio.c.obj)
                0x000000000000bb14                rpmsg_virtio_get_buffer_size
 .text.rpmsg_init_vdev_with_config
                0x000000000000bb60      0x258 modules/open-amp/open-amp/lib/libopen_amp.a(rpmsg_virtio.c.obj)
                0x000000000000bb60                rpmsg_init_vdev_with_config
 .text.rpmsg_init_vdev
                0x000000000000bdb8       0x2c modules/open-amp/open-amp/lib/libopen_amp.a(rpmsg_virtio.c.obj)
                0x000000000000bdb8                rpmsg_init_vdev
 .text.k_sys_fatal_error_handler
                0x000000000000bde4       0x20 zephyr/kernel/libkernel.a(fatal.c.obj)
                0x000000000000bde4                k_sys_fatal_error_handler
 .text.z_fatal_error
                0x000000000000be04       0xe8 zephyr/kernel/libkernel.a(fatal.c.obj)
                0x000000000000be04                z_fatal_error
 .text.z_sys_init_run_level
                0x000000000000beec       0x2c zephyr/kernel/libkernel.a(init.c.obj)
 .text.bg_thread_main
                0x000000000000bf18       0xc0 zephyr/kernel/libkernel.a(init.c.obj)
 .text.z_bss_zero
                0x000000000000bfd8       0x18 zephyr/kernel/libkernel.a(init.c.obj)
                0x000000000000bfd8                z_bss_zero
 .text.z_init_cpu
                0x000000000000bff0       0x68 zephyr/kernel/libkernel.a(init.c.obj)
                0x000000000000bff0                z_init_cpu
 .text.z_cstart
                0x000000000000c058       0xe4 zephyr/kernel/libkernel.a(init.c.obj)
                0x000000000000c058                z_cstart
 .text.statics_init
                0x000000000000c13c       0x24 zephyr/kernel/libkernel.a(kheap.c.obj)
 .text.init_mem_slab_obj_core_list
                0x000000000000c160       0x24 zephyr/kernel/libkernel.a(mem_slab.c.obj)
 .text.k_mem_slab_alloc
                0x000000000000c184       0x5c zephyr/kernel/libkernel.a(mem_slab.c.obj)
                0x000000000000c184                k_mem_slab_alloc
 .text.z_impl_k_mutex_lock
                0x000000000000c1e0       0xf0 zephyr/kernel/libkernel.a(mutex.c.obj)
                0x000000000000c1e0                z_impl_k_mutex_lock
 .text.z_impl_k_mutex_unlock
                0x000000000000c2d0       0x78 zephyr/kernel/libkernel.a(mutex.c.obj)
                0x000000000000c2d0                z_impl_k_mutex_unlock
 .text.z_impl_k_queue_get
                0x000000000000c348       0x64 zephyr/kernel/libkernel.a(queue.c.obj)
                0x000000000000c348                z_impl_k_queue_get
 .text.z_impl_k_sem_give
                0x000000000000c3ac       0x48 zephyr/kernel/libkernel.a(sem.c.obj)
                0x000000000000c3ac                z_impl_k_sem_give
 .text.z_impl_k_sem_take
                0x000000000000c3f4       0x4c zephyr/kernel/libkernel.a(sem.c.obj)
                0x000000000000c3f4                z_impl_k_sem_take
 .text.k_sys_work_q_init
                0x000000000000c440       0x34 zephyr/kernel/libkernel.a(system_work_q.c.obj)
 .text.work_queue_main
                0x000000000000c474      0x144 zephyr/kernel/libkernel.a(work.c.obj)
 .text.cancel_sync_locked
                0x000000000000c5b8       0x3c zephyr/kernel/libkernel.a(work.c.obj)
 .text.submit_to_queue_locked
                0x000000000000c5f4       0xb4 zephyr/kernel/libkernel.a(work.c.obj)
 .text.work_flush_locked
                0x000000000000c6a8       0x8c zephyr/kernel/libkernel.a(work.c.obj)
 .text.k_work_submit
                0x000000000000c734        0xc zephyr/kernel/libkernel.a(work.c.obj)
                0x000000000000c734                k_work_submit
 .text.k_work_queue_start
                0x000000000000c740       0x7c zephyr/kernel/libkernel.a(work.c.obj)
                0x000000000000c740                k_work_queue_start
 .text.k_work_queue_drain
                0x000000000000c7bc       0x78 zephyr/kernel/libkernel.a(work.c.obj)
                0x000000000000c7bc                k_work_queue_drain
 .text.k_work_schedule_for_queue
                0x000000000000c834       0x54 zephyr/kernel/libkernel.a(work.c.obj)
                0x000000000000c834                k_work_schedule_for_queue
 .text.k_work_schedule
                0x000000000000c888        0xc zephyr/kernel/libkernel.a(work.c.obj)
                0x000000000000c888                k_work_schedule
 .text.k_work_reschedule_for_queue
                0x000000000000c894       0x5c zephyr/kernel/libkernel.a(work.c.obj)
                0x000000000000c894                k_work_reschedule_for_queue
 .text.k_work_reschedule
                0x000000000000c8f0        0xc zephyr/kernel/libkernel.a(work.c.obj)
                0x000000000000c8f0                k_work_reschedule
 .text.z_setup_new_thread
                0x000000000000c8fc       0x7c zephyr/kernel/libkernel.a(thread.c.obj)
                0x000000000000c8fc                z_setup_new_thread
 .text.z_impl_k_thread_create
                0x000000000000c978       0x58 zephyr/kernel/libkernel.a(thread.c.obj)
                0x000000000000c978                z_impl_k_thread_create
 .text.update_cache
                0x000000000000c9d0       0x3c zephyr/kernel/libkernel.a(sched.c.obj)
 .text.unready_thread
                0x000000000000ca0c       0x30 zephyr/kernel/libkernel.a(sched.c.obj)
 .text.ready_thread
                0x000000000000ca3c       0x68 zephyr/kernel/libkernel.a(sched.c.obj)
 .text.z_thread_halt
                0x000000000000caa4       0xdc zephyr/kernel/libkernel.a(sched.c.obj)
 .text.move_thread_to_end_of_prio_q
                0x000000000000cb80       0x74 zephyr/kernel/libkernel.a(sched.c.obj)
                0x000000000000cb80                move_thread_to_end_of_prio_q
 .text.z_pend_curr
                0x000000000000cbf4       0x58 zephyr/kernel/libkernel.a(sched.c.obj)
                0x000000000000cbf4                z_pend_curr
 .text.z_thread_prio_set
                0x000000000000cc4c       0x88 zephyr/kernel/libkernel.a(sched.c.obj)
                0x000000000000cc4c                z_thread_prio_set
 .text.z_reschedule
                0x000000000000ccd4       0x24 zephyr/kernel/libkernel.a(sched.c.obj)
                0x000000000000ccd4                z_reschedule
 .text.z_sched_start
                0x000000000000ccf8       0x3c zephyr/kernel/libkernel.a(sched.c.obj)
                0x000000000000ccf8                z_sched_start
 .text.z_reschedule_irqlock
                0x000000000000cd34       0x28 zephyr/kernel/libkernel.a(sched.c.obj)
                0x000000000000cd34                z_reschedule_irqlock
 .text.k_sched_lock
                0x000000000000cd5c       0x28 zephyr/kernel/libkernel.a(sched.c.obj)
                0x000000000000cd5c                k_sched_lock
 .text.k_sched_unlock
                0x000000000000cd84       0x40 zephyr/kernel/libkernel.a(sched.c.obj)
                0x000000000000cd84                k_sched_unlock
 .text.z_sched_init
                0x000000000000cdc4       0x10 zephyr/kernel/libkernel.a(sched.c.obj)
                0x000000000000cdc4                z_sched_init
 .text.z_impl_k_yield
                0x000000000000cdd4       0x7c zephyr/kernel/libkernel.a(sched.c.obj)
                0x000000000000cdd4                z_impl_k_yield
 .text.z_tick_sleep
                0x000000000000ce50       0x88 zephyr/kernel/libkernel.a(sched.c.obj)
 .text.z_impl_k_sleep
                0x000000000000ced8       0x3c zephyr/kernel/libkernel.a(sched.c.obj)
                0x000000000000ced8                z_impl_k_sleep
 .text.z_impl_k_sched_current_thread_query
                0x000000000000cf14        0xc zephyr/kernel/libkernel.a(sched.c.obj)
                0x000000000000cf14                z_impl_k_sched_current_thread_query
 .text.z_sched_wait
                0x000000000000cf20       0x24 zephyr/kernel/libkernel.a(sched.c.obj)
                0x000000000000cf20                z_sched_wait
 .text.slice_timeout
                0x000000000000cf44       0x20 zephyr/kernel/libkernel.a(timeslicing.c.obj)
 .text.thread_is_sliceable
                0x000000000000cf64       0x3c zephyr/kernel/libkernel.a(timeslicing.c.obj)
                0x000000000000cf64                thread_is_sliceable
 .text.z_reset_time_slice
                0x000000000000cfa0       0x50 zephyr/kernel/libkernel.a(timeslicing.c.obj)
                0x000000000000cfa0                z_reset_time_slice
 .text.z_time_slice
                0x000000000000cff0       0x60 zephyr/kernel/libkernel.a(timeslicing.c.obj)
                0x000000000000cff0                z_time_slice
 .text.z_data_copy
                0x000000000000d050       0x34 zephyr/kernel/libkernel.a(xip.c.obj)
                0x000000000000d050                z_data_copy
 .text.elapsed  0x000000000000d084       0x14 zephyr/kernel/libkernel.a(timeout.c.obj)
 .text.remove_timeout
                0x000000000000d098       0x38 zephyr/kernel/libkernel.a(timeout.c.obj)
 .text.next_timeout
                0x000000000000d0d0       0x40 zephyr/kernel/libkernel.a(timeout.c.obj)
 .text.z_add_timeout
                0x000000000000d110       0xf4 zephyr/kernel/libkernel.a(timeout.c.obj)
                0x000000000000d110                z_add_timeout
 .text.sys_clock_announce
                0x000000000000d204       0xd0 zephyr/kernel/libkernel.a(timeout.c.obj)
                0x000000000000d204                sys_clock_announce
 .text.sys_clock_tick_get
                0x000000000000d2d4       0x30 zephyr/kernel/libkernel.a(timeout.c.obj)
                0x000000000000d2d4                sys_clock_tick_get
 .text.z_timer_expiration_handler
                0x000000000000d304       0xe0 zephyr/kernel/libkernel.a(timer.c.obj)
                0x000000000000d304                z_timer_expiration_handler
 .text.z_impl_k_timer_start
                0x000000000000d3e4       0x74 zephyr/kernel/libkernel.a(timer.c.obj)
                0x000000000000d3e4                z_impl_k_timer_start
 .text.z_impl_k_poll
                0x000000000000d458       0xb0 zephyr/kernel/libkernel.a(poll.c.obj)
                0x000000000000d458                z_impl_k_poll
 .text.z_impl_k_poll_signal_raise
                0x000000000000d508       0x50 zephyr/kernel/libkernel.a(poll.c.obj)
                0x000000000000d508                z_impl_k_poll_signal_raise
 .text.k_aligned_alloc
                0x000000000000d558       0x10 zephyr/kernel/libkernel.a(mempool.c.obj)
                0x000000000000d558                k_aligned_alloc
 .text.k_thread_system_pool_assign
                0x000000000000d568        0xc zephyr/kernel/libkernel.a(mempool.c.obj)
                0x000000000000d568                k_thread_system_pool_assign
 .text.z_thread_aligned_alloc
                0x000000000000d574       0x30 zephyr/kernel/libkernel.a(mempool.c.obj)
                0x000000000000d574                z_thread_aligned_alloc
 .text.nrf_cc3xx_platform_init_no_rng
                0x000000000000d5a4       0x38 C:/ncs/v2.7.0/nrfxlib/crypto/nrf_cc312_platform/lib/cortex-m33/soft-float/no-interrupts/libnrf_cc312_platform_0.9.19.a(nrf_cc3xx_platform.c.obj)
                0x000000000000d5a4                nrf_cc3xx_platform_init_no_rng
 .text.nrf_cc3xx_platform_abort
                0x000000000000d5dc       0x24 C:/ncs/v2.7.0/nrfxlib/crypto/nrf_cc312_platform/lib/cortex-m33/soft-float/no-interrupts/libnrf_cc312_platform_0.9.19.a(nrf_cc3xx_platform_abort.c.obj)
 .text.CC_PalAbort
                0x000000000000d600       0x44 C:/ncs/v2.7.0/nrfxlib/crypto/nrf_cc312_platform/lib/cortex-m33/soft-float/no-interrupts/libnrf_cc312_platform_0.9.19.a(nrf_cc3xx_platform_abort.c.obj)
                0x000000000000d600                CC_PalAbort
 .text.nrf_cc3xx_platform_set_abort
                0x000000000000d644       0x10 C:/ncs/v2.7.0/nrfxlib/crypto/nrf_cc312_platform/lib/cortex-m33/soft-float/no-interrupts/libnrf_cc312_platform_0.9.19.a(nrf_cc3xx_platform_abort.c.obj)
                0x000000000000d644                nrf_cc3xx_platform_set_abort
 .text.mutex_free
                0x000000000000d654       0x34 C:/ncs/v2.7.0/nrfxlib/crypto/nrf_cc312_platform/lib/cortex-m33/soft-float/no-interrupts/libnrf_cc312_platform_0.9.19.a(nrf_cc3xx_platform_mutex.c.obj)
 .text.mutex_lock
                0x000000000000d688       0x48 C:/ncs/v2.7.0/nrfxlib/crypto/nrf_cc312_platform/lib/cortex-m33/soft-float/no-interrupts/libnrf_cc312_platform_0.9.19.a(nrf_cc3xx_platform_mutex.c.obj)
 .text.mutex_unlock
                0x000000000000d6d0       0x38 C:/ncs/v2.7.0/nrfxlib/crypto/nrf_cc312_platform/lib/cortex-m33/soft-float/no-interrupts/libnrf_cc312_platform_0.9.19.a(nrf_cc3xx_platform_mutex.c.obj)
 .text.mutex_init
                0x000000000000d708       0x20 C:/ncs/v2.7.0/nrfxlib/crypto/nrf_cc312_platform/lib/cortex-m33/soft-float/no-interrupts/libnrf_cc312_platform_0.9.19.a(nrf_cc3xx_platform_mutex.c.obj)
 .text.nrf_cc3xx_platform_set_mutexes
                0x000000000000d728       0x78 C:/ncs/v2.7.0/nrfxlib/crypto/nrf_cc312_platform/lib/cortex-m33/soft-float/no-interrupts/libnrf_cc312_platform_0.9.19.a(nrf_cc3xx_platform_mutex.c.obj)
                0x000000000000d728                nrf_cc3xx_platform_set_mutexes
 .text.CC_LibInitNoRng
                0x000000000000d7a0       0x28 C:/ncs/v2.7.0/nrfxlib/crypto/nrf_cc312_platform/lib/cortex-m33/soft-float/no-interrupts/libnrf_cc312_platform_0.9.19.a(cc_lib.c.obj)
                0x000000000000d7a0                CC_LibInitNoRng
 .text.CC_HalInit
                0x000000000000d7c8        0x4 C:/ncs/v2.7.0/nrfxlib/crypto/nrf_cc312_platform/lib/cortex-m33/soft-float/no-interrupts/libnrf_cc312_platform_0.9.19.a(cc_hal.c.obj)
                0x000000000000d7c8                CC_HalInit
 .text.CC_PalInit
                0x000000000000d7cc       0x5c C:/ncs/v2.7.0/nrfxlib/crypto/nrf_cc312_platform/lib/cortex-m33/soft-float/no-interrupts/libnrf_cc312_platform_0.9.19.a(cc_pal.c.obj)
                0x000000000000d7cc                CC_PalInit
 .text.CC_PalTerminate
                0x000000000000d828       0x34 C:/ncs/v2.7.0/nrfxlib/crypto/nrf_cc312_platform/lib/cortex-m33/soft-float/no-interrupts/libnrf_cc312_platform_0.9.19.a(cc_pal.c.obj)
                0x000000000000d828                CC_PalTerminate
 .text.CC_PalDmaInit
                0x000000000000d85c        0x4 C:/ncs/v2.7.0/nrfxlib/crypto/nrf_cc312_platform/lib/cortex-m33/soft-float/no-interrupts/libnrf_cc312_platform_0.9.19.a(cc_pal_dma.c.obj)
                0x000000000000d85c                CC_PalDmaInit
 .text.CC_PalDmaTerminate
                0x000000000000d860        0x4 C:/ncs/v2.7.0/nrfxlib/crypto/nrf_cc312_platform/lib/cortex-m33/soft-float/no-interrupts/libnrf_cc312_platform_0.9.19.a(cc_pal_dma.c.obj)
                0x000000000000d860                CC_PalDmaTerminate
 .text.CC_PalMutexCreate
                0x000000000000d864       0x14 C:/ncs/v2.7.0/nrfxlib/crypto/nrf_cc312_platform/lib/cortex-m33/soft-float/no-interrupts/libnrf_cc312_platform_0.9.19.a(cc_pal_mutex.c.obj)
                0x000000000000d864                CC_PalMutexCreate
 .text.CC_PalMutexDestroy
                0x000000000000d878       0x14 C:/ncs/v2.7.0/nrfxlib/crypto/nrf_cc312_platform/lib/cortex-m33/soft-float/no-interrupts/libnrf_cc312_platform_0.9.19.a(cc_pal_mutex.c.obj)
                0x000000000000d878                CC_PalMutexDestroy
 .text.CC_PalPowerSaveModeInit
                0x000000000000d88c       0x3c C:/ncs/v2.7.0/nrfxlib/crypto/nrf_cc312_platform/lib/cortex-m33/soft-float/no-interrupts/libnrf_cc312_platform_0.9.19.a(cc_pal_pm.c.obj)
                0x000000000000d88c                CC_PalPowerSaveModeInit
 .text.snprintf
                0x000000000000d8c8       0x58 c:\ncs\toolchains\ce3b5ff664\opt\zephyr-sdk\arm-zephyr-eabi\bin\../lib/gcc/../../picolibc/arm-zephyr-eabi/lib/thumb/v8-m.main/nofp\libc.a(libc_tinystdio_snprintf.c.o)
                0x000000000000d8c8                snprintf
 .text.__l_vfprintf
                0x000000000000d920      0x4b4 c:\ncs\toolchains\ce3b5ff664\opt\zephyr-sdk\arm-zephyr-eabi\bin\../lib/gcc/../../picolibc/arm-zephyr-eabi/lib/thumb/v8-m.main/nofp\libc.a(libc_tinystdio_vflprintf.c.o)
                0x000000000000d920                __l_vfprintf
 .text._OffsetAbsSyms
                0x000000000000ddd4        0x2 zephyr/CMakeFiles/offsets.dir/./arch/arm/core/offsets/offsets.c.obj
                0x000000000000ddd4                _OffsetAbsSyms
 .text.app_led_cb
                0x000000000000ddd6        0x8 app/libapp.a(main.c.obj)
 .text.k_sleep.isra.0
                0x000000000000ddde        0x4 app/libapp.a(main.c.obj)
 .text.indicate_cb
                0x000000000000dde2        0x2 app/libapp.a(my_lbs.c.obj)
 .text.chunk_field
                0x000000000000dde4       0x16 zephyr/libzephyr.a(heap.c.obj)
 .text.chunk_set
                0x000000000000ddfa       0x16 zephyr/libzephyr.a(heap.c.obj)
 .text.chunk_size
                0x000000000000de10        0xc zephyr/libzephyr.a(heap.c.obj)
 .text.set_chunk_used
                0x000000000000de1c       0x30 zephyr/libzephyr.a(heap.c.obj)
 .text.set_chunk_size
                0x000000000000de4c        0x8 zephyr/libzephyr.a(heap.c.obj)
 .text.mem_to_chunkid
                0x000000000000de54       0x14 zephyr/libzephyr.a(heap.c.obj)
 .text.bucket_idx.isra.0
                0x000000000000de68       0x1c zephyr/libzephyr.a(heap.c.obj)
 .text.free_list_remove_bidx